
=== JavaScript構文検証 ===
JS syntax check passed (46 files).

=== 生成物の再現性検証 ===
Synchronized dates and asset versions (v=20260731_2149a) in index.html
[build-html] synchronized editorial structure: 9
Generated /home/runner/work/PlayPoint/PlayPoint/en/index.html successfully.
Generated /home/runner/work/PlayPoint/PlayPoint/ko/index.html successfully.
Generated /home/runner/work/PlayPoint/PlayPoint/tw/index.html successfully.
Successfully synchronized sw.js cache. CACHE_NAME=playpoint-calc-v20260731_2149-b6e3678f
Successfully synchronized consent.js version in third-party.js to v=55813d3bcb
Generated international SEO pages (57 files).
Successfully synchronized asset versions and dates in about-playpoints.html
Successfully synchronized asset versions and dates in info.html
Successfully synchronized asset versions and dates in changelog.html
Successfully synchronized asset versions and dates in attention.html
Successfully synchronized asset versions and dates in privacy.html
Successfully synchronized asset versions and dates in terms.html
Successfully synchronized asset versions and dates in sitemap.html
Successfully synchronized asset versions and dates in embed.html
Successfully synchronized asset versions and dates in latest/index.html
Successfully synchronized asset versions and dates in status/diamond/index.html
Successfully synchronized asset versions and dates in status/platinum/index.html
Successfully synchronized asset versions and dates in status/gold/index.html
Successfully synchronized asset versions and dates in status/silver/index.html
Successfully synchronized asset versions and dates in maintenance/platinum/index.html
Successfully synchronized asset versions and dates in maintenance/diamond/index.html
Successfully synchronized asset versions and dates in campaign/2x/index.html
Successfully synchronized asset versions and dates in campaign/3x/index.html
Successfully synchronized asset versions and dates in campaign/wait/index.html
Successfully synchronized asset versions and dates in amount/10000/index.html
Successfully synchronized asset versions and dates in compare/earning-rates/index.html
Successfully synchronized asset versions and dates in en/articles/2026-06-20-discount-gift-cards.html
Successfully synchronized asset versions and dates in ko/articles/2026-06-20-discount-gift-cards.html
Successfully synchronized asset versions and dates in tw/articles/2026-06-20-discount-gift-cards.html
[public-assets] synchronized content hashes: 28 files
Updated sitemap.xml and blog/sitemap.xml with current article dates (29 articles).
Generated blog feeds (29 articles).
[blog-index] synchronized static article titles: 0
[build-html] stripped external Google Fonts: 0
[build-html] sanitized internal attribution links: 0
Committed build output is reproducible (date=2026-07-31, version=20260731_2149).

=== 公開必須ファイル検証 ===
公開必須ファイルが揃っています。

=== Service Worker先読み対象検証 ===
Service Worker先読み対象が揃っています（38件）。

=== 公開記事の3クリック以内検証 ===
公開記事のクリック深度: 95件、最大3クリック

=== 全回帰テスト ===
TAP version 13
# Subtest: the complete published article corpus keeps structural quality signals
not ok 1 - the complete published article corpus keeps structural quality signals
  ---
  duration_ms: 18.369588
  type: 'test'
  location: '/home/runner/work/PlayPoint/PlayPoint/tests/all-article-quality-audit.test.cjs:46:1'
  failureType: 'testCodeFailure'
  error: 'en/articles/2026-06-20-discount-gift-cards.html: curated related links or dynamic previous/next navigation is missing'
  code: 'ERR_ASSERTION'
  name: 'AssertionError'
  expected:
  actual: |-
    <!doctype html>
    <html lang="en">
    <head>
        <meta charset="utf-8" />
        <meta name="viewport" content="width=device-width, initial-scale=1" />
        <link rel="icon" href="../../favicon.svg" type="image/svg+xml" />
        <title>Google Play Gift Card discounts: checks before buying</title>
        <meta name="description" content="Compare Google Play gift card offers by effective cost, authorized seller, country, currency, limits, and Play Points eligibility before you buy." />
        <link rel="canonical" href="https://playpoint-sim.com/en/articles/2026-06-20-discount-gift-cards.html" />
        <link rel="alternate" hreflang="ja" href="https://playpoint-sim.com/articles/2026-06-20-discount-gift-cards.html" />
        <link rel="alternate" hreflang="en" href="https://playpoint-sim.com/en/articles/2026-06-20-discount-gift-cards.html" />
        <link rel="alternate" hreflang="ko" href="https://playpoint-sim.com/ko/articles/2026-06-20-discount-gift-cards.html" />
        <link rel="alternate" hreflang="zh-TW" href="https://playpoint-sim.com/tw/articles/2026-06-20-discount-gift-cards.html" />
        <link rel="alternate" hreflang="x-default" href="https://playpoint-sim.com/en/articles/2026-06-20-discount-gift-cards.html" />
        <meta name="author" content="Katakata" />
        <meta name="article:category" content="Guide" />
        <meta property="article:published_time" content="2026-06-20T00:00:00+09:00" />
        <meta property="article:modified_time" content="2026-07-25T00:00:00+09:00" />
        <meta property="og:type" content="article" />
        <meta property="og:title" content="Google Play Gift Card discounts: what to verify before buying" />
        <meta property="og:description" content="Compare Google Play gift card offers by effective cost, authorized seller, country, currency, limits, and Play Points eligibility before you buy." />
        <meta property="og:url" content="https://playpoint-sim.com/en/articles/2026-06-20-discount-gift-cards.html" />
        <meta property="og:image" content="https://playpoint-sim.com/articles/ogp/discount-gift-cards.png" />
        <meta property="og:site_name" content="Play Points Calculator" />
        <meta name="twitter:card" content="summary_large_image" />
        <script type="application/ld+json">
    {
      "@context": "https://schema.org",
      "@type": "Article",
      "mainEntityOfPage": {
        "@type": "WebPage",
        "@id": "https://playpoint-sim.com/en/articles/2026-06-20-discount-gift-cards.html"
      },
      "headline": "Google Play Gift Card discounts: what to verify before buying",
      "description": "Compare Google Play gift card offers by effective cost, authorized seller, country, currency, limits, and Play Points eligibility before you buy.",
      "inLanguage": "en",
      "datePublished": "2026-06-20",
      "dateModified": "2026-07-25",
      "image": "https://playpoint-sim.com/articles/ogp/discount-gift-cards.png",
      "author": {
        "@type": "Person",
        "name": "Katakata",
        "url": "https://playpoint-sim.com/author/katakata.html"
      },
      "publisher": {
        "@type": "Organization",
        "name": "Play Points Calculator",
        "url": "https://playpoint-sim.com/",
        "logo": {
          "@type": "ImageObject",
          "url": "https://playpoint-sim.com/favicon.svg"
        }
      }
    }
        </script><link rel="stylesheet" href="/articles/article-gift-card.css?v=9f67562f29" />
        <link rel="stylesheet" href="../../articles/article-shared.css?v=309339d951" />
    </head>
    <body>
        <main class="main-card">
            <div class="hero">
                <span class="hero-badge">Purchase checklist</span>
                <h1>Google Play Gift Card discounts: what to verify before buying</h1>
                <p class="hero-meta">Updated: 2026/07/25 · 6 min read</p>
            </div>
    
            <article class="content">
                <div class="intro">
                    <strong>Start with the effective amount you will actually pay.</strong> A gift card offer is useful only when it matches the account country and currency, comes from an authorized seller, and does not require extra spending you did not plan.
                </div>
                <section class="section">
                    <h2>1. Compare effective cost, not the headline rate</h2>
                    <p>Subtract only rewards you can realistically use, then include minimum spend, caps, fees, expiration dates, and excluded payment methods. Do not treat an old promotion or an unconfirmed cashback rate as an ongoing discount.</p>
                </section>
                <section class="section">
                    <h2>2. Check seller, country, and currency first</h2>
                    <p>Google says gift cards should be purchased from authorized retail partners. The country and currency of the gift card must match the country and currency registered to the Google Play account. A low price is not useful if the code cannot be redeemed.</p>
                    <p><a href="https://support.google.com/googleplay/answer/3422734?hl=en" target="_blank" rel="noopener">Google Play Help: where to buy gift cards and country restrictions</a></p>
                </section>
                <section class="section">
                    <h2>3. Separate buying a card from earning Play Points</h2>
                    <p>Buying or redeeming a gift card is not, by itself, a normal Play Points-earning purchase. After joining Play Points, eligible Google Play purchases made with the enrolled account can earn points; eligible categories and rates vary by country.</p>
                    <p><a href="https://support.google.com/googleplay/answer/9077192?co=GENIE.CountryCode%3DUS&amp;hl=en" target="_blank" rel="noopener">Google Play Help: earn and track Play Points</a></p>
                </section>
                <section class="section">
                    <h2>4. Verify the live offer before paying</h2>
                    <ul>
                        <li>Confirm the exact product, seller, payment method, period, and reward cap.</li>
                        <li>Check whether gift cards or digital codes are excluded from coupons or card rewards.</li>
                        <li>Save the offer terms and receipt until the reward is credited.</li>
                        <li>Buy only the amount you expect to use; Play balance is generally not transferable.</li>
                    </ul>
                </section>
                <section class="section">
                    <h2>5. Avoid unofficial codes and payment requests</h2>
                    <p>Do not share a code with someone asking for payment by gift card. If a listing is not an authorized route or its country is unclear, choose a verifiable seller even when the advertised price is lower.</p>
                </section>
                <section class="section">
                    <h2>Frequently asked questions</h2>
                    <h3>Does the highest advertised discount always save the most?</h3>
                    <p>No. Compare the final amount paid after caps, fees, exclusions, expiration, and any extra required purchase.</p>
                    <h3>Do I earn Play Points when I redeem a gift card?</h3>
                    <p>Redeeming the card alone is not a normal points-earning purchase. Eligible purchases made after joining Play Points can earn points under the account's regional rules.</p>
                    <h3>Can I move unused balance to another account?</h3>
                    <p>Google Play balance is generally not transferable, so confirm the account, country, currency, and amount before buying.</p>
                </section>
                <div class="cta-box">
                    <h3>Estimate the gap to your next level</h3>
                    <p>Use the calculator with your current annual progress and the earning rate shown in your Play Points screen.</p>
                    <a class="cta-btn" href="../../en/">Open calculator ➔</a>
                </div>
            </article>
    
            <aside class="author-box author-box--outer" aria-label="Article author">
                <p><strong><a href="../../author/katakata.html" rel="author">Katakata</a> — Play Points Calculator editor</strong></p>
                <p class="small">This guide uses Google Play Help as its baseline and avoids presenting temporary retailer offers as permanent facts.</p>
            </aside>
            <footer class="article-footer">
                <p>📚 <a href="../../en/articles/">Article list</a> ｜ 🔢 <a href="../../en/">Calculator</a></p>
                <p class="small article-note-spacing">Promotion terms can change. Confirm the seller's current terms and Google Play Help before paying.</p>
            </footer>
        </main>
    <script type="application/ld+json">
    {
      "@context": "https://schema.org",
      "@type": "FAQPage",
      "mainEntity": [
        {
          "@type": "Question",
          "name": "Does the highest advertised discount always save the most?",
          "acceptedAnswer": {
            "@type": "Answer",
            "text": "No. Compare the final amount paid after caps, fees, exclusions, expiration, and any extra required purchase."
          }
        },
        {
          "@type": "Question",
          "name": "Do I earn Play Points when I redeem a gift card?",
          "acceptedAnswer": {
            "@type": "Answer",
            "text": "Redeeming the card alone is not a normal points-earning purchase. Eligible purchases made after joining Play Points can earn points under the account's regional rules."
          }
        },
        {
          "@type": "Question",
          "name": "Can I move unused balance to another account?",
          "acceptedAnswer": {
            "@type": "Answer",
            "text": "Google Play balance is generally not transferable, so confirm the account, country, currency, and amount before buying."
          }
        }
      ]
    }
    </script>
    </body>
    </html>
    
  operator: 'match'
  stack: |-
    TestContext.<anonymous> (/home/runner/work/PlayPoint/PlayPoint/tests/all-article-quality-audit.test.cjs:71:12)
    Test.runInAsyncScope (node:async_hooks:214:14)
    Test.run (node:internal/test_runner/test:1047:25)
    Test.start (node:internal/test_runner/test:944:17)
    startSubtestAfterBootstrap (node:internal/test_runner/harness:296:17)
  ...
# Subtest: article hreflang links are reciprocal and use the Taiwan locale code
ok 2 - article hreflang links are reciprocal and use the Taiwan locale code
  ---
  duration_ms: 33.924159
  type: 'test'
  ...
# Subtest: rewritten gift-card guides contain verifiable checks, not permanent discount claims
ok 3 - rewritten gift-card guides contain verifiable checks, not permanent discount claims
  ---
  duration_ms: 0.965403
  type: 'test'
  ...
# Subtest: known overstatements do not return to published copy
ok 4 - known overstatements do not return to published copy
  ---
  duration_ms: 10.686517
  type: 'test'
  ...
# Subtest: 通常のウィークリーリワードと例外的な週次特典を区別して案内する
ok 5 - 通常のウィークリーリワードと例外的な週次特典を区別して案内する
  ---
  duration_ms: 1.533181
  type: 'test'
  ...
# Subtest: 入門記事の獲得対象は現在の日本向け公式案内に合わせる
ok 6 - 入門記事の獲得対象は現在の日本向け公式案内に合わせる
  ---
  duration_ms: 0.494889
  type: 'test'
  ...
# Subtest: 週次特典を使う補足記事にもシルバー以上の条件を明記する
ok 7 - 週次特典を使う補足記事にもシルバー以上の条件を明記する
  ---
  duration_ms: 0.551905
  type: 'test'
  ...
# Subtest: ゲーム以外の記事は終了・未確認サービスを獲得対象と断定しない
ok 8 - ゲーム以外の記事は終了・未確認サービスを獲得対象と断定しない
  ---
  duration_ms: 1.319021
  type: 'test'
  ...
# Subtest: サブスク記事は現行の公式確認項目だけを例示する
ok 9 - サブスク記事は現行の公式確認項目だけを例示する
  ---
  duration_ms: 0.558345
  type: 'test'
  ...
# Subtest: ダイヤモンド記事は未公表の週次上限を事実扱いしない
ok 10 - ダイヤモンド記事は未公表の週次上限を事実扱いしない
  ---
  duration_ms: 0.362021
  type: 'test'
  ...
# Subtest: 反映時間は公式案内にない時間幅を断定しない
ok 11 - 反映時間は公式案内にない時間幅を断定しない
  ---
  duration_ms: 0.428891
  type: 'test'
  ...
# Subtest: 終了済みの2025年末から2026年正月予測には履歴記事の明示がある
ok 12 - 終了済みの2025年末から2026年正月予測には履歴記事の明示がある
  ---
  duration_ms: 0.363262
  type: 'test'
  ...
# Subtest: static blog article links follow article registry titles and remain idempotent
ok 13 - static blog article links follow article registry titles and remain idempotent
  ---
  duration_ms: 3.674861
  type: 'test'
  ...
# Subtest: 地域別の公式レート・年間しきい値・通貨単位を固定する
ok 14 - 地域別の公式レート・年間しきい値・通貨単位を固定する
  ---
  duration_ms: 6.938317
  type: 'test'
  ...
# Subtest: 共通説明は年初再判定・残高と年間進捗の違いを公式URL付きで示す
ok 15 - 共通説明は年初再判定・残高と年間進捗の違いを公式URL付きで示す
  ---
  duration_ms: 0.58911
  type: 'test'
  ...
# Subtest: トップは倍率と直接レートを代替入力として説明し、入力境界をHTMLでも制約する
ok 16 - トップは倍率と直接レートを代替入力として説明し、入力境界をHTMLでも制約する
  ---
  duration_ms: 0.830822
  type: 'test'
  ...
# Subtest: 4言語トップは対象条件・保存範囲・aria-labelを初期表示から翻訳する
ok 17 - 4言語トップは対象条件・保存範囲・aria-labelを初期表示から翻訳する
  ---
  duration_ms: 1.782153
  type: 'test'
  ...
# Subtest: 海外の既存ギフトカード割引記事を記事ハブと人向けサイトマップから発見できる
ok 18 - 海外の既存ギフトカード割引記事を記事ハブと人向けサイトマップから発見できる
  ---
  duration_ms: 0.730772
  type: 'test'
  ...
# Subtest: アプリモジュール変更がService Worker用の指紋を必ず変える
ok 19 - アプリモジュール変更がService Worker用の指紋を必ず変える
  ---
  duration_ms: 1.98116
  type: 'test'
  ...
# Subtest: 記事一覧は4つの検索意図カテゴリだけを使う
ok 20 - 記事一覧は4つの検索意図カテゴリだけを使う
  ---
  duration_ms: 2.18131
  type: 'test'
  ...
# Subtest: 反映トラブルの重複記事は新しい包括記事へ恒久統合する
ok 21 - 反映トラブルの重複記事は新しい包括記事へ恒久統合する
  ---
  duration_ms: 2.396761
  type: 'test'
  ...
# Subtest: 主要検索記事は即答と判明・不明の境界を静的HTMLで示す
ok 22 - 主要検索記事は即答と判明・不明の境界を静的HTMLで示す
  ---
  duration_ms: 1.710936
  type: 'test'
  ...
# Subtest: 既存CTAの有無にかかわらず記事冒頭近くへ計算導線を置く
ok 23 - 既存CTAの有無にかかわらず記事冒頭近くへ計算導線を置く
  ---
  duration_ms: 0.366593
  type: 'test'
  ...
# Subtest: 引用用比較表は恒久URL・固定アンカー・一次情報を持つ
ok 24 - 引用用比較表は恒久URL・固定アンカー・一次情報を持つ
  ---
  duration_ms: 0.623431
  type: 'test'
  ...
# Subtest: 公開記事はトップから3クリック以内で到達できる
ok 25 - 公開記事はトップから3クリック以内で到達できる
  ---
  duration_ms: 43.839243
  type: 'test'
  ...
# Subtest: 深いURLでも同意管理スクリプトをサイトルートから読み込む
ok 26 - 深いURLでも同意管理スクリプトをサイトルートから読み込む
  ---
  duration_ms: 0.263303
  type: 'test'
  ...
# Subtest: PlayPointと無関係なツールはKatakataLabへ移設し旧URLを恒久転送する
ok 27 - PlayPointと無関係なツールはKatakataLabへ移設し旧URLを恒久転送する
  ---
  duration_ms: 1.123158
  type: 'test'
  ...
# Subtest: 公開HTMLと生成元にサイト内遷移用UTMを残さない
ok 28 - 公開HTMLと生成元にサイト内遷移用UTMを残さない
  ---
  duration_ms: 27.221373
  type: 'test'
  ...
# Subtest: プライバシー文書はWeb版と認定CMPの運用に一致する
ok 29 - プライバシー文書はWeb版と認定CMPの運用に一致する
  ---
  duration_ms: 0.723451
  type: 'test'
  ...
# Subtest: 再訪と配布の主要イベントだけを許可する
ok 30 - 再訪と配布の主要イベントだけを許可する
  ---
  duration_ms: 1.166843
  type: 'test'
  ...
# Subtest: ウィジェット作成ページは狭い画面でグリッド内容をはみ出させない
ok 31 - ウィジェット作成ページは狭い画面でグリッド内容をはみ出させない
  ---
  duration_ms: 0.431915
  type: 'test'
  ...
# ok - 実ユーザー速度は同意後に匿名区分だけを計測する
# ok - トップページに年間グラフと独自計算図がある
# ok - ビルド後HTMLは外部Google Fontsへ接続しない
# ok - Search ConsoleとGA4の運用手順が実行可能な粒度で残る
# ok - 運営者ページに検証工程と外部プロフィールの関係を明示する
# ok - 今回はWeb Share APIを追加しない
# Subtest: tests/growth-priority.test.cjs
ok 7 - tests/growth-priority.test.cjs
  ---
  duration_ms: 77.521856
  type: 'test'
  ...
# Subtest: mapWithConcurrencyは指定した同時実行数を超えず入力順を保持する
ok 33 - mapWithConcurrencyは指定した同時実行数を超えず入力順を保持する
  ---
  duration_ms: 16.933913
  type: 'test'
  ...
# Subtest: mapWithConcurrencyは一件の失敗後も残りを検査する
ok 34 - mapWithConcurrencyは一件の失敗後も残りを検査する
  ---
  duration_ms: 0.392566
  type: 'test'
  ...
# Subtest: retryは失敗対象だけを指定回数まで再試行する
ok 35 - retryは失敗対象だけを指定回数まで再試行する
  ---
  duration_ms: 5.171958
  type: 'test'
  ...
# Subtest: クーポン・Playクレジット問題解決記事は4言語でSEO公開要件を満たす
ok 36 - クーポン・Playクレジット問題解決記事は4言語でSEO公開要件を満たす
  ---
  duration_ms: 4.698911
  type: 'test'
  ...
# Subtest: 専用サイトマップは8記事と完全なhreflangを持ちrobots.txtから発見できる
ok 37 - 専用サイトマップは8記事と完全なhreflangを持ちrobots.txtから発見できる
  ---
  duration_ms: 0.342892
  type: 'test'
  ...
# Subtest: 言語別一覧・人向けサイトマップ・日本語ブログから記事を発見できる
ok 38 - 言語別一覧・人向けサイトマップ・日本語ブログから記事を発見できる
  ---
  duration_ms: 0.673422
  type: 'test'
  ...
# Subtest: 新規記事のサイト内リンク先はすべて存在する
ok 39 - 新規記事のサイト内リンク先はすべて存在する
  ---
  duration_ms: 3.197447
  type: 'test'
  ...
# Subtest: 海外向け維持計算は地域別の公式門檻・積点率・通貨を分ける
ok 40 - 海外向け維持計算は地域別の公式門檻・積点率・通貨を分ける
  ---
  duration_ms: 7.838637
  type: 'test'
  ...
# Subtest: 地域外の維持門檻や通貨を流用していない
ok 41 - 地域外の維持門檻や通貨を流用していない
  ---
  duration_ms: 1.025313
  type: 'test'
  ...
# Subtest: 維持計算ロジックは不足点・通常時・倍率・年末ペースを計算する
ok 42 - 維持計算ロジックは不足点・通常時・倍率・年末ペースを計算する
  ---
  duration_ms: 0.338195
  type: 'test'
  ...
# Subtest: 日本語既存ページと海外6ページは完全なhreflangで相互接続する
ok 43 - 日本語既存ページと海外6ページは完全なhreflangで相互接続する
  ---
  duration_ms: 1.992017
  type: 'test'
  ...
# Subtest: 専用サイトマップ・robots・一覧から地域別維持計算を発見できる
ok 44 - 専用サイトマップ・robots・一覧から地域別維持計算を発見できる
  ---
  duration_ms: 0.873605
  type: 'test'
  ...
# Subtest: 生成設定は手書き維持計算を上書きせずサイトマップ対象に保つ
ok 45 - 生成設定は手書き維持計算を上書きせずサイトマップ対象に保つ
  ---
  duration_ms: 7.612224
  type: 'test'
  ...
# Subtest: 維持解説・比較記事から同一地域の計算ページへ進める
ok 46 - 維持解説・比較記事から同一地域の計算ページへ進める
  ---
  duration_ms: 0.81621
  type: 'test'
  ...
# Subtest: manual multilingual guide links survive regeneration exactly once
ok 47 - manual multilingual guide links survive regeneration exactly once
  ---
  duration_ms: 7.561268
  type: 'test'
  ...
# Subtest: プラチナ・ダイヤモンド比較は地域別公式数値と計算条件を明示する
ok 48 - プラチナ・ダイヤモンド比較は地域別公式数値と計算条件を明示する
  ---
  duration_ms: 2.439205
  type: 'test'
  ...
# Subtest: 地域の通貨とランク条件を他地域から流用していない
ok 49 - 地域の通貨とランク条件を他地域から流用していない
  ---
  duration_ms: 1.644528
  type: 'test'
  ...
# Subtest: 専用サイトマップと記事一覧から4言語ページを発見できる
ok 50 - 専用サイトマップと記事一覧から4言語ページを発見できる
  ---
  duration_ms: 0.724182
  type: 'test'
  ...
# Subtest: 日本語記事データと配信ファイルの更新日・説明が一致する
ok 51 - 日本語記事データと配信ファイルの更新日・説明が一致する
  ---
  duration_ms: 0.838363
  type: 'test'
  ...
# Subtest: 独立管理の記事は生成処理で上書きされずサイトマップ対象に残る
ok 52 - 独立管理の記事は生成処理で上書きされずサイトマップ対象に残る
  ---
  duration_ms: 1.90755
  type: 'test'
  ...
# Subtest: ランク維持記事は4言語で相互接続され公式条件とSEO要件を満たす
ok 53 - ランク維持記事は4言語で相互接続され公式条件とSEO要件を満たす
  ---
  duration_ms: 2.475539
  type: 'test'
  ...
# Subtest: 日本語の既存記事と記事データは同じ更新日を持つ
ok 54 - 日本語の既存記事と記事データは同じ更新日を持つ
  ---
  duration_ms: 1.653972
  type: 'test'
  ...
# Subtest: 専用サイトマップは4言語URLと完全なhreflangを持ちrobots.txtから発見できる
ok 55 - 専用サイトマップは4言語URLと完全なhreflangを持ちrobots.txtから発見できる
  ---
  duration_ms: 0.333368
  type: 'test'
  ...
# Subtest: 言語別一覧と人向けサイトマップから新しい記事へ移動できる
ok 56 - 言語別一覧と人向けサイトマップから新しい記事へ移動できる
  ---
  duration_ms: 0.57544
  type: 'test'
  ...
# Subtest: 新しい多言語記事のサイト内リンク先は存在する
ok 57 - 新しい多言語記事のサイト内リンク先は存在する
  ---
  duration_ms: 4.47095
  type: 'test'
  ...
# Subtest: reward and quest topics have complete Japanese, English, Korean and Taiwan clusters
ok 58 - reward and quest topics have complete Japanese, English, Korean and Taiwan clusters
  ---
  duration_ms: 2.849087
  type: 'test'
  ...
# Subtest: new international guides are substantial, sourced and usable instead of thin translations
ok 59 - new international guides are substantial, sourced and usable instead of thin translations
  ---
  duration_ms: 4.400725
  type: 'test'
  ...
# Subtest: Super Weekly Reward articles explain stock and the Super Ticket trade-off without promising premium prizes
ok 60 - Super Weekly Reward articles explain stock and the Super Ticket trade-off without promising premium prizes
  ---
  duration_ms: 1.752949
  type: 'test'
  ...
# Subtest: quest articles cover account-specific conditions, qualifying purchases, sign-in and refunds
ok 61 - quest articles cover account-specific conditions, qualifying purchases, sign-in and refunds
  ---
  duration_ms: 1.120213
  type: 'test'
  ...
# Subtest: locale indexes and the dedicated sitemap expose all six new international guides
ok 62 - locale indexes and the dedicated sitemap expose all six new international guides
  ---
  duration_ms: 0.573307
  type: 'test'
  ...
# Subtest: ポイント利用・参加条件記事は3言語でSEO公開要件を満たす
ok 63 - ポイント利用・参加条件記事は3言語でSEO公開要件を満たす
  ---
  duration_ms: 2.846293
  type: 'test'
  ...
# Subtest: 専用サイトマップは6記事を公開しrobots.txtから発見できる
ok 64 - 専用サイトマップは6記事を公開しrobots.txtから発見できる
  ---
  duration_ms: 1.149017
  type: 'test'
  ...
# Subtest: 新規記事のサイト内リンク先は存在する
ok 65 - 新規記事のサイト内リンク先は存在する
  ---
  duration_ms: 2.352004
  type: 'test'
  ...
# Subtest: 週次特典と複数アカウント記事は3言語で公開要件を満たす
ok 66 - 週次特典と複数アカウント記事は3言語で公開要件を満たす
  ---
  duration_ms: 2.233176
  type: 'test'
  ...
# Subtest: 新規記事は同一言語内で相互に接続される
ok 67 - 新規記事は同一言語内で相互に接続される
  ---
  duration_ms: 0.632094
  type: 'test'
  ...
# Subtest: 国際ガイド専用サイトマップをrobots.txtから発見できる
ok 68 - 国際ガイド専用サイトマップをrobots.txtから発見できる
  ---
  duration_ms: 0.399337
  type: 'test'
  ...
# Subtest: 新規国際記事のローカルリンク先はすべて存在する
ok 69 - 新規国際記事のローカルリンク先はすべて存在する
  ---
  duration_ms: 1.985277
  type: 'test'
  ...
# Subtest: 最新情報ハブは確認範囲・公式参照・確認日を明示する
ok 70 - 最新情報ハブは確認範囲・公式参照・確認日を明示する
  ---
  duration_ms: 1.714111
  type: 'test'
  ...
# Subtest: 最新情報ハブは週次3制度とクエストを別項目として扱う
ok 71 - 最新情報ハブは週次3制度とクエストを別項目として扱う
  ---
  duration_ms: 0.403613
  type: 'test'
  ...
# Subtest: 生成処理は確認していない日に最新情報ハブの日付を進めない
ok 72 - 生成処理は確認していない日に最新情報ハブの日付を進めない
  ---
  duration_ms: 0.172618
  type: 'test'
  ...
# Subtest: 鮮度検査は14日を超えた確認日を検出する
ok 73 - 鮮度検査は14日を超えた確認日を検出する
  ---
  duration_ms: 2.17519
  type: 'test'
  ...
# Subtest: 運用手順は日付だけの更新と個別オファーの一般化を禁止する
ok 74 - 運用手順は日付だけの更新と個別オファーの一般化を禁止する
  ---
  duration_ms: 0.303193
  type: 'test'
  ...
# Subtest: 記事CSSは外部化され、AdSense以外のinline styleを残さない
ok 75 - 記事CSSは外部化され、AdSense以外のinline styleを残さない
  ---
  duration_ms: 14.939717
  type: 'test'
  ...
# Subtest: 記事のローカルCSSは内容ハッシュ付きURLで参照する
ok 76 - 記事のローカルCSSは内容ハッシュ付きURLで参照する
  ---
  duration_ms: 8.626039
  type: 'test'
  ...
# Subtest: 記事のローカルJavaScriptも内容ハッシュ付きURLで参照する
ok 77 - 記事のローカルJavaScriptも内容ハッシュ付きURLで参照する
  ---
  duration_ms: 10.28706
  type: 'test'
  ...
# Subtest: 公開HTMLのローカルCSS・JavaScriptは実ファイルと一致する内容ハッシュを使う
ok 78 - 公開HTMLのローカルCSS・JavaScriptは実ファイルと一致する内容ハッシュを使う
  ---
  duration_ms: 72.474469
  type: 'test'
  ...
# Subtest: 画面外描画の最適化は長文下部だけに限定し、印刷時に解除する
ok 79 - 画面外描画の最適化は長文下部だけに限定し、印刷時に解除する
  ---
  duration_ms: 0.533707
  type: 'test'
  ...
# Subtest: バージョン付き資産だけを1年間immutableでキャッシュする
ok 80 - バージョン付き資産だけを1年間immutableでキャッシュする
  ---
  duration_ms: 0.337874
  type: 'test'
  ...
# Subtest: 低性能Android相当の定期Lighthouse検査を固定バージョンで実行する
ok 81 - 低性能Android相当の定期Lighthouse検査を固定バージョンで実行する
  ---
  duration_ms: 0.376162
  type: 'test'
  ...
# Subtest: 未参照だった旧共通CSSを公開物に残さない
ok 82 - 未参照だった旧共通CSSを公開物に残さない
  ---
  duration_ms: 0.192387
  type: 'test'
  ...
# Subtest: PRでは秘密情報を使わず一つのジョブで全事前検証を実行する
ok 83 - PRでは秘密情報を使わず一つのジョブで全事前検証を実行する
  ---
  duration_ms: 1.767061
  type: 'test'
  ...
# Subtest: 事前検証は全テストを自動収集し失敗工程を最後にまとめる
ok 84 - 事前検証は全テストを自動収集し失敗工程を最後にまとめる
  ---
  duration_ms: 0.325937
  type: 'test'
  ...
# Subtest: 事前検証は多言語の公開必須ファイル欠損を検出する
ok 85 - 事前検証は多言語の公開必須ファイル欠損を検出する
  ---
  duration_ms: 0.352877
  type: 'test'
  ...
# Subtest: Service Workerの全先読み対象をデプロイ前に検証する
ok 86 - Service Workerの全先読み対象をデプロイ前に検証する
  ---
  duration_ms: 0.281261
  type: 'test'
  ...
# Subtest: 通常の事前検証は生成・圧縮対象を元に戻しデプロイ時だけ保持する
ok 87 - 通常の事前検証は生成・圧縮対象を元に戻しデプロイ時だけ保持する
  ---
  duration_ms: 0.420158
  type: 'test'
  ...
# Subtest: ルートService Workerは画面遷移をネットワーク優先で更新する
ok 88 - ルートService Workerは画面遷移をネットワーク優先で更新する
  ---
  duration_ms: 0.287059
  type: 'test'
  ...
# Subtest: ルートキャッシュ世代は全共有アセット版から自動生成する
ok 89 - ルートキャッシュ世代は全共有アセット版から自動生成する
  ---
  duration_ms: 0.326237
  type: 'test'
  ...
# Subtest: アプリモジュールのキャッシュ世代は改行コードが違っても一致する
ok 90 - アプリモジュールのキャッシュ世代は改行コードが違っても一致する
  ---
  duration_ms: 4.854904
  type: 'test'
  ...
# Subtest: 本番確認は配信されたコミットSHAを完全一致で検証する
ok 91 - 本番確認は配信されたコミットSHAを完全一致で検証する
  ---
  duration_ms: 0.699916
  type: 'test'
  ...
# Subtest: 本番デプロイは実行中ジョブを中断せず待機中の最新版だけを残す
ok 92 - 本番デプロイは実行中ジョブを中断せず待機中の最新版だけを残す
  ---
  duration_ms: 2.17471
  type: 'test'
  ...
# Subtest: HTTP検査は同時接続数を制限し失敗対象だけを再試行する
ok 93 - HTTP検査は同時接続数を制限し失敗対象だけを再試行する
  ---
  duration_ms: 0.329983
  type: 'test'
  ...
# Subtest: 外部Actionは固定SHAで実行しDependabotで月次更新する
ok 94 - 外部Actionは固定SHAで実行しDependabotで月次更新する
  ---
  duration_ms: 0.447709
  type: 'test'
  ...
# Subtest: 新規記事は記事台帳へ一意に登録される
ok 95 - 新規記事は記事台帳へ一意に登録される
  ---
  duration_ms: 1.687912
  type: 'test'
  ...
# Subtest: スーパーウィークリー記事は一般条件と個別条件を分離する
ok 96 - スーパーウィークリー記事は一般条件と個別条件を分離する
  ---
  duration_ms: 2.48337
  type: 'test'
  ...
# Subtest: クエスト記事は対象・購入・ログイン・返金条件を案内する
ok 97 - クエスト記事は対象・購入・ログイン・返金条件を案内する
  ---
  duration_ms: 0.397384
  type: 'test'
  ...
# Subtest: 週次親記事は3制度を比較し日記を主要導線にする
ok 98 - 週次親記事は3制度を比較し日記を主要導線にする
  ---
  duration_ms: 0.403694
  type: 'test'
  ...
# Subtest: 無料獲得記事は無料・追加購入なし・有料条件を混同しない
ok 99 - 無料獲得記事は無料・追加購入なし・有料条件を混同しない
  ---
  duration_ms: 0.420067
  type: 'test'
  ...
# Subtest: 買い切り購入と継続課金の記事は役割を相互案内する
ok 100 - 買い切り購入と継続課金の記事は役割を相互案内する
  ---
  duration_ms: 0.510413
  type: 'test'
  ...
# Subtest: 今回のPlay Points公式記事群へ第三者決済キャンペーンを混入させない
ok 101 - 今回のPlay Points公式記事群へ第三者決済キャンペーンを混入させない
  ---
  duration_ms: 1.437197
  type: 'test'
  ...
# Subtest: 海外向け案内は英語を全世界共通レートとして案内しない
ok 102 - 海外向け案内は英語を全世界共通レートとして案内しない
  ---
  duration_ms: 1.276347
  type: 'test'
  ...
# Subtest: 多言語トップの実行時記事リンクは各言語の記事一覧を指す
ok 103 - 多言語トップの実行時記事リンクは各言語の記事一覧を指す
  ---
  duration_ms: 4.616648
  type: 'test'
  ...
# Subtest: 日本語の必要ポイント例はあとがきにつながる実例1728を保つ
ok 104 - 日本語の必要ポイント例はあとがきにつながる実例1728を保つ
  ---
  duration_ms: 2.564341
  type: 'test'
  ...
# Subtest: 結果カードの見出しだけをブロック化し、金額の内訳は分断しない
ok 105 - 結果カードの見出しだけをブロック化し、金額の内訳は分断しない
  ---
  duration_ms: 0.457243
  type: 'test'
  ...
# Subtest: CSPは計測と広告品質確認で実際に使う接続先を許可する
ok 106 - CSPは計測と広告品質確認で実際に使う接続先を許可する
  ---
  duration_ms: 0.482962
  type: 'test'
  ...
# Subtest: 日記の景品選択には全言語で読み上げ可能な名前がある
ok 107 - 日記の景品選択には全言語で読み上げ可能な名前がある
  ---
  duration_ms: 2.463962
  type: 'test'
  ...
# Subtest: トップページは大きな画像プレビューとOGP画像サイズを明示する
ok 108 - トップページは大きな画像プレビューとOGP画像サイズを明示する
  ---
  duration_ms: 0.641778
  type: 'test'
  ...
# Subtest: 初期操作に必要なアプリモジュールは依存解析前から取得を開始する
ok 109 - 初期操作に必要なアプリモジュールは依存解析前から取得を開始する
  ---
  duration_ms: 0.931272
  type: 'test'
  ...
# Subtest: 日記の重複通知を表示せず、カレンダー登録は残す
ok 110 - 日記の重複通知を表示せず、カレンダー登録は残す
  ---
  duration_ms: 0.965442
  type: 'test'
  ...
# Subtest: 地域差案内は日本語トップでも英語の注意導線として表示する
ok 111 - 地域差案内は日本語トップでも英語の注意導線として表示する
  ---
  duration_ms: 1.138922
  type: 'test'
  ...
# Subtest: 計算方法と検証方針を全言語で本文から確認できる
ok 112 - 計算方法と検証方針を全言語で本文から確認できる
  ---
  duration_ms: 1.247544
  type: 'test'
  ...
# Subtest: 広告と計測は初期表示後に低優先度で読み込む
ok 113 - 広告と計測は初期表示後に低優先度で読み込む
  ---
  duration_ms: 0.361901
  type: 'test'
  ...
# ok - 著者ページのOGP画像は実在する
# ok - 計算機は有限値とHTMLの上下限を検証する
# ok - ルートService WorkerはGETの許可対象だけを安定したキーでキャッシュする
# ok - GAとAdSenseは地域別Consent ModeとGoogle認定CMPに従う
# ok - 計測イベントは同意済みラッパー経由だけで送信する
# ok - ルートService Workerは自分のキャッシュだけを削除対象にする
# ok - ルートService Workerはprecache失敗時に壊れたまま有効化しない
# ok - デプロイ同期は公開不要な運用ファイルを除外する
# ok - JSミニファイは文字列中のスラッシュコメント風テキストを壊さない
# ok - デプロイ時ミニファイはPlayPoint本体・ブログ・ウィジェットを対象にする
# ok - デプロイ前検証はミニファイ後JSの構文を確認する
# ok - CIデプロイはコミット済み成果物だけを公開する
# ok - デプロイ前JS構文検証はGitHub Actions用スクリプトも対象にする
# ok - 多言語トップはJS実行前の主要文言も翻訳済みにする
# ok - 同意済み計測はGA本体ロード前のイベントを短期キューへ保持する
# ok - Xserver同期後に本番スモークテストを実行する
# ok - Xserver同期後に本番SEOヘルスチェックを実行する
# ok - デプロイ検証の変更でもワークフローを実行する
# ok - デプロイ前検証は全テストをミニファイ前後に実行する
# ok - 本番スモークテストの期待文字列は配信元ファイルに存在する
# ok - 本番スモークテストは主要PlayPointページと言語トップを確認する
# Subtest: tests/playpoint-nine-fixes.test.cjs
ok 22 - tests/playpoint-nine-fixes.test.cjs
  ---
  duration_ms: 73.489817
  type: 'test'
  ...
# ok - ステータス選択の初期値はブロンズになる
# ok - 通常計算では現在ステータスから次のランクだけを目標にする
# ok - 前年からランクを引き継いだ場合も目標閾値全体を入力できる
# ok - 直接レートと倍率は代替入力として高い方と採用理由を返す
# ok - 金曜の開始時刻を過ぎたカレンダー登録は翌週を使う
# ok - 月平均の分母は年末までの残日数から切り上げ月数で計算する
# ok - 12月31日でも通常計算は合計必要額を表示する
# ok - 必要ポイントはHTMLの整数制約に違反する小数を拒否する
# ok - 記事件数は言語UI更新後に実際の件数で再描画する
# ok - フッターの運営者リンクは色だけに頼らず下線で区別する
# ok - モバイルのヘッダーリンクは内側余白を含めて画面幅に収める
# ok - デスクトップのトップバーは言語切替と補助リンクを同じ段に収める
# ok - 通常計算の結果は週平均と1日あたりの目安も表示する
# ok - 通常計算の結果は条件別関連記事を最大4件だけ結果の後に表示する
# ok - 計算結果の関連記事は検索意図別LPを優先する
# ok - 計算結果の下には金額や条件に応じた次の判断導線が出る
# ok - 英語トップはJS実行前のファーストビューに日本語の主要文言を残さない
# ok - 英語トップの日記エリアはJS実行前でも英語で読める
# ok - トップのSEO名はGoogle Play Points計算機を主名にし旧名を別名として残す
# ok - 多言語トップの英語名はGoogle Play Points Calculatorを先頭にする
# ok - 検索LPの上部には通常時と倍率別の即答表がある
# ok - READMEと正規化設定は公式URLだけを一次導線にする
# ok - 共有ボタンは結果アクション行にまとめて表示状態を切り替える
# ok - 検索意図別LPは条件付き計算リンクとSEO基本タグを持つ
# ok - ブログRSSとAtomフィードは発見可能で最新記事を含む
# ok - ブログフィード生成は単体でURL正規化・日付順・XMLエスケープを行う
# Successfully synchronized asset versions and dates in sample.html
# ok - HTML同期はアセットバージョンと日付表記を単体で更新する
# ok - HTML置換ヘルパーは日付メタデータと指定アセットだけを更新する
# ok - Service Workerアセット同期は定義済みパスをバージョンキーで更新する
# ok - トップページの更新メタデータ同期は日付と主要アセットだけを更新する
# ok - 多言語生成設定は共通内容の更新日を下回らないメタ行を作る
# ok - 多言語HTML生成は言語別メタ情報と相対パスを同期する
# ok - ダイヤモンド維持LPは最高ランク維持用の条件と文脈に絞る
# ok - キャンペーン/金額LPは日本向けの要約・比較・注意表示を持つ
# ok - ステータス選択の再生成でoptionが重複しない
# ok - 送信XMLサイトマップに登録済みPlay Points記事がすべて含まれている
# ok - トップページは同一URLの英語hreflangを出さない
# ok - 第三者スクリプトは初回操作待ちではなく初期描画後に読み込む
# ok - デプロイ前に全回帰テストを実行する
# ok - デプロイ同期は削除済みファイルを本番からも消す
# ok - テストファイルは本番へ同期しない
# ok - SEO監視はサイトマップ掲載記事も確認する
# ok - Play Pointsの公開canonical URLは送信XMLサイトマップに含める
# ok - blog robots.txtは本番ドメインのサイトマップを指す
# ok - ブログ一覧は記事JSONを正規化してから描画する
# ok - ブログ一覧の記事リンクとサムネイルは許可した相対パスだけを使う
# ok - 記事ページの関連記事も記事JSONを正規化してから描画する
# ok - CSPのscript-srcはhttps全体を許可しない
# ok - 静的配信設定はフィードとローカルフォントを効率よく配信する
# ok - target blankリンクにはnoopener noreferrerを付ける
# ok - blogの再読み込みボタンはインラインonclickを使わない
# ok - blog articles.jsonは実在するPlay Points記事だけを含む
# ok - blog sitemapは登録済みPlay Points記事をすべて含む
# ok - blogと記事ページのローカルリンクは存在するファイルだけを指す
# ok - 記事ページのOGP画像は実ファイルが存在する
# ok - blog SearchActionは実装と同じqパラメータを使う
# ok - blog一覧HTMLはJS実行前でも全記事への静的リンクを持つ
# ok - blogトップは自前のOGP画像とfaviconを使う
# ok - blogトップの説明文は検索結果向けの長さを確保する
# ok - blogの正規URLはindex.htmlを露出しない
# ok - blogトップは外部Google Fontsへ接続しない
# ok - 記事ページの前後ナビは関連記事コンテナが無くても描画される
# ok - blog記事カードクリックをAnalyticsへ送る
# ok - 主要な操作要素は44px以上のタップ領域を持つ
# ok - トップの入力導線は説明を残しつつフォームを圧迫しない
# ok - 狭い画面でも日記タブの文字を省略しない
# ok - 計算と日記保存の完了を個人情報なしでAnalyticsへ送る
# ok - AdSenseタグはConsent Mode設定後に読み込みGoogle認定CMPを起動する
# ok - トップページはブラウザ言語だけでクライアントサイドリダイレクトしない
# ok - ブログのH1はPlay Points攻略記事の検索意図と一致する
# ok - トップページの静的初期表示は古い曜日や年で信頼性を落とさない
# ok - ブログ一覧の静的HTMLは読み込み失敗表示を常時露出しない
# ok - blog articles.jsonは記事ごとのfileキーを1つだけ持つ
# ok - 課金効率記事は煽り表現より条件と注意を前面に出す
# ok - 全記事から有効なGoogle公式ヘルプを確認できる
# ok - 記事HTMLの見出しタグは壊れた属性形式を含まない
# ok - トップページの記事リンクはローカルに存在する公開記事だけを指す
# ok - トップ上部は商業色の強い課金導線を前面に出しすぎない
# ok - 最新情報リンクはヘッダーから外しフッターで維持する
# ok - 計算条件を共有URLへ保存し再訪時に復元できる
# ok - 記事から計算機への導線はセッション参照元を上書きせず計測できる
# ok - 流入施策はLPと結果画面の主要導線を個人情報なしで計測する
# ok - 最新情報ハブは検証日・公式参照・計算機CTAを持つ
# ok - 記事共通CTAは計算機への自然導線と計測文脈を持つ
# ok - 記事末尾CTAは記事文脈ごとに次アクションを出し分ける
# ok - モバイルの補助リンクと共有ボタンは縦に増えすぎない
# ok - モバイル初期表示外の重い領域は遅延描画される
# ok - 記事クラスタは検索意図別LPへ文脈に合う内部リンクを持つ
# ok - ポイント未反映記事は検索意図の即答と計算後導線を上部に持つ
# ok - 外部サイト向け埋め込みウィジェットは依存なしで安全に計算できる
# ok - Analyticsのイベント設計と検証手順が文書化されている
# ok - Service Workerは共有URL機能を含む最新版アセットを事前キャッシュする
# ok - トップページの更新日メタとサイト更新日を用途別に保持する
# ok - サイトマップ同期はトップページ群のlastmodだけを更新する
# ok - 反映タイミング記事は結論と確認手順を見出しで整理する
# ok - CMP起動用のAdSenseタグは二重読み込みしない
# ok - 共有URLは実在するステータス値だけを復元する
# ok - 日記保存イベントはストレージ保存成功時だけ送る
# ok - 記事のAdSenseは本文スクロール後に共通スクリプトから読み込む
# ok - ブログと記事は共通コンポーネントからGA4本体を読み込む
# ok - 共通コンポーネントは既存のヘッダーとフッターを重複生成しない
# ok - 公開されている全記事HTMLが必要なSEOタグと共通AdSense読込を含んでいること
# ok - ブログと記事の変更アセットはバージョン付きURLで配信する
# ok - 記事共通デザインは前後ナビと操作領域とカテゴリー配色を統一する
# ok - ブログのライトテーマとモバイル導線は読みやすさを維持する
# ok - 記事はfaviconを指定しAdSenseが必要とする接続先をCSPで許可する
# ok - 運営者プロフィールは検索可能な独立ページとして公開する
# ok - 全記事は著者ページへリンクしArticle構造化データの著者と発行者を統一する
# ok - ブログ検索タイトルと内部リンクは運営者の専門性を明示する
# ok - サイトマップとSearch Console運用は著者ページと記事群を監視対象にする
# ok - sw.js と各言語版 index.html の style.css バージョンクエリが一致していること
# ok - 多言語HTMLビルド出力の整合性とhreflangの検証
# ok - 海外向けSEOページは主要検索意図ごとに公開可能な構造を持つ
# ok - 海外向けSEOページは既存記事の読み物感と各言語の自然な導線を保つ
# ok - 海外LPは相互hreflangで対応言語とx-defaultを明示する
# ok - 海外向け英語記事は目次と外部化CSSで読みやすさと保守性を保つ
# ok - 海外LPの補助ラベルは各言語に合わせる
# ok - 海外向け韓国語・繁体字記事は公式名寄せのサイト名とプラチナ導線を持つ
# ok - 海外向けSEOは計測対象と追加記事クラスタを持つ
# ok - 国変更・定期購入クラスタは韓国語と繁体字で公式根拠・FAQ・相互hreflangを持つ
# ok - ブロンズ以外のステータスでは、同ランク維持と次のランク昇格が目標に設定される
# ok - 韓国（KR）リージョンの spendUnit 正確性検証
# ok - 削除済みのウィークリーリワード自動差し引きは設定にも計算処理にも残さない
# ok - 平均パック課金額シミュレーションの検証
# ok - 通常還元とキャンペーン還元の差額は既存の購入単位で比較する
# ok - 米国のパック計算は購入ごとのポイントを最も近い整数へ丸める
# ok - 米国の小数パック額は金額全体に還元率を掛けてから購入ごとに丸める
# ok - 海外記事は言語別の記事一覧へ戻り、対応する翻訳版をhreflangで示す
# ok - 国際記事の公開日と更新日は記事データに保持し、生成日で上書きしない
# ok - 海外版の計算結果導線は各言語の実在ページだけを使う
# ok - 海外版トップはJavaScriptなしでも実在する最新情報ハブへリンクする
# ok - 言語トップはURLと異なる保存済み地域設定で表示を上書きしない
# ok - カレンダー登録は固定済みの過去日時を使わない
# ok - 国際記事はビルド日を公開日として上書きしない
# ok - 主要な日本語Play Points記事は検索意図へ答える本文量を保つ
# ok - 断定を避けるべき記事と公式仕様の記事は重要な注意点を保持する
# ok - サイトマップ掲載HTMLは検索結果タイトルと基本SEO要素を保つ
# ok - 国際記事一覧とギフトカード記事は相互hreflangを持つ
# ok - 主要記事のtitleとh1は煽り表現に依存しない
# ok - 修正した記事の一覧タイトルとページtitleは一致する
# ok - 日本語Play Points記事は一覧・OGP・構造化データ・著者メタを同期する
# ok - 更新した記事は一覧・表示・メタデータ・フィード用更新日を一致させる
# ok - フィードは公開日を保ったまま記事の更新日を反映する
# ok - 計算結果のエラー表示とクリアは前回の共有用データを破棄する
# ok - トップの更新日はサイト更新であることを明示する
# ok - 重要記事は2026年時点の公式仕様と判断上の注意を保持する
# ok - 記事共通UIは文脈リンク・主要見出し目次・安定表示を使う
# ok - 記事一覧の静的リンクはarticles.jsonのタイトルと一致する
# ok - トップの記事ドロワーは表示件数とリンク件数を一致させる
# ok - 記事サイトマップのlastmodは記事一覧の更新日と一致する
# ok - サイトマップ生成は記事一覧のmodifiedを自動反映する
# ok - 100ポイント記事は貯める金額と使う価値を分けて案内する
# ok - 100ポイント多言語記事は国別公式レートと相互hreflangを持つ
# ok - 日本語検索クラスターは意図を分けて公式条件を明示する
# ok - 記事ハブとフィードは新しい日本語・多言語記事を発見できる
# ok - ポイント数から必要額を出す計算ツールは4地域で公開可能な構造を持つ
# ok - 現金化ガイドは4言語で公式根拠・相互参照・計算導線を持つ
# ok - 期限・返金・家族共有ガイドは4言語の相互参照と公式根拠を持つ
# Subtest: tests/playpoint-regression.test.cjs
ok 23 - tests/playpoint-regression.test.cjs
  ---
  duration_ms: 548.372301
  type: 'test'
  ...
# Subtest: 送信するXMLサイトマップ間でURLを重複させない
ok 116 - 送信するXMLサイトマップ間でURLを重複させない
  ---
  duration_ms: 2.93185
  type: 'test'
  ...
# Subtest: ルートサイトマップはPlay Pointsの公開導線だけを扱う
ok 117 - ルートサイトマップはPlay Pointsの公開導線だけを扱う
  ---
  duration_ms: 0.595269
  type: 'test'
  ...
# Subtest: 専用XMLサイトマップへ移したURLをルートへ重ねない
ok 118 - 専用XMLサイトマップへ移したURLをルートへ重ねない
  ---
  duration_ms: 0.611523
  type: 'test'
  ...
# Subtest: Play Pointsブログとフィードに家計記事を混在させない
ok 119 - Play Pointsブログとフィードに家計記事を混在させない
  ---
  duration_ms: 0.792074
  type: 'test'
  ...
# Subtest: 人向けサイトマップはPlay Pointsの案内に集中する
ok 120 - 人向けサイトマップはPlay Pointsの案内に集中する
  ---
  duration_ms: 0.362662
  type: 'test'
  ...
# Subtest: 韓国語トップは為替計算をうたわず実際の入力条件を説明する
ok 121 - 韓国語トップは為替計算をうたわず実際の入力条件を説明する
  ---
  duration_ms: 0.296163
  type: 'test'
  ...
# Subtest: Q&Aは現在のランク判定と計算機の責任範囲を明示する
ok 122 - Q&Aは現在のランク判定と計算機の責任範囲を明示する
  ---
  duration_ms: 0.892603
  type: 'test'
  ...
1..122
# tests 122
# suites 0
# pass 121
# fail 1
# cancelled 0
# skipped 0
# todo 0
# duration_ms 1161.626657

=== ads.txt検証 ===
ads.txt is present and matches the AdSense publisher record.

=== 公開アセット圧縮 ===
Minified CSS: style.css (40803 -> 37071 bytes)
Minified CSS: article-gift-card.css (3758 -> 2501 bytes)
Minified CSS: article-legacy.css (1970 -> 1247 bytes)
Minified CSS: article-modern.css (4667 -> 3302 bytes)
Minified CSS: article-shared.css (11120 -> 9426 bytes)
Minified CSS: source-notice.css (751 -> 655 bytes)
Minified CSS: style.css (42356 -> 31804 bytes)
Minified CSS: intl-article.css (4688 -> 4211 bytes)
Minified CSS: 2025-12-25-best-use.css (6344 -> 4134 bytes)
Minified CSS: 2025-12-25-campaign.css (6233 -> 3999 bytes)
Minified CSS: 2025-12-25-check-balance.css (4830 -> 3062 bytes)
Minified CSS: 2025-12-25-diamond-vip.css (5888 -> 3786 bytes)
Minified CSS: 2025-12-25-diamond-worth-it.css (6069 -> 3965 bytes)
Minified CSS: 2025-12-25-expiration.css (5132 -> 3303 bytes)
Minified CSS: 2025-12-25-family-sharing.css (5242 -> 3385 bytes)
Minified CSS: 2025-12-25-getting-started.css (6183 -> 3961 bytes)
Minified CSS: 2025-12-25-gift-card.css (5369 -> 3430 bytes)
Minified CSS: 2025-12-25-movies-books.css (5008 -> 3168 bytes)
Minified CSS: 2025-12-25-multiple-accounts.css (4714 -> 3020 bytes)
Minified CSS: 2025-12-25-new-year-campaign.css (6266 -> 4020 bytes)
Minified CSS: 2025-12-25-play-games.css (4838 -> 3074 bytes)
Minified CSS: 2025-12-25-playpoints-rank-maintenance.css (5825 -> 3704 bytes)
Minified CSS: 2025-12-25-promo-code.css (5045 -> 3237 bytes)
Minified CSS: 2025-12-25-refund.css (4732 -> 3038 bytes)
Minified CSS: 2025-12-25-subscription.css (5875 -> 3773 bytes)
Minified CSS: 2025-12-25-weekly-reward.css (6195 -> 3973 bytes)
Minified CSS: 2026-03-10-play-points-reflection-timing.css (3915 -> 2594 bytes)
Minified CSS: 2026-06-20-discount-gift-cards.css (4422 -> 2913 bytes)
Minified JS: sw.js (4308 -> 4307 bytes)
Minified JS: main.js (18002 -> 17937 bytes)
Minified JS: calculator.js (39926 -> 39797 bytes)
Minified JS: ui.js (9199 -> 9177 bytes)
Minified JS: diary.js (15045 -> 14767 bytes)
Minified JS: share.js (4923 -> 4902 bytes)
Minified JS: config.js (44207 -> 44206 bytes)
Minified JS: consent.js (3803 -> 3802 bytes)
Minified JS: intent-tracking.js (2983 -> 2982 bytes)
Minified JS: third-party.js (4732 -> 4731 bytes)
Minified JS: article.js (23654 -> 23652 bytes)
Minified JS: components.js (13764 -> 13761 bytes)
Minified JS: script.js (36623 -> 36621 bytes)
Minified JS: utils.js (2466 -> 2462 bytes)
Minified JS: playpoint-widget.js (29958 -> 29853 bytes)
[article-assets] synchronized source-notice.css: v=3c2ec22615
Successfully synchronized consent.js version in third-party.js to v=dc975a5e38
Successfully synchronized sw.js cache. CACHE_NAME=playpoint-calc-v20260731_2149-a8c630a7
[public-assets] synchronized content hashes: 155 files

=== 圧縮後JavaScript構文検証 ===
JS syntax check passed (46 files).

=== 圧縮後の全回帰テスト ===
TAP version 13
# Subtest: the complete published article corpus keeps structural quality signals
not ok 1 - the complete published article corpus keeps structural quality signals
  ---
  duration_ms: 20.491239
  type: 'test'
  location: '/home/runner/work/PlayPoint/PlayPoint/tests/all-article-quality-audit.test.cjs:46:1'
  failureType: 'testCodeFailure'
  error: 'en/articles/2026-06-20-discount-gift-cards.html: curated related links or dynamic previous/next navigation is missing'
  code: 'ERR_ASSERTION'
  name: 'AssertionError'
  expected:
  actual: |-
    <!doctype html>
    <html lang="en">
    <head>
        <meta charset="utf-8" />
        <meta name="viewport" content="width=device-width, initial-scale=1" />
        <link rel="icon" href="../../favicon.svg" type="image/svg+xml" />
        <title>Google Play Gift Card discounts: checks before buying</title>
        <meta name="description" content="Compare Google Play gift card offers by effective cost, authorized seller, country, currency, limits, and Play Points eligibility before you buy." />
        <link rel="canonical" href="https://playpoint-sim.com/en/articles/2026-06-20-discount-gift-cards.html" />
        <link rel="alternate" hreflang="ja" href="https://playpoint-sim.com/articles/2026-06-20-discount-gift-cards.html" />
        <link rel="alternate" hreflang="en" href="https://playpoint-sim.com/en/articles/2026-06-20-discount-gift-cards.html" />
        <link rel="alternate" hreflang="ko" href="https://playpoint-sim.com/ko/articles/2026-06-20-discount-gift-cards.html" />
        <link rel="alternate" hreflang="zh-TW" href="https://playpoint-sim.com/tw/articles/2026-06-20-discount-gift-cards.html" />
        <link rel="alternate" hreflang="x-default" href="https://playpoint-sim.com/en/articles/2026-06-20-discount-gift-cards.html" />
        <meta name="author" content="Katakata" />
        <meta name="article:category" content="Guide" />
        <meta property="article:published_time" content="2026-06-20T00:00:00+09:00" />
        <meta property="article:modified_time" content="2026-07-25T00:00:00+09:00" />
        <meta property="og:type" content="article" />
        <meta property="og:title" content="Google Play Gift Card discounts: what to verify before buying" />
        <meta property="og:description" content="Compare Google Play gift card offers by effective cost, authorized seller, country, currency, limits, and Play Points eligibility before you buy." />
        <meta property="og:url" content="https://playpoint-sim.com/en/articles/2026-06-20-discount-gift-cards.html" />
        <meta property="og:image" content="https://playpoint-sim.com/articles/ogp/discount-gift-cards.png" />
        <meta property="og:site_name" content="Play Points Calculator" />
        <meta name="twitter:card" content="summary_large_image" />
        <script type="application/ld+json">
    {
      "@context": "https://schema.org",
      "@type": "Article",
      "mainEntityOfPage": {
        "@type": "WebPage",
        "@id": "https://playpoint-sim.com/en/articles/2026-06-20-discount-gift-cards.html"
      },
      "headline": "Google Play Gift Card discounts: what to verify before buying",
      "description": "Compare Google Play gift card offers by effective cost, authorized seller, country, currency, limits, and Play Points eligibility before you buy.",
      "inLanguage": "en",
      "datePublished": "2026-06-20",
      "dateModified": "2026-07-25",
      "image": "https://playpoint-sim.com/articles/ogp/discount-gift-cards.png",
      "author": {
        "@type": "Person",
        "name": "Katakata",
        "url": "https://playpoint-sim.com/author/katakata.html"
      },
      "publisher": {
        "@type": "Organization",
        "name": "Play Points Calculator",
        "url": "https://playpoint-sim.com/",
        "logo": {
          "@type": "ImageObject",
          "url": "https://playpoint-sim.com/favicon.svg"
        }
      }
    }
        </script><link rel="stylesheet" href="/articles/article-gift-card.css?v=7b4e0413e1" />
        <link rel="stylesheet" href="../../articles/article-shared.css?v=6d92cec961" />
    </head>
    <body>
        <main class="main-card">
            <div class="hero">
                <span class="hero-badge">Purchase checklist</span>
                <h1>Google Play Gift Card discounts: what to verify before buying</h1>
                <p class="hero-meta">Updated: 2026/07/25 · 6 min read</p>
            </div>
    
            <article class="content">
                <div class="intro">
                    <strong>Start with the effective amount you will actually pay.</strong> A gift card offer is useful only when it matches the account country and currency, comes from an authorized seller, and does not require extra spending you did not plan.
                </div>
                <section class="section">
                    <h2>1. Compare effective cost, not the headline rate</h2>
                    <p>Subtract only rewards you can realistically use, then include minimum spend, caps, fees, expiration dates, and excluded payment methods. Do not treat an old promotion or an unconfirmed cashback rate as an ongoing discount.</p>
                </section>
                <section class="section">
                    <h2>2. Check seller, country, and currency first</h2>
                    <p>Google says gift cards should be purchased from authorized retail partners. The country and currency of the gift card must match the country and currency registered to the Google Play account. A low price is not useful if the code cannot be redeemed.</p>
                    <p><a href="https://support.google.com/googleplay/answer/3422734?hl=en" target="_blank" rel="noopener">Google Play Help: where to buy gift cards and country restrictions</a></p>
                </section>
                <section class="section">
                    <h2>3. Separate buying a card from earning Play Points</h2>
                    <p>Buying or redeeming a gift card is not, by itself, a normal Play Points-earning purchase. After joining Play Points, eligible Google Play purchases made with the enrolled account can earn points; eligible categories and rates vary by country.</p>
                    <p><a href="https://support.google.com/googleplay/answer/9077192?co=GENIE.CountryCode%3DUS&amp;hl=en" target="_blank" rel="noopener">Google Play Help: earn and track Play Points</a></p>
                </section>
                <section class="section">
                    <h2>4. Verify the live offer before paying</h2>
                    <ul>
                        <li>Confirm the exact product, seller, payment method, period, and reward cap.</li>
                        <li>Check whether gift cards or digital codes are excluded from coupons or card rewards.</li>
                        <li>Save the offer terms and receipt until the reward is credited.</li>
                        <li>Buy only the amount you expect to use; Play balance is generally not transferable.</li>
                    </ul>
                </section>
                <section class="section">
                    <h2>5. Avoid unofficial codes and payment requests</h2>
                    <p>Do not share a code with someone asking for payment by gift card. If a listing is not an authorized route or its country is unclear, choose a verifiable seller even when the advertised price is lower.</p>
                </section>
                <section class="section">
                    <h2>Frequently asked questions</h2>
                    <h3>Does the highest advertised discount always save the most?</h3>
                    <p>No. Compare the final amount paid after caps, fees, exclusions, expiration, and any extra required purchase.</p>
                    <h3>Do I earn Play Points when I redeem a gift card?</h3>
                    <p>Redeeming the card alone is not a normal points-earning purchase. Eligible purchases made after joining Play Points can earn points under the account's regional rules.</p>
                    <h3>Can I move unused balance to another account?</h3>
                    <p>Google Play balance is generally not transferable, so confirm the account, country, currency, and amount before buying.</p>
                </section>
                <div class="cta-box">
                    <h3>Estimate the gap to your next level</h3>
                    <p>Use the calculator with your current annual progress and the earning rate shown in your Play Points screen.</p>
                    <a class="cta-btn" href="../../en/">Open calculator ➔</a>
                </div>
            </article>
    
            <aside class="author-box author-box--outer" aria-label="Article author">
                <p><strong><a href="../../author/katakata.html" rel="author">Katakata</a> — Play Points Calculator editor</strong></p>
                <p class="small">This guide uses Google Play Help as its baseline and avoids presenting temporary retailer offers as permanent facts.</p>
            </aside>
            <footer class="article-footer">
                <p>📚 <a href="../../en/articles/">Article list</a> ｜ 🔢 <a href="../../en/">Calculator</a></p>
                <p class="small article-note-spacing">Promotion terms can change. Confirm the seller's current terms and Google Play Help before paying.</p>
            </footer>
        </main>
    <script type="application/ld+json">
    {
      "@context": "https://schema.org",
      "@type": "FAQPage",
      "mainEntity": [
        {
          "@type": "Question",
          "name": "Does the highest advertised discount always save the most?",
          "acceptedAnswer": {
            "@type": "Answer",
            "text": "No. Compare the final amount paid after caps, fees, exclusions, expiration, and any extra required purchase."
          }
        },
        {
          "@type": "Question",
          "name": "Do I earn Play Points when I redeem a gift card?",
          "acceptedAnswer": {
            "@type": "Answer",
            "text": "Redeeming the card alone is not a normal points-earning purchase. Eligible purchases made after joining Play Points can earn points under the account's regional rules."
          }
        },
        {
          "@type": "Question",
          "name": "Can I move unused balance to another account?",
          "acceptedAnswer": {
            "@type": "Answer",
            "text": "Google Play balance is generally not transferable, so confirm the account, country, currency, and amount before buying."
          }
        }
      ]
    }
    </script>
    </body>
    </html>
    
  operator: 'match'
  stack: |-
    TestContext.<anonymous> (/home/runner/work/PlayPoint/PlayPoint/tests/all-article-quality-audit.test.cjs:71:12)
    Test.runInAsyncScope (node:async_hooks:214:14)
    Test.run (node:internal/test_runner/test:1047:25)
    Test.start (node:internal/test_runner/test:944:17)
    startSubtestAfterBootstrap (node:internal/test_runner/harness:296:17)
  ...
# Subtest: article hreflang links are reciprocal and use the Taiwan locale code
ok 2 - article hreflang links are reciprocal and use the Taiwan locale code
  ---
  duration_ms: 39.362964
  type: 'test'
  ...
# Subtest: rewritten gift-card guides contain verifiable checks, not permanent discount claims
ok 3 - rewritten gift-card guides contain verifiable checks, not permanent discount claims
  ---
  duration_ms: 0.965436
  type: 'test'
  ...
# Subtest: known overstatements do not return to published copy
ok 4 - known overstatements do not return to published copy
  ---
  duration_ms: 11.14384
  type: 'test'
  ...
# Subtest: 通常のウィークリーリワードと例外的な週次特典を区別して案内する
ok 5 - 通常のウィークリーリワードと例外的な週次特典を区別して案内する
  ---
  duration_ms: 1.243489
  type: 'test'
  ...
# Subtest: 入門記事の獲得対象は現在の日本向け公式案内に合わせる
ok 6 - 入門記事の獲得対象は現在の日本向け公式案内に合わせる
  ---
  duration_ms: 0.39468
  type: 'test'
  ...
# Subtest: 週次特典を使う補足記事にもシルバー以上の条件を明記する
ok 7 - 週次特典を使う補足記事にもシルバー以上の条件を明記する
  ---
  duration_ms: 0.323425
  type: 'test'
  ...
# Subtest: ゲーム以外の記事は終了・未確認サービスを獲得対象と断定しない
ok 8 - ゲーム以外の記事は終了・未確認サービスを獲得対象と断定しない
  ---
  duration_ms: 1.128765
  type: 'test'
  ...
# Subtest: サブスク記事は現行の公式確認項目だけを例示する
ok 9 - サブスク記事は現行の公式確認項目だけを例示する
  ---
  duration_ms: 0.435846
  type: 'test'
  ...
# Subtest: ダイヤモンド記事は未公表の週次上限を事実扱いしない
ok 10 - ダイヤモンド記事は未公表の週次上限を事実扱いしない
  ---
  duration_ms: 0.26054
  type: 'test'
  ...
# Subtest: 反映時間は公式案内にない時間幅を断定しない
ok 11 - 反映時間は公式案内にない時間幅を断定しない
  ---
  duration_ms: 0.277423
  type: 'test'
  ...
# Subtest: 終了済みの2025年末から2026年正月予測には履歴記事の明示がある
ok 12 - 終了済みの2025年末から2026年正月予測には履歴記事の明示がある
  ---
  duration_ms: 0.258497
  type: 'test'
  ...
# Subtest: static blog article links follow article registry titles and remain idempotent
ok 13 - static blog article links follow article registry titles and remain idempotent
  ---
  duration_ms: 3.632817
  type: 'test'
  ...
# Subtest: 地域別の公式レート・年間しきい値・通貨単位を固定する
ok 14 - 地域別の公式レート・年間しきい値・通貨単位を固定する
  ---
  duration_ms: 6.206131
  type: 'test'
  ...
# Subtest: 共通説明は年初再判定・残高と年間進捗の違いを公式URL付きで示す
ok 15 - 共通説明は年初再判定・残高と年間進捗の違いを公式URL付きで示す
  ---
  duration_ms: 0.438439
  type: 'test'
  ...
# Subtest: トップは倍率と直接レートを代替入力として説明し、入力境界をHTMLでも制約する
ok 16 - トップは倍率と直接レートを代替入力として説明し、入力境界をHTMLでも制約する
  ---
  duration_ms: 0.599675
  type: 'test'
  ...
# Subtest: 4言語トップは対象条件・保存範囲・aria-labelを初期表示から翻訳する
ok 17 - 4言語トップは対象条件・保存範囲・aria-labelを初期表示から翻訳する
  ---
  duration_ms: 1.22876
  type: 'test'
  ...
# Subtest: 海外の既存ギフトカード割引記事を記事ハブと人向けサイトマップから発見できる
ok 18 - 海外の既存ギフトカード割引記事を記事ハブと人向けサイトマップから発見できる
  ---
  duration_ms: 0.546654
  type: 'test'
  ...
# Subtest: アプリモジュール変更がService Worker用の指紋を必ず変える
ok 19 - アプリモジュール変更がService Worker用の指紋を必ず変える
  ---
  duration_ms: 1.629147
  type: 'test'
  ...
# Subtest: 記事一覧は4つの検索意図カテゴリだけを使う
ok 20 - 記事一覧は4つの検索意図カテゴリだけを使う
  ---
  duration_ms: 2.061277
  type: 'test'
  ...
# Subtest: 反映トラブルの重複記事は新しい包括記事へ恒久統合する
ok 21 - 反映トラブルの重複記事は新しい包括記事へ恒久統合する
  ---
  duration_ms: 2.180327
  type: 'test'
  ...
# Subtest: 主要検索記事は即答と判明・不明の境界を静的HTMLで示す
ok 22 - 主要検索記事は即答と判明・不明の境界を静的HTMLで示す
  ---
  duration_ms: 1.577648
  type: 'test'
  ...
# Subtest: 既存CTAの有無にかかわらず記事冒頭近くへ計算導線を置く
ok 23 - 既存CTAの有無にかかわらず記事冒頭近くへ計算導線を置く
  ---
  duration_ms: 0.412504
  type: 'test'
  ...
# Subtest: 引用用比較表は恒久URL・固定アンカー・一次情報を持つ
ok 24 - 引用用比較表は恒久URL・固定アンカー・一次情報を持つ
  ---
  duration_ms: 1.026248
  type: 'test'
  ...
# Subtest: 公開記事はトップから3クリック以内で到達できる
ok 25 - 公開記事はトップから3クリック以内で到達できる
  ---
  duration_ms: 52.779935
  type: 'test'
  ...
# Subtest: 深いURLでも同意管理スクリプトをサイトルートから読み込む
ok 26 - 深いURLでも同意管理スクリプトをサイトルートから読み込む
  ---
  duration_ms: 0.247192
  type: 'test'
  ...
# Subtest: PlayPointと無関係なツールはKatakataLabへ移設し旧URLを恒久転送する
ok 27 - PlayPointと無関係なツールはKatakataLabへ移設し旧URLを恒久転送する
  ---
  duration_ms: 1.689418
  type: 'test'
  ...
# Subtest: 公開HTMLと生成元にサイト内遷移用UTMを残さない
ok 28 - 公開HTMLと生成元にサイト内遷移用UTMを残さない
  ---
  duration_ms: 27.109714
  type: 'test'
  ...
# Subtest: プライバシー文書はWeb版と認定CMPの運用に一致する
ok 29 - プライバシー文書はWeb版と認定CMPの運用に一致する
  ---
  duration_ms: 0.523973
  type: 'test'
  ...
# Subtest: 再訪と配布の主要イベントだけを許可する
ok 30 - 再訪と配布の主要イベントだけを許可する
  ---
  duration_ms: 0.876136
  type: 'test'
  ...
# Subtest: ウィジェット作成ページは狭い画面でグリッド内容をはみ出させない
ok 31 - ウィジェット作成ページは狭い画面でグリッド内容をはみ出させない
  ---
  duration_ms: 0.362447
  type: 'test'
  ...
# ok - 実ユーザー速度は同意後に匿名区分だけを計測する
# ok - トップページに年間グラフと独自計算図がある
# ok - ビルド後HTMLは外部Google Fontsへ接続しない
# ok - Search ConsoleとGA4の運用手順が実行可能な粒度で残る
# ok - 運営者ページに検証工程と外部プロフィールの関係を明示する
# ok - 今回はWeb Share APIを追加しない
# Subtest: tests/growth-priority.test.cjs
ok 7 - tests/growth-priority.test.cjs
  ---
  duration_ms: 61.634327
  type: 'test'
  ...
# Subtest: mapWithConcurrencyは指定した同時実行数を超えず入力順を保持する
ok 33 - mapWithConcurrencyは指定した同時実行数を超えず入力順を保持する
  ---
  duration_ms: 17.556609
  type: 'test'
  ...
# Subtest: mapWithConcurrencyは一件の失敗後も残りを検査する
ok 34 - mapWithConcurrencyは一件の失敗後も残りを検査する
  ---
  duration_ms: 0.576093
  type: 'test'
  ...
# Subtest: retryは失敗対象だけを指定回数まで再試行する
ok 35 - retryは失敗対象だけを指定回数まで再試行する
  ---
  duration_ms: 3.830243
  type: 'test'
  ...
# Subtest: クーポン・Playクレジット問題解決記事は4言語でSEO公開要件を満たす
ok 36 - クーポン・Playクレジット問題解決記事は4言語でSEO公開要件を満たす
  ---
  duration_ms: 4.068962
  type: 'test'
  ...
# Subtest: 専用サイトマップは8記事と完全なhreflangを持ちrobots.txtから発見できる
ok 37 - 専用サイトマップは8記事と完全なhreflangを持ちrobots.txtから発見できる
  ---
  duration_ms: 0.363779
  type: 'test'
  ...
# Subtest: 言語別一覧・人向けサイトマップ・日本語ブログから記事を発見できる
ok 38 - 言語別一覧・人向けサイトマップ・日本語ブログから記事を発見できる
  ---
  duration_ms: 0.609248
  type: 'test'
  ...
# Subtest: 新規記事のサイト内リンク先はすべて存在する
ok 39 - 新規記事のサイト内リンク先はすべて存在する
  ---
  duration_ms: 3.028255
  type: 'test'
  ...
# Subtest: 海外向け維持計算は地域別の公式門檻・積点率・通貨を分ける
ok 40 - 海外向け維持計算は地域別の公式門檻・積点率・通貨を分ける
  ---
  duration_ms: 6.433867
  type: 'test'
  ...
# Subtest: 地域外の維持門檻や通貨を流用していない
ok 41 - 地域外の維持門檻や通貨を流用していない
  ---
  duration_ms: 1.094459
  type: 'test'
  ...
# Subtest: 維持計算ロジックは不足点・通常時・倍率・年末ペースを計算する
ok 42 - 維持計算ロジックは不足点・通常時・倍率・年末ペースを計算する
  ---
  duration_ms: 0.256825
  type: 'test'
  ...
# Subtest: 日本語既存ページと海外6ページは完全なhreflangで相互接続する
ok 43 - 日本語既存ページと海外6ページは完全なhreflangで相互接続する
  ---
  duration_ms: 1.657805
  type: 'test'
  ...
# Subtest: 専用サイトマップ・robots・一覧から地域別維持計算を発見できる
ok 44 - 専用サイトマップ・robots・一覧から地域別維持計算を発見できる
  ---
  duration_ms: 0.870108
  type: 'test'
  ...
# Subtest: 生成設定は手書き維持計算を上書きせずサイトマップ対象に保つ
ok 45 - 生成設定は手書き維持計算を上書きせずサイトマップ対象に保つ
  ---
  duration_ms: 7.656429
  type: 'test'
  ...
# Subtest: 維持解説・比較記事から同一地域の計算ページへ進める
ok 46 - 維持解説・比較記事から同一地域の計算ページへ進める
  ---
  duration_ms: 0.847778
  type: 'test'
  ...
# Subtest: manual multilingual guide links survive regeneration exactly once
ok 47 - manual multilingual guide links survive regeneration exactly once
  ---
  duration_ms: 7.152131
  type: 'test'
  ...
# Subtest: プラチナ・ダイヤモンド比較は地域別公式数値と計算条件を明示する
ok 48 - プラチナ・ダイヤモンド比較は地域別公式数値と計算条件を明示する
  ---
  duration_ms: 2.434619
  type: 'test'
  ...
# Subtest: 地域の通貨とランク条件を他地域から流用していない
ok 49 - 地域の通貨とランク条件を他地域から流用していない
  ---
  duration_ms: 2.030125
  type: 'test'
  ...
# Subtest: 専用サイトマップと記事一覧から4言語ページを発見できる
ok 50 - 専用サイトマップと記事一覧から4言語ページを発見できる
  ---
  duration_ms: 0.808175
  type: 'test'
  ...
# Subtest: 日本語記事データと配信ファイルの更新日・説明が一致する
ok 51 - 日本語記事データと配信ファイルの更新日・説明が一致する
  ---
  duration_ms: 0.806733
  type: 'test'
  ...
# Subtest: 独立管理の記事は生成処理で上書きされずサイトマップ対象に残る
ok 52 - 独立管理の記事は生成処理で上書きされずサイトマップ対象に残る
  ---
  duration_ms: 1.932474
  type: 'test'
  ...
# Subtest: ランク維持記事は4言語で相互接続され公式条件とSEO要件を満たす
ok 53 - ランク維持記事は4言語で相互接続され公式条件とSEO要件を満たす
  ---
  duration_ms: 3.15094
  type: 'test'
  ...
# Subtest: 日本語の既存記事と記事データは同じ更新日を持つ
ok 54 - 日本語の既存記事と記事データは同じ更新日を持つ
  ---
  duration_ms: 2.229964
  type: 'test'
  ...
# Subtest: 専用サイトマップは4言語URLと完全なhreflangを持ちrobots.txtから発見できる
ok 55 - 専用サイトマップは4言語URLと完全なhreflangを持ちrobots.txtから発見できる
  ---
  duration_ms: 0.410802
  type: 'test'
  ...
# Subtest: 言語別一覧と人向けサイトマップから新しい記事へ移動できる
ok 56 - 言語別一覧と人向けサイトマップから新しい記事へ移動できる
  ---
  duration_ms: 0.560032
  type: 'test'
  ...
# Subtest: 新しい多言語記事のサイト内リンク先は存在する
ok 57 - 新しい多言語記事のサイト内リンク先は存在する
  ---
  duration_ms: 1.946553
  type: 'test'
  ...
# Subtest: reward and quest topics have complete Japanese, English, Korean and Taiwan clusters
ok 58 - reward and quest topics have complete Japanese, English, Korean and Taiwan clusters
  ---
  duration_ms: 3.926521
  type: 'test'
  ...
# Subtest: new international guides are substantial, sourced and usable instead of thin translations
ok 59 - new international guides are substantial, sourced and usable instead of thin translations
  ---
  duration_ms: 4.810128
  type: 'test'
  ...
# Subtest: Super Weekly Reward articles explain stock and the Super Ticket trade-off without promising premium prizes
ok 60 - Super Weekly Reward articles explain stock and the Super Ticket trade-off without promising premium prizes
  ---
  duration_ms: 1.773181
  type: 'test'
  ...
# Subtest: quest articles cover account-specific conditions, qualifying purchases, sign-in and refunds
ok 61 - quest articles cover account-specific conditions, qualifying purchases, sign-in and refunds
  ---
  duration_ms: 1.170191
  type: 'test'
  ...
# Subtest: locale indexes and the dedicated sitemap expose all six new international guides
ok 62 - locale indexes and the dedicated sitemap expose all six new international guides
  ---
  duration_ms: 1.488247
  type: 'test'
  ...
# Subtest: ポイント利用・参加条件記事は3言語でSEO公開要件を満たす
ok 63 - ポイント利用・参加条件記事は3言語でSEO公開要件を満たす
  ---
  duration_ms: 2.364794
  type: 'test'
  ...
# Subtest: 専用サイトマップは6記事を公開しrobots.txtから発見できる
ok 64 - 専用サイトマップは6記事を公開しrobots.txtから発見できる
  ---
  duration_ms: 1.009455
  type: 'test'
  ...
# Subtest: 新規記事のサイト内リンク先は存在する
ok 65 - 新規記事のサイト内リンク先は存在する
  ---
  duration_ms: 2.678696
  type: 'test'
  ...
# Subtest: 週次特典と複数アカウント記事は3言語で公開要件を満たす
ok 66 - 週次特典と複数アカウント記事は3言語で公開要件を満たす
  ---
  duration_ms: 2.889675
  type: 'test'
  ...
# Subtest: 新規記事は同一言語内で相互に接続される
ok 67 - 新規記事は同一言語内で相互に接続される
  ---
  duration_ms: 0.815966
  type: 'test'
  ...
# Subtest: 国際ガイド専用サイトマップをrobots.txtから発見できる
ok 68 - 国際ガイド専用サイトマップをrobots.txtから発見できる
  ---
  duration_ms: 0.487485
  type: 'test'
  ...
# Subtest: 新規国際記事のローカルリンク先はすべて存在する
ok 69 - 新規国際記事のローカルリンク先はすべて存在する
  ---
  duration_ms: 2.384892
  type: 'test'
  ...
# Subtest: 最新情報ハブは確認範囲・公式参照・確認日を明示する
ok 70 - 最新情報ハブは確認範囲・公式参照・確認日を明示する
  ---
  duration_ms: 1.704559
  type: 'test'
  ...
# Subtest: 最新情報ハブは週次3制度とクエストを別項目として扱う
ok 71 - 最新情報ハブは週次3制度とクエストを別項目として扱う
  ---
  duration_ms: 0.382423
  type: 'test'
  ...
# Subtest: 生成処理は確認していない日に最新情報ハブの日付を進めない
ok 72 - 生成処理は確認していない日に最新情報ハブの日付を進めない
  ---
  duration_ms: 0.161256
  type: 'test'
  ...
# Subtest: 鮮度検査は14日を超えた確認日を検出する
ok 73 - 鮮度検査は14日を超えた確認日を検出する
  ---
  duration_ms: 1.652539
  type: 'test'
  ...
# Subtest: 運用手順は日付だけの更新と個別オファーの一般化を禁止する
ok 74 - 運用手順は日付だけの更新と個別オファーの一般化を禁止する
  ---
  duration_ms: 0.331265
  type: 'test'
  ...
# Subtest: 記事CSSは外部化され、AdSense以外のinline styleを残さない
ok 75 - 記事CSSは外部化され、AdSense以外のinline styleを残さない
  ---
  duration_ms: 16.183576
  type: 'test'
  ...
# Subtest: 記事のローカルCSSは内容ハッシュ付きURLで参照する
ok 76 - 記事のローカルCSSは内容ハッシュ付きURLで参照する
  ---
  duration_ms: 13.999133
  type: 'test'
  ...
# Subtest: 記事のローカルJavaScriptも内容ハッシュ付きURLで参照する
ok 77 - 記事のローカルJavaScriptも内容ハッシュ付きURLで参照する
  ---
  duration_ms: 16.973286
  type: 'test'
  ...
# Subtest: 公開HTMLのローカルCSS・JavaScriptは実ファイルと一致する内容ハッシュを使う
ok 78 - 公開HTMLのローカルCSS・JavaScriptは実ファイルと一致する内容ハッシュを使う
  ---
  duration_ms: 62.134554
  type: 'test'
  ...
# Subtest: 画面外描画の最適化は長文下部だけに限定し、印刷時に解除する
ok 79 - 画面外描画の最適化は長文下部だけに限定し、印刷時に解除する
  ---
  duration_ms: 0.524414
  type: 'test'
  ...
# Subtest: バージョン付き資産だけを1年間immutableでキャッシュする
ok 80 - バージョン付き資産だけを1年間immutableでキャッシュする
  ---
  duration_ms: 0.311839
  type: 'test'
  ...
# Subtest: 低性能Android相当の定期Lighthouse検査を固定バージョンで実行する
ok 81 - 低性能Android相当の定期Lighthouse検査を固定バージョンで実行する
  ---
  duration_ms: 0.316215
  type: 'test'
  ...
# Subtest: 未参照だった旧共通CSSを公開物に残さない
ok 82 - 未参照だった旧共通CSSを公開物に残さない
  ---
  duration_ms: 0.17896
  type: 'test'
  ...
# Subtest: PRでは秘密情報を使わず一つのジョブで全事前検証を実行する
ok 83 - PRでは秘密情報を使わず一つのジョブで全事前検証を実行する
  ---
  duration_ms: 1.835634
  type: 'test'
  ...
# Subtest: 事前検証は全テストを自動収集し失敗工程を最後にまとめる
ok 84 - 事前検証は全テストを自動収集し失敗工程を最後にまとめる
  ---
  duration_ms: 0.356389
  type: 'test'
  ...
# Subtest: 事前検証は多言語の公開必須ファイル欠損を検出する
ok 85 - 事前検証は多言語の公開必須ファイル欠損を検出する
  ---
  duration_ms: 0.344863
  type: 'test'
  ...
# Subtest: Service Workerの全先読み対象をデプロイ前に検証する
ok 86 - Service Workerの全先読み対象をデプロイ前に検証する
  ---
  duration_ms: 0.262943
  type: 'test'
  ...
# Subtest: 通常の事前検証は生成・圧縮対象を元に戻しデプロイ時だけ保持する
ok 87 - 通常の事前検証は生成・圧縮対象を元に戻しデプロイ時だけ保持する
  ---
  duration_ms: 0.4325
  type: 'test'
  ...
# Subtest: ルートService Workerは画面遷移をネットワーク優先で更新する
ok 88 - ルートService Workerは画面遷移をネットワーク優先で更新する
  ---
  duration_ms: 0.252769
  type: 'test'
  ...
# Subtest: ルートキャッシュ世代は全共有アセット版から自動生成する
ok 89 - ルートキャッシュ世代は全共有アセット版から自動生成する
  ---
  duration_ms: 0.299522
  type: 'test'
  ...
# Subtest: アプリモジュールのキャッシュ世代は改行コードが違っても一致する
ok 90 - アプリモジュールのキャッシュ世代は改行コードが違っても一致する
  ---
  duration_ms: 4.599225
  type: 'test'
  ...
# Subtest: 本番確認は配信されたコミットSHAを完全一致で検証する
ok 91 - 本番確認は配信されたコミットSHAを完全一致で検証する
  ---
  duration_ms: 0.638046
  type: 'test'
  ...
# Subtest: 本番デプロイは実行中ジョブを中断せず待機中の最新版だけを残す
ok 92 - 本番デプロイは実行中ジョブを中断せず待機中の最新版だけを残す
  ---
  duration_ms: 0.533286
  type: 'test'
  ...
# Subtest: HTTP検査は同時接続数を制限し失敗対象だけを再試行する
ok 93 - HTTP検査は同時接続数を制限し失敗対象だけを再試行する
  ---
  duration_ms: 1.330256
  type: 'test'
  ...
# Subtest: 外部Actionは固定SHAで実行しDependabotで月次更新する
ok 94 - 外部Actionは固定SHAで実行しDependabotで月次更新する
  ---
  duration_ms: 0.407437
  type: 'test'
  ...
# Subtest: 新規記事は記事台帳へ一意に登録される
ok 95 - 新規記事は記事台帳へ一意に登録される
  ---
  duration_ms: 1.31148
  type: 'test'
  ...
# Subtest: スーパーウィークリー記事は一般条件と個別条件を分離する
ok 96 - スーパーウィークリー記事は一般条件と個別条件を分離する
  ---
  duration_ms: 1.962856
  type: 'test'
  ...
# Subtest: クエスト記事は対象・購入・ログイン・返金条件を案内する
ok 97 - クエスト記事は対象・購入・ログイン・返金条件を案内する
  ---
  duration_ms: 0.27571
  type: 'test'
  ...
# Subtest: 週次親記事は3制度を比較し日記を主要導線にする
ok 98 - 週次親記事は3制度を比較し日記を主要導線にする
  ---
  duration_ms: 0.329111
  type: 'test'
  ...
# Subtest: 無料獲得記事は無料・追加購入なし・有料条件を混同しない
ok 99 - 無料獲得記事は無料・追加購入なし・有料条件を混同しない
  ---
  duration_ms: 0.258838
  type: 'test'
  ...
# Subtest: 買い切り購入と継続課金の記事は役割を相互案内する
ok 100 - 買い切り購入と継続課金の記事は役割を相互案内する
  ---
  duration_ms: 0.328291
  type: 'test'
  ...
# Subtest: 今回のPlay Points公式記事群へ第三者決済キャンペーンを混入させない
ok 101 - 今回のPlay Points公式記事群へ第三者決済キャンペーンを混入させない
  ---
  duration_ms: 1.11722
  type: 'test'
  ...
# Subtest: 海外向け案内は英語を全世界共通レートとして案内しない
ok 102 - 海外向け案内は英語を全世界共通レートとして案内しない
  ---
  duration_ms: 1.344325
  type: 'test'
  ...
# Subtest: 多言語トップの実行時記事リンクは各言語の記事一覧を指す
ok 103 - 多言語トップの実行時記事リンクは各言語の記事一覧を指す
  ---
  duration_ms: 5.468942
  type: 'test'
  ...
# Subtest: 日本語の必要ポイント例はあとがきにつながる実例1728を保つ
ok 104 - 日本語の必要ポイント例はあとがきにつながる実例1728を保つ
  ---
  duration_ms: 2.799929
  type: 'test'
  ...
# Subtest: 結果カードの見出しだけをブロック化し、金額の内訳は分断しない
ok 105 - 結果カードの見出しだけをブロック化し、金額の内訳は分断しない
  ---
  duration_ms: 0.464093
  type: 'test'
  ...
# Subtest: CSPは計測と広告品質確認で実際に使う接続先を許可する
ok 106 - CSPは計測と広告品質確認で実際に使う接続先を許可する
  ---
  duration_ms: 0.496347
  type: 'test'
  ...
# Subtest: 日記の景品選択には全言語で読み上げ可能な名前がある
ok 107 - 日記の景品選択には全言語で読み上げ可能な名前がある
  ---
  duration_ms: 2.204089
  type: 'test'
  ...
# Subtest: トップページは大きな画像プレビューとOGP画像サイズを明示する
ok 108 - トップページは大きな画像プレビューとOGP画像サイズを明示する
  ---
  duration_ms: 0.746272
  type: 'test'
  ...
# Subtest: 初期操作に必要なアプリモジュールは依存解析前から取得を開始する
ok 109 - 初期操作に必要なアプリモジュールは依存解析前から取得を開始する
  ---
  duration_ms: 0.821033
  type: 'test'
  ...
# Subtest: 日記の重複通知を表示せず、カレンダー登録は残す
ok 110 - 日記の重複通知を表示せず、カレンダー登録は残す
  ---
  duration_ms: 0.966677
  type: 'test'
  ...
# Subtest: 地域差案内は日本語トップでも英語の注意導線として表示する
ok 111 - 地域差案内は日本語トップでも英語の注意導線として表示する
  ---
  duration_ms: 0.921237
  type: 'test'
  ...
# Subtest: 計算方法と検証方針を全言語で本文から確認できる
ok 112 - 計算方法と検証方針を全言語で本文から確認できる
  ---
  duration_ms: 0.766028
  type: 'test'
  ...
# Subtest: 広告と計測は初期表示後に低優先度で読み込む
ok 113 - 広告と計測は初期表示後に低優先度で読み込む
  ---
  duration_ms: 0.285082
  type: 'test'
  ...
# ok - 著者ページのOGP画像は実在する
# ok - 計算機は有限値とHTMLの上下限を検証する
# ok - ルートService WorkerはGETの許可対象だけを安定したキーでキャッシュする
# ok - GAとAdSenseは地域別Consent ModeとGoogle認定CMPに従う
# ok - 計測イベントは同意済みラッパー経由だけで送信する
# ok - ルートService Workerは自分のキャッシュだけを削除対象にする
# ok - ルートService Workerはprecache失敗時に壊れたまま有効化しない
# ok - デプロイ同期は公開不要な運用ファイルを除外する
# ok - JSミニファイは文字列中のスラッシュコメント風テキストを壊さない
# ok - デプロイ時ミニファイはPlayPoint本体・ブログ・ウィジェットを対象にする
# ok - デプロイ前検証はミニファイ後JSの構文を確認する
# ok - CIデプロイはコミット済み成果物だけを公開する
# ok - デプロイ前JS構文検証はGitHub Actions用スクリプトも対象にする
# ok - 多言語トップはJS実行前の主要文言も翻訳済みにする
# ok - 同意済み計測はGA本体ロード前のイベントを短期キューへ保持する
# ok - Xserver同期後に本番スモークテストを実行する
# ok - Xserver同期後に本番SEOヘルスチェックを実行する
# ok - デプロイ検証の変更でもワークフローを実行する
# ok - デプロイ前検証は全テストをミニファイ前後に実行する
# ok - 本番スモークテストの期待文字列は配信元ファイルに存在する
# ok - 本番スモークテストは主要PlayPointページと言語トップを確認する
# Subtest: tests/playpoint-nine-fixes.test.cjs
ok 22 - tests/playpoint-nine-fixes.test.cjs
  ---
  duration_ms: 63.505885
  type: 'test'
  ...
# ok - ステータス選択の初期値はブロンズになる
# ok - 通常計算では現在ステータスから次のランクだけを目標にする
# ok - 前年からランクを引き継いだ場合も目標閾値全体を入力できる
# ok - 直接レートと倍率は代替入力として高い方と採用理由を返す
# ok - 金曜の開始時刻を過ぎたカレンダー登録は翌週を使う
# ok - 月平均の分母は年末までの残日数から切り上げ月数で計算する
# ok - 12月31日でも通常計算は合計必要額を表示する
# ok - 必要ポイントはHTMLの整数制約に違反する小数を拒否する
# ok - 記事件数は言語UI更新後に実際の件数で再描画する
# ok - フッターの運営者リンクは色だけに頼らず下線で区別する
# ok - モバイルのヘッダーリンクは内側余白を含めて画面幅に収める
# ok - デスクトップのトップバーは言語切替と補助リンクを同じ段に収める
# ok - 通常計算の結果は週平均と1日あたりの目安も表示する
# ok - 通常計算の結果は条件別関連記事を最大4件だけ結果の後に表示する
# ok - 計算結果の関連記事は検索意図別LPを優先する
# ok - 計算結果の下には金額や条件に応じた次の判断導線が出る
# ok - 英語トップはJS実行前のファーストビューに日本語の主要文言を残さない
# ok - 英語トップの日記エリアはJS実行前でも英語で読める
# ok - トップのSEO名はGoogle Play Points計算機を主名にし旧名を別名として残す
# ok - 多言語トップの英語名はGoogle Play Points Calculatorを先頭にする
# ok - 検索LPの上部には通常時と倍率別の即答表がある
# ok - READMEと正規化設定は公式URLだけを一次導線にする
# ok - 共有ボタンは結果アクション行にまとめて表示状態を切り替える
# ok - 検索意図別LPは条件付き計算リンクとSEO基本タグを持つ
# ok - ブログRSSとAtomフィードは発見可能で最新記事を含む
# ok - ブログフィード生成は単体でURL正規化・日付順・XMLエスケープを行う
# Successfully synchronized asset versions and dates in sample.html
# ok - HTML同期はアセットバージョンと日付表記を単体で更新する
# ok - HTML置換ヘルパーは日付メタデータと指定アセットだけを更新する
# ok - Service Workerアセット同期は定義済みパスをバージョンキーで更新する
# ok - トップページの更新メタデータ同期は日付と主要アセットだけを更新する
# ok - 多言語生成設定は共通内容の更新日を下回らないメタ行を作る
# ok - 多言語HTML生成は言語別メタ情報と相対パスを同期する
# ok - ダイヤモンド維持LPは最高ランク維持用の条件と文脈に絞る
# ok - キャンペーン/金額LPは日本向けの要約・比較・注意表示を持つ
# ok - ステータス選択の再生成でoptionが重複しない
# ok - 送信XMLサイトマップに登録済みPlay Points記事がすべて含まれている
# ok - トップページは同一URLの英語hreflangを出さない
# ok - 第三者スクリプトは初回操作待ちではなく初期描画後に読み込む
# ok - デプロイ前に全回帰テストを実行する
# ok - デプロイ同期は削除済みファイルを本番からも消す
# ok - テストファイルは本番へ同期しない
# ok - SEO監視はサイトマップ掲載記事も確認する
# ok - Play Pointsの公開canonical URLは送信XMLサイトマップに含める
# ok - blog robots.txtは本番ドメインのサイトマップを指す
# ok - ブログ一覧は記事JSONを正規化してから描画する
# ok - ブログ一覧の記事リンクとサムネイルは許可した相対パスだけを使う
# ok - 記事ページの関連記事も記事JSONを正規化してから描画する
# ok - CSPのscript-srcはhttps全体を許可しない
# ok - 静的配信設定はフィードとローカルフォントを効率よく配信する
# ok - target blankリンクにはnoopener noreferrerを付ける
# ok - blogの再読み込みボタンはインラインonclickを使わない
# ok - blog articles.jsonは実在するPlay Points記事だけを含む
# ok - blog sitemapは登録済みPlay Points記事をすべて含む
# ok - blogと記事ページのローカルリンクは存在するファイルだけを指す
# ok - 記事ページのOGP画像は実ファイルが存在する
# ok - blog SearchActionは実装と同じqパラメータを使う
# ok - blog一覧HTMLはJS実行前でも全記事への静的リンクを持つ
# ok - blogトップは自前のOGP画像とfaviconを使う
# ok - blogトップの説明文は検索結果向けの長さを確保する
# ok - blogの正規URLはindex.htmlを露出しない
# ok - blogトップは外部Google Fontsへ接続しない
# ok - 記事ページの前後ナビは関連記事コンテナが無くても描画される
# ok - blog記事カードクリックをAnalyticsへ送る
# ok - 主要な操作要素は44px以上のタップ領域を持つ
# ok - トップの入力導線は説明を残しつつフォームを圧迫しない
# ok - 狭い画面でも日記タブの文字を省略しない
# ok - 計算と日記保存の完了を個人情報なしでAnalyticsへ送る
# ok - AdSenseタグはConsent Mode設定後に読み込みGoogle認定CMPを起動する
# ok - トップページはブラウザ言語だけでクライアントサイドリダイレクトしない
# ok - ブログのH1はPlay Points攻略記事の検索意図と一致する
# ok - トップページの静的初期表示は古い曜日や年で信頼性を落とさない
# ok - ブログ一覧の静的HTMLは読み込み失敗表示を常時露出しない
# ok - blog articles.jsonは記事ごとのfileキーを1つだけ持つ
# ok - 課金効率記事は煽り表現より条件と注意を前面に出す
# ok - 全記事から有効なGoogle公式ヘルプを確認できる
# ok - 記事HTMLの見出しタグは壊れた属性形式を含まない
# ok - トップページの記事リンクはローカルに存在する公開記事だけを指す
# ok - トップ上部は商業色の強い課金導線を前面に出しすぎない
# ok - 最新情報リンクはヘッダーから外しフッターで維持する
# ok - 計算条件を共有URLへ保存し再訪時に復元できる
# ok - 記事から計算機への導線はセッション参照元を上書きせず計測できる
# ok - 流入施策はLPと結果画面の主要導線を個人情報なしで計測する
# ok - 最新情報ハブは検証日・公式参照・計算機CTAを持つ
# ok - 記事共通CTAは計算機への自然導線と計測文脈を持つ
# ok - 記事末尾CTAは記事文脈ごとに次アクションを出し分ける
# ok - モバイルの補助リンクと共有ボタンは縦に増えすぎない
# ok - モバイル初期表示外の重い領域は遅延描画される
# ok - 記事クラスタは検索意図別LPへ文脈に合う内部リンクを持つ
# ok - ポイント未反映記事は検索意図の即答と計算後導線を上部に持つ
# ok - 外部サイト向け埋め込みウィジェットは依存なしで安全に計算できる
# ok - Analyticsのイベント設計と検証手順が文書化されている
# ok - Service Workerは共有URL機能を含む最新版アセットを事前キャッシュする
# ok - トップページの更新日メタとサイト更新日を用途別に保持する
# ok - サイトマップ同期はトップページ群のlastmodだけを更新する
# ok - 反映タイミング記事は結論と確認手順を見出しで整理する
# ok - CMP起動用のAdSenseタグは二重読み込みしない
# ok - 共有URLは実在するステータス値だけを復元する
# ok - 日記保存イベントはストレージ保存成功時だけ送る
# ok - 記事のAdSenseは本文スクロール後に共通スクリプトから読み込む
# ok - ブログと記事は共通コンポーネントからGA4本体を読み込む
# ok - 共通コンポーネントは既存のヘッダーとフッターを重複生成しない
# ok - 公開されている全記事HTMLが必要なSEOタグと共通AdSense読込を含んでいること
# ok - ブログと記事の変更アセットはバージョン付きURLで配信する
# ok - 記事共通デザインは前後ナビと操作領域とカテゴリー配色を統一する
# ok - ブログのライトテーマとモバイル導線は読みやすさを維持する
# ok - 記事はfaviconを指定しAdSenseが必要とする接続先をCSPで許可する
# ok - 運営者プロフィールは検索可能な独立ページとして公開する
# ok - 全記事は著者ページへリンクしArticle構造化データの著者と発行者を統一する
# ok - ブログ検索タイトルと内部リンクは運営者の専門性を明示する
# ok - サイトマップとSearch Console運用は著者ページと記事群を監視対象にする
# ok - sw.js と各言語版 index.html の style.css バージョンクエリが一致していること
# ok - 多言語HTMLビルド出力の整合性とhreflangの検証
# ok - 海外向けSEOページは主要検索意図ごとに公開可能な構造を持つ
# ok - 海外向けSEOページは既存記事の読み物感と各言語の自然な導線を保つ
# ok - 海外LPは相互hreflangで対応言語とx-defaultを明示する
# ok - 海外向け英語記事は目次と外部化CSSで読みやすさと保守性を保つ
# ok - 海外LPの補助ラベルは各言語に合わせる
# ok - 海外向け韓国語・繁体字記事は公式名寄せのサイト名とプラチナ導線を持つ
# ok - 海外向けSEOは計測対象と追加記事クラスタを持つ
# ok - 国変更・定期購入クラスタは韓国語と繁体字で公式根拠・FAQ・相互hreflangを持つ
# ok - ブロンズ以外のステータスでは、同ランク維持と次のランク昇格が目標に設定される
# ok - 韓国（KR）リージョンの spendUnit 正確性検証
# ok - 削除済みのウィークリーリワード自動差し引きは設定にも計算処理にも残さない
# ok - 平均パック課金額シミュレーションの検証
# ok - 通常還元とキャンペーン還元の差額は既存の購入単位で比較する
# ok - 米国のパック計算は購入ごとのポイントを最も近い整数へ丸める
# ok - 米国の小数パック額は金額全体に還元率を掛けてから購入ごとに丸める
# ok - 海外記事は言語別の記事一覧へ戻り、対応する翻訳版をhreflangで示す
# ok - 国際記事の公開日と更新日は記事データに保持し、生成日で上書きしない
# ok - 海外版の計算結果導線は各言語の実在ページだけを使う
# ok - 海外版トップはJavaScriptなしでも実在する最新情報ハブへリンクする
# ok - 言語トップはURLと異なる保存済み地域設定で表示を上書きしない
# ok - カレンダー登録は固定済みの過去日時を使わない
# ok - 国際記事はビルド日を公開日として上書きしない
# ok - 主要な日本語Play Points記事は検索意図へ答える本文量を保つ
# ok - 断定を避けるべき記事と公式仕様の記事は重要な注意点を保持する
# ok - サイトマップ掲載HTMLは検索結果タイトルと基本SEO要素を保つ
# ok - 国際記事一覧とギフトカード記事は相互hreflangを持つ
# ok - 主要記事のtitleとh1は煽り表現に依存しない
# ok - 修正した記事の一覧タイトルとページtitleは一致する
# ok - 日本語Play Points記事は一覧・OGP・構造化データ・著者メタを同期する
# ok - 更新した記事は一覧・表示・メタデータ・フィード用更新日を一致させる
# ok - フィードは公開日を保ったまま記事の更新日を反映する
# ok - 計算結果のエラー表示とクリアは前回の共有用データを破棄する
# ok - トップの更新日はサイト更新であることを明示する
# ok - 重要記事は2026年時点の公式仕様と判断上の注意を保持する
# ok - 記事共通UIは文脈リンク・主要見出し目次・安定表示を使う
# ok - 記事一覧の静的リンクはarticles.jsonのタイトルと一致する
# ok - トップの記事ドロワーは表示件数とリンク件数を一致させる
# ok - 記事サイトマップのlastmodは記事一覧の更新日と一致する
# ok - サイトマップ生成は記事一覧のmodifiedを自動反映する
# ok - 100ポイント記事は貯める金額と使う価値を分けて案内する
# ok - 100ポイント多言語記事は国別公式レートと相互hreflangを持つ
# ok - 日本語検索クラスターは意図を分けて公式条件を明示する
# ok - 記事ハブとフィードは新しい日本語・多言語記事を発見できる
# ok - ポイント数から必要額を出す計算ツールは4地域で公開可能な構造を持つ
# ok - 現金化ガイドは4言語で公式根拠・相互参照・計算導線を持つ
# ok - 期限・返金・家族共有ガイドは4言語の相互参照と公式根拠を持つ
# Subtest: tests/playpoint-regression.test.cjs
ok 23 - tests/playpoint-regression.test.cjs
  ---
  duration_ms: 244.760661
  type: 'test'
  ...
# Subtest: 送信するXMLサイトマップ間でURLを重複させない
ok 116 - 送信するXMLサイトマップ間でURLを重複させない
  ---
  duration_ms: 2.757772
  type: 'test'
  ...
# Subtest: ルートサイトマップはPlay Pointsの公開導線だけを扱う
ok 117 - ルートサイトマップはPlay Pointsの公開導線だけを扱う
  ---
  duration_ms: 0.714669
  type: 'test'
  ...
# Subtest: 専用XMLサイトマップへ移したURLをルートへ重ねない
ok 118 - 専用XMLサイトマップへ移したURLをルートへ重ねない
  ---
  duration_ms: 0.615876
  type: 'test'
  ...
# Subtest: Play Pointsブログとフィードに家計記事を混在させない
ok 119 - Play Pointsブログとフィードに家計記事を混在させない
  ---
  duration_ms: 0.765508
  type: 'test'
  ...
# Subtest: 人向けサイトマップはPlay Pointsの案内に集中する
ok 120 - 人向けサイトマップはPlay Pointsの案内に集中する
  ---
  duration_ms: 0.361936
  type: 'test'
  ...
# Subtest: 韓国語トップは為替計算をうたわず実際の入力条件を説明する
ok 121 - 韓国語トップは為替計算をうたわず実際の入力条件を説明する
  ---
  duration_ms: 0.279575
  type: 'test'
  ...
# Subtest: Q&Aは現在のランク判定と計算機の責任範囲を明示する
ok 122 - Q&Aは現在のランク判定と計算機の責任範囲を明示する
  ---
  duration_ms: 0.935296
  type: 'test'
  ...
1..122
# tests 122
# suites 0
# pass 121
# fail 1
# cancelled 0
# skipped 0
# todo 0
# duration_ms 843.849389

事前検証で失敗した工程:
- 全回帰テスト
- 圧縮後の全回帰テスト

PRECHECK_EXIT_STATUS=1
