
=== JavaScript構文検証 ===
JS syntax check passed (46 files).

=== 生成物の再現性検証 ===
Synchronized dates and asset versions (v=20260731_2149a) in index.html
[build-html] synchronized editorial structure: 9
Generated /home/runner/work/PlayPoint/PlayPoint/en/index.html successfully.
Generated /home/runner/work/PlayPoint/PlayPoint/ko/index.html successfully.
Generated /home/runner/work/PlayPoint/PlayPoint/tw/index.html successfully.
Successfully synchronized sw.js cache. CACHE_NAME=playpoint-calc-v20260731_2149-b6e3678f
Successfully synchronized consent.js version in third-party.js to v=55813d3bcb
Generated international SEO pages (57 files).
Successfully synchronized asset versions and dates in about-playpoints.html
Successfully synchronized asset versions and dates in info.html
Successfully synchronized asset versions and dates in changelog.html
Successfully synchronized asset versions and dates in attention.html
Successfully synchronized asset versions and dates in privacy.html
Successfully synchronized asset versions and dates in terms.html
Successfully synchronized asset versions and dates in sitemap.html
Successfully synchronized asset versions and dates in embed.html
Successfully synchronized asset versions and dates in latest/index.html
Successfully synchronized asset versions and dates in status/diamond/index.html
Successfully synchronized asset versions and dates in status/platinum/index.html
Successfully synchronized asset versions and dates in status/gold/index.html
Successfully synchronized asset versions and dates in status/silver/index.html
Successfully synchronized asset versions and dates in maintenance/platinum/index.html
Successfully synchronized asset versions and dates in maintenance/diamond/index.html
Successfully synchronized asset versions and dates in campaign/2x/index.html
Successfully synchronized asset versions and dates in campaign/3x/index.html
Successfully synchronized asset versions and dates in campaign/wait/index.html
Successfully synchronized asset versions and dates in amount/10000/index.html
Successfully synchronized asset versions and dates in compare/earning-rates/index.html
Successfully synchronized asset versions and dates in en/articles/2026-06-20-discount-gift-cards.html
Successfully synchronized asset versions and dates in ko/articles/2026-06-20-discount-gift-cards.html
Successfully synchronized asset versions and dates in tw/articles/2026-06-20-discount-gift-cards.html
[public-assets] synchronized content hashes: 28 files
Updated sitemap.xml and blog/sitemap.xml with current article dates (29 articles).
Generated blog feeds (29 articles).
[build-html] stripped external Google Fonts: 0
[build-html] sanitized internal attribution links: 0
Committed build output is reproducible (date=2026-07-31, version=20260731_2149).

=== 公開必須ファイル検証 ===
公開必須ファイルが揃っています。

=== Service Worker先読み対象検証 ===
Service Worker先読み対象が揃っています（38件）。

=== 公開記事の3クリック以内検証 ===
公開記事のクリック深度: 95件、最大3クリック

=== 全回帰テスト ===
TAP version 13
# Subtest: the complete published article corpus keeps structural quality signals
not ok 1 - the complete published article corpus keeps structural quality signals
  ---
  duration_ms: 14.277937
  type: 'test'
  location: '/home/runner/work/PlayPoint/PlayPoint/tests/all-article-quality-audit.test.cjs:46:1'
  failureType: 'testCodeFailure'
  error: 'articles/2025-12-25-campaign.html: related reading section is missing'
  code: 'ERR_ASSERTION'
  name: 'AssertionError'
  expected:
  actual: |-
    <!doctype html>
    <html lang="ja">
    
    <head>
        <meta charset="utf-8" />
        <meta name="viewport" content="width=device-width, initial-scale=1" />
    
            <meta name="robots" content="index,follow,max-image-preview:large" />
        <meta name="author" content="かたかた" />
    <!-- SEO -->
        <title>Google Play Pointsのキャンペーンは待つべき？増量率の確認と課金判断</title>
        <meta name="description" content="Google Play Pointsの増量キャンペーンを待つべきか、対象アカウント、開始操作、最高獲得率、期限を確認し、通常時との必要額を比較する方法を解説します。" />
        <link rel="canonical" href="https://playpoint-sim.com/articles/2025-12-25-campaign.html" />
    
        <meta name="article:category" content="キャンペーン" />
        <link rel="icon" href="../favicon.svg" type="image/svg+xml" />
        <!-- OGP -->
        <meta property="og:type" content="article" />
            <meta property="article:published_time" content="2025-12-25T00:00:00+09:00" />
        <meta property="article:modified_time" content="2026-07-30T00:00:00+09:00" />
    <meta property="og:title" content="Google Play Pointsのキャンペーンは待つべき？増量率の確認と課金判断" />
        <meta property="og:description" content="Google Play Pointsの増量キャンペーンを待つべきか、対象アカウント、開始操作、最高獲得率、期限を確認し、通常時との必要額を比較する方法を解説します。" />
        <meta property="og:url" content="https://playpoint-sim.com/articles/2025-12-25-campaign.html" />
        <meta property="og:image" content="https://playpoint-sim.com/articles/ogp/campaign.png" />
        <meta property="og:site_name" content="Playポイント計算機" />
        <meta name="twitter:card" content="summary_large_image" />
    
        <link rel="stylesheet" href="/articles/article-legacy.css?v=cf9c90e6a2" />
    <link rel="stylesheet" href="/articles/styles/2025-12-25-campaign.css?v=b374abe64f" />
        <link rel="stylesheet" href="./article-shared.css?v=309339d951" />
    </head>
    
    <body>
    
    
        <main class="main-card">
            <!-- Hero -->
            <div class="hero">
                <span class="hero-badge">🔥 キャンペーン</span>
                <h1>Google Play Pointsのキャンペーンは待つべき？<br>増量率の確認と課金判断</h1>
                <p class="hero-meta">📅 2026/07/30 更新 ・ ⏱ 読了 5分</p>
            </div>
    
            <article class="content">
                <!-- editorial-summary:start -->
                <section class="answer-box editorial-answer" aria-labelledby="quick-answer">
                    <h2 id="quick-answer">先に結論</h2>
                    <p>キャンペーンを待つかは、予定している購入だけを通常・2倍・3倍で比較し、対象アプリ、期間、開始操作、上限を確認して判断します。</p>
                </section>
                <section class="knowledge-boundary" aria-labelledby="known-unknown">
                    <h2 id="known-unknown">判明していること／このサイトからは不明なこと</h2>
                    <div class="knowledge-boundary__grid">
                        <div>
                            <h3>判明していること</h3>
                            <ul><li>通常時の獲得率を基準にすると、キャンペーン分の差額を比較できます。</li><li>倍率は対象商品と対象期間へだけ適用する必要があります。</li></ul>
                        </div>
                        <div>
                            <h3>このサイトからは不明なこと</h3>
                            <ul><li>次回キャンペーンの開催時期や、個別アカウントが対象になるかは予測できません。</li><li>Google Playに表示されていない倍率を確定情報として扱うことはできません。</li></ul>
                        </div>
                    </div>
                    <p class="knowledge-boundary__source"><a href="/compare/earning-rates/#campaign-comparison">通常・2倍・3倍の引用用比較表を見る</a></p>
                </section>
                <!-- editorial-summary:end -->
                <!-- Intro -->
                <div class="intro">
                    <strong>結論：必要な購入がある時に、対象の増量が表示されていれば利用価値があります。</strong><br>
                    倍率だけで不要な購入を増やさず、対象・期間・有効化条件を確認して判断します。
                </div>
    
                <!-- Summary -->
                <div class="summary-box">
                    <h2>先に結論</h2>
                    <ul>
                        <li>購入予定がある場合は、通常時より必要額を抑えられる</li>
                        <li>開催予測より、<strong>購入直前の表示確認</strong>を優先する</li>
                        <li>倍率は重複せず、<strong>最も高い獲得レートが適用</strong>される</li>
                    </ul>
                </div>
    
                <!-- Section: ポイント増量とは -->
                <section class="section">
                    <h2>🎁 ポイント増量キャンペーンとは？</h2>
                    <p>Google Play Pointsでは、購入内容（タイトルなど）によって<strong>通常より高い獲得レート</strong>が提示されることがあります（プロモーション/オファー）。</p>
                    <p>たとえば通常のブロンズ会員は<strong>100円あたり1ポイント</strong>ですが、特別オファーで<strong>100円あたり3ポイント</strong>のように、上のレートが表示される例があります。
                    </p>
    
                    <div class="callout callout-success">
                        <h3>💡 覚え方</h3>
                        <p>「倍率が何倍か」を覚えるより、<strong>"今画面に表示されている獲得レート（pt/100円）"</strong>を信じるのが一番安全です。</p>
                    </div>
                </section>
    
                <!-- Section: 開催タイミング -->
                <section class="section">
                    <h2>開催タイミングを断定できない理由</h2>
                    <p>「金曜〜日曜に多い」と言われがちですが、これは<strong>断言できません</strong>。</p>
                    <p>実際には、数日だけの短期開催で出ることがあり、その結果として<strong>週末にかかる</strong>こともあります。</p>
    
                    <div class="callout callout-info">
                        <h3>確実にできること</h3>
                        <p>課金の前に1回だけ、PlayストアのPlay Points画面を見て、<strong>増量表示が出ているか確認</strong>する。</p>
                        <p>「出ていれば狙う / 出ていなければ無理に待たない」でもOK（自分のプレイスタイル次第）。</p>
                    </div>
                </section>
    
                <!-- Section: 確認手順 -->
                <section class="section">
                    <h2>✅ 課金前に確認する手順</h2>
                    <div class="steps">
                        <ol>
                            <li>Playストアを開く</li>
                            <li>プロフィール → <strong>Play Points</strong> を開く</li>
                            <li><strong>「貯める」</strong>（またはオファーが見えるタブ）で、対象タイトルに増量表示があるか確認</li>
                        </ol>
                    </div>
    
                    <div class="callout callout-warning">
                        <h3>⚠️ 注意</h3>
                        <p>増量オファーは<strong>対象タイトル限定</strong>や<strong>条件付き</strong>の場合があります。</p>
                        <p>「自分が課金するタイトルが対象か」を必ず確認してください。</p>
                    </div>
                </section>
    
                <!-- Section: 重複しない -->
                <section class="section">
                    <h2>倍率は重複せず、最も高い獲得レートが適用される</h2>
                    <p>ここが一番の落とし穴です。Play Pointsでは、一定期間において<strong>利用可能な中で最も高い獲得レートが適用</strong>されます。</p>
                    <p>さらに、<strong>複数のプロモーションは1回の購入に合算できない</strong>とされています。</p>
    
                    <div class="table-card">
                        <table>
                            <tr>
                                <th>状況</th>
                                <th>誤解（やりがち）</th>
                                <th>正しい考え方</th>
                            </tr>
                            <tr>
                                <td>ランク特典と増量が同時にある</td>
                                <td>「ランク＋オファー」で足し算</td>
                                <td><strong>高い方が適用</strong></td>
                            </tr>
                            <tr>
                                <td>オファーが複数ある</td>
                                <td>全部盛りで増える</td>
                                <td><strong>1回の購入で合算されない</strong></td>
                            </tr>
                        </table>
                    </div>
    
                    <div class="callout callout-info">
                        <h3>計算する時の考え方</h3>
                        <p>"倍率"を計算で積み上げるのではなく、<strong>購入画面やオファー画面に出ている「pt/100円」表示</strong>を基準にするのが確実です。</p>
                    </div>
                </section>
    
                <!-- CTA -->
                <div class="cta-box">
                    <h3>🔢 キャンペーン時の獲得ポイントを計算</h3>
                    <p>実際に表示された獲得率で、対象購入の獲得ポイントを試算</p>
                    <a class="cta-btn" href="https://playpoint-sim.com/" target="_blank" rel="noopener noreferrer">計算機を開く →</a>
                    <p class="small article-note-spacing--compact">倍率別に見るなら、<a href="https://playpoint-sim.com/campaign/2x/">2倍キャンペーン時の必要額</a> と <a href="https://playpoint-sim.com/campaign/3x/">3倍キャンペーン時の必要額</a> も確認できます。</p>
                </div>
    
                <p class="article-centered-note">
                    関連ページ：<a href="https://playpoint-sim.com/campaign/2x/">Play Points 2倍キャンペーン攻略</a> ｜ <a href="https://playpoint-sim.com/campaign/3x/">Play Points 3倍キャンペーン攻略</a>
                </p>
    
                <!-- AdSense: playpoint_horizontal -->
                <div class="article-ad-slot">
                    <ins class="adsbygoogle" style="display:block" data-ad-client="ca-pub-3845885843809455"
                        data-ad-slot="8250492620" data-ad-format="auto" data-full-width-responsive="true"></ins>
                    <script>
                        (adsbygoogle = window.adsbygoogle || []).push({});
                    </script>
                </div>
    
                <section class="section">
                    <h2>公式情報で確認できる共通ルール</h2>
                    <ul>
                        <li>同じ購入に複数のプロモーションは合算されません</li>
                        <li>利用できる中で最も高い獲得率が適用されます</li>
                        <li>対象者限定や、購入前の有効化が必要な場合があります</li>
                        <li>期限後の購入は通常のステータス獲得率へ戻ります</li>
                    </ul>
                    <p class="small">参考：<a href="https://support.google.com/googleplay/answer/9077192?co=GENIE.CountryCode%3DJP&amp;hl=ja" target="_blank" rel="noopener noreferrer">ポイント増量プロモーションの条件（Google公式）</a></p>
                </section>
    
                <!-- FAQ -->
                <section class="section">
                    <h2>❓ よくある質問</h2>
    
                    <div class="faq-item">
                        <h3>Q. ポイント増量は週末に多いの？</h3>
                        <p>A. 「週末に多い」と断言はできません。短期開催で週末にかかることがある程度。課金前にPlay Points画面で確認が確実です。</p>
                    </div>
    
                    <div class="faq-item">
                        <h3>Q. ランク特典と増量は足し算される？</h3>
                        <p>A. 原則として足し算されません。利用可能な中で最も高い獲得レートが適用されます。</p>
                    </div>
    
                    <div class="faq-item">
                        <h3>Q. 結局、何を見ればいい？</h3>
                        <p>A. "倍率"を暗記するより、Playストアで表示されている「pt/100円」や、対象タイトルの増量表示を確認するのが確実です。</p>
                    </div>
                </section>
            </article>
    
            <aside class="author-box" aria-label="この記事の著者">
                <p class="author-box-label">この記事を書いた人</p>
                <p class="author-box-name"><a href="../author/katakata.html" rel="author">かたかた</a> — Playポイント計算機 運営・編集</p>
                <p>Google Play公式情報と計算条件を確認し、変更される可能性がある内容は注意点を添えて掲載しています。<a href="../author/katakata.html">運営者・記事の検証方針を見る</a></p>
            </aside>
    
            <!-- Previous / Next Article Navigation -->
            <nav id="article-nav" class="article-nav"></nav>
            <footer class="article-footer">
                <p>
                    📚 <a href="https://playpoint-sim.com/blog/">記事一覧へ戻る</a> ｜
                    🔢 <a href="https://playpoint-sim.com/">計算機トップへ</a>
                </p>
                <p class="small article-note-spacing">
                    免責：本記事は一般情報であり、Google Play Pointsの仕様・増量オファーの有無・条件・表示レートは国/時期/アカウント/対象タイトルで変動する場合があります。
                </p>
            </footer>
        </main>
    
    
    
        <!-- 構造化データ -->
        <script type="application/ld+json">
    {
          "@context": "https://schema.org",
          "@type": "Article",
          "mainEntityOfPage": {
            "@type": "WebPage",
            "@id": "https://playpoint-sim.com/articles/2025-12-25-campaign.html"
          },
          "headline": "Google Play Pointsのキャンペーンは待つべき？増量率の確認と課金判断",
          "description": "Google Play Pointsの増量キャンペーンを待つべきか、対象アカウント、開始操作、最高獲得率、期限を確認し、通常時との必要額を比較する方法を解説します。",
          "inLanguage": "ja",
          "datePublished": "2025-12-25",
          "dateModified": "2026-07-30",
          "image": "https://playpoint-sim.com/articles/ogp/campaign.png",
          "author": {
            "@type": "Person",
            "name": "かたかた",
            "url": "https://playpoint-sim.com/author/katakata.html"
          },
          "publisher": {
            "@type": "Organization",
            "name": "Playポイント計算機",
            "url": "https://playpoint-sim.com/",
            "logo": {
              "@type": "ImageObject",
              "url": "https://playpoint-sim.com/favicon.svg"
            }
          }
        }
        </script>
    
        <script type="application/ld+json">
        {
            "@context": "https://schema.org",
            "@type": "FAQPage",
            "mainEntity": [
                {
                    "@type": "Question",
                    "name": "ポイント増量キャンペーンは週末に多いの？",
                    "acceptedAnswer": { "@type": "Answer", "text": "「週末に多い」と断言はできません。短期開催で週末にかかることがある程度。課金前にPlay Points画面で確認が確実です。" }
                },
                {
                    "@type": "Question",
                    "name": "ランク特典とキャンペーン倍率は足し算される？",
                    "acceptedAnswer": { "@type": "Answer", "text": "原則として足し算されません。利用可能な中で最も高い獲得レートが適用されます。" }
                },
                {
                    "@type": "Question",
                    "name": "どこでポイント増量を確認できる？",
                    "acceptedAnswer": { "@type": "Answer", "text": "PlayストアのPlay Points画面（「貯める」や「使う」）で、対象のオファーや表示を確認できます。" }
                }
            ]
        }
        </script>
    
        <!-- AdSense Auto Ads -->
        <script src="../blog/article.js?v=2cac3022ad"></script>
        <script src="../blog/components.js?v=784e955c93"></script>
    </body>
    
    </html>
    
  operator: 'match'
  stack: |-
    TestContext.<anonymous> (/home/runner/work/PlayPoint/PlayPoint/tests/all-article-quality-audit.test.cjs:71:12)
    Test.runInAsyncScope (node:async_hooks:214:14)
    Test.run (node:internal/test_runner/test:1047:25)
    Test.start (node:internal/test_runner/test:944:17)
    startSubtestAfterBootstrap (node:internal/test_runner/harness:296:17)
  ...
# Subtest: article hreflang links are reciprocal and use the Taiwan locale code
ok 2 - article hreflang links are reciprocal and use the Taiwan locale code
  ---
  duration_ms: 46.658654
  type: 'test'
  ...
# Subtest: rewritten gift-card guides contain verifiable checks, not permanent discount claims
ok 3 - rewritten gift-card guides contain verifiable checks, not permanent discount claims
  ---
  duration_ms: 0.936199
  type: 'test'
  ...
# Subtest: known overstatements do not return to published copy
ok 4 - known overstatements do not return to published copy
  ---
  duration_ms: 10.789125
  type: 'test'
  ...
# Subtest: 通常のウィークリーリワードと例外的な週次特典を区別して案内する
ok 5 - 通常のウィークリーリワードと例外的な週次特典を区別して案内する
  ---
  duration_ms: 1.159284
  type: 'test'
  ...
# Subtest: 入門記事の獲得対象は現在の日本向け公式案内に合わせる
ok 6 - 入門記事の獲得対象は現在の日本向け公式案内に合わせる
  ---
  duration_ms: 0.364399
  type: 'test'
  ...
# Subtest: 週次特典を使う補足記事にもシルバー以上の条件を明記する
ok 7 - 週次特典を使う補足記事にもシルバー以上の条件を明記する
  ---
  duration_ms: 0.313114
  type: 'test'
  ...
# Subtest: ゲーム以外の記事は終了・未確認サービスを獲得対象と断定しない
ok 8 - ゲーム以外の記事は終了・未確認サービスを獲得対象と断定しない
  ---
  duration_ms: 1.165535
  type: 'test'
  ...
# Subtest: サブスク記事は現行の公式確認項目だけを例示する
ok 9 - サブスク記事は現行の公式確認項目だけを例示する
  ---
  duration_ms: 0.37701
  type: 'test'
  ...
# Subtest: ダイヤモンド記事は未公表の週次上限を事実扱いしない
ok 10 - ダイヤモンド記事は未公表の週次上限を事実扱いしない
  ---
  duration_ms: 0.24342
  type: 'test'
  ...
# Subtest: 反映時間は公式案内にない時間幅を断定しない
ok 11 - 反映時間は公式案内にない時間幅を断定しない
  ---
  duration_ms: 0.305472
  type: 'test'
  ...
# Subtest: 終了済みの2025年末から2026年正月予測には履歴記事の明示がある
ok 12 - 終了済みの2025年末から2026年正月予測には履歴記事の明示がある
  ---
  duration_ms: 0.218258
  type: 'test'
  ...
# Subtest: 地域別の公式レート・年間しきい値・通貨単位を固定する
ok 13 - 地域別の公式レート・年間しきい値・通貨単位を固定する
  ---
  duration_ms: 8.090271
  type: 'test'
  ...
# Subtest: 共通説明は年初再判定・残高と年間進捗の違いを公式URL付きで示す
ok 14 - 共通説明は年初再判定・残高と年間進捗の違いを公式URL付きで示す
  ---
  duration_ms: 1.463895
  type: 'test'
  ...
# Subtest: トップは倍率と直接レートを代替入力として説明し、入力境界をHTMLでも制約する
ok 15 - トップは倍率と直接レートを代替入力として説明し、入力境界をHTMLでも制約する
  ---
  duration_ms: 0.874957
  type: 'test'
  ...
# Subtest: 4言語トップは対象条件・保存範囲・aria-labelを初期表示から翻訳する
ok 16 - 4言語トップは対象条件・保存範囲・aria-labelを初期表示から翻訳する
  ---
  duration_ms: 1.782138
  type: 'test'
  ...
# Subtest: 海外の既存ギフトカード割引記事を記事ハブと人向けサイトマップから発見できる
ok 17 - 海外の既存ギフトカード割引記事を記事ハブと人向けサイトマップから発見できる
  ---
  duration_ms: 0.817273
  type: 'test'
  ...
# Subtest: アプリモジュール変更がService Worker用の指紋を必ず変える
ok 18 - アプリモジュール変更がService Worker用の指紋を必ず変える
  ---
  duration_ms: 2.121856
  type: 'test'
  ...
# Subtest: 記事一覧は4つの検索意図カテゴリだけを使う
ok 19 - 記事一覧は4つの検索意図カテゴリだけを使う
  ---
  duration_ms: 1.558861
  type: 'test'
  ...
# Subtest: 反映トラブルの重複記事は新しい包括記事へ恒久統合する
ok 20 - 反映トラブルの重複記事は新しい包括記事へ恒久統合する
  ---
  duration_ms: 1.475604
  type: 'test'
  ...
# Subtest: 主要検索記事は即答と判明・不明の境界を静的HTMLで示す
ok 21 - 主要検索記事は即答と判明・不明の境界を静的HTMLで示す
  ---
  duration_ms: 1.250975
  type: 'test'
  ...
# Subtest: 既存CTAの有無にかかわらず記事冒頭近くへ計算導線を置く
ok 22 - 既存CTAの有無にかかわらず記事冒頭近くへ計算導線を置く
  ---
  duration_ms: 0.281513
  type: 'test'
  ...
# Subtest: 引用用比較表は恒久URL・固定アンカー・一次情報を持つ
ok 23 - 引用用比較表は恒久URL・固定アンカー・一次情報を持つ
  ---
  duration_ms: 0.652011
  type: 'test'
  ...
# Subtest: 公開記事はトップから3クリック以内で到達できる
ok 24 - 公開記事はトップから3クリック以内で到達できる
  ---
  duration_ms: 45.738902
  type: 'test'
  ...
# Subtest: 深いURLでも同意管理スクリプトをサイトルートから読み込む
ok 25 - 深いURLでも同意管理スクリプトをサイトルートから読み込む
  ---
  duration_ms: 1.037965
  type: 'test'
  ...
# Subtest: PlayPointと無関係なツールはKatakataLabへ移設し旧URLを恒久転送する
ok 26 - PlayPointと無関係なツールはKatakataLabへ移設し旧URLを恒久転送する
  ---
  duration_ms: 1.608733
  type: 'test'
  ...
# Subtest: 公開HTMLと生成元にサイト内遷移用UTMを残さない
ok 27 - 公開HTMLと生成元にサイト内遷移用UTMを残さない
  ---
  duration_ms: 30.377666
  type: 'test'
  ...
# Subtest: プライバシー文書はWeb版と認定CMPの運用に一致する
ok 28 - プライバシー文書はWeb版と認定CMPの運用に一致する
  ---
  duration_ms: 0.816802
  type: 'test'
  ...
# Subtest: 再訪と配布の主要イベントだけを許可する
ok 29 - 再訪と配布の主要イベントだけを許可する
  ---
  duration_ms: 1.243282
  type: 'test'
  ...
# Subtest: ウィジェット作成ページは狭い画面でグリッド内容をはみ出させない
ok 30 - ウィジェット作成ページは狭い画面でグリッド内容をはみ出させない
  ---
  duration_ms: 0.32879
  type: 'test'
  ...
# ok - 実ユーザー速度は同意後に匿名区分だけを計測する
# ok - トップページに年間グラフと独自計算図がある
# ok - ビルド後HTMLは外部Google Fontsへ接続しない
# ok - Search ConsoleとGA4の運用手順が実行可能な粒度で残る
# ok - 運営者ページに検証工程と外部プロフィールの関係を明示する
# ok - 今回はWeb Share APIを追加しない
# Subtest: tests/growth-priority.test.cjs
ok 6 - tests/growth-priority.test.cjs
  ---
  duration_ms: 76.457098
  type: 'test'
  ...
# Subtest: mapWithConcurrencyは指定した同時実行数を超えず入力順を保持する
ok 32 - mapWithConcurrencyは指定した同時実行数を超えず入力順を保持する
  ---
  duration_ms: 17.680236
  type: 'test'
  ...
# Subtest: mapWithConcurrencyは一件の失敗後も残りを検査する
ok 33 - mapWithConcurrencyは一件の失敗後も残りを検査する
  ---
  duration_ms: 0.544926
  type: 'test'
  ...
# Subtest: retryは失敗対象だけを指定回数まで再試行する
ok 34 - retryは失敗対象だけを指定回数まで再試行する
  ---
  duration_ms: 3.200298
  type: 'test'
  ...
# Subtest: クーポン・Playクレジット問題解決記事は4言語でSEO公開要件を満たす
ok 35 - クーポン・Playクレジット問題解決記事は4言語でSEO公開要件を満たす
  ---
  duration_ms: 4.223489
  type: 'test'
  ...
# Subtest: 専用サイトマップは8記事と完全なhreflangを持ちrobots.txtから発見できる
ok 36 - 専用サイトマップは8記事と完全なhreflangを持ちrobots.txtから発見できる
  ---
  duration_ms: 0.405546
  type: 'test'
  ...
# Subtest: 言語別一覧・人向けサイトマップ・日本語ブログから記事を発見できる
ok 37 - 言語別一覧・人向けサイトマップ・日本語ブログから記事を発見できる
  ---
  duration_ms: 0.745625
  type: 'test'
  ...
# Subtest: 新規記事のサイト内リンク先はすべて存在する
ok 38 - 新規記事のサイト内リンク先はすべて存在する
  ---
  duration_ms: 3.686201
  type: 'test'
  ...
# Subtest: 海外向け維持計算は地域別の公式門檻・積点率・通貨を分ける
ok 39 - 海外向け維持計算は地域別の公式門檻・積点率・通貨を分ける
  ---
  duration_ms: 6.40365
  type: 'test'
  ...
# Subtest: 地域外の維持門檻や通貨を流用していない
ok 40 - 地域外の維持門檻や通貨を流用していない
  ---
  duration_ms: 1.018734
  type: 'test'
  ...
# Subtest: 維持計算ロジックは不足点・通常時・倍率・年末ペースを計算する
ok 41 - 維持計算ロジックは不足点・通常時・倍率・年末ペースを計算する
  ---
  duration_ms: 0.333678
  type: 'test'
  ...
# Subtest: 日本語既存ページと海外6ページは完全なhreflangで相互接続する
ok 42 - 日本語既存ページと海外6ページは完全なhreflangで相互接続する
  ---
  duration_ms: 1.908846
  type: 'test'
  ...
# Subtest: 専用サイトマップ・robots・一覧から地域別維持計算を発見できる
ok 43 - 専用サイトマップ・robots・一覧から地域別維持計算を発見できる
  ---
  duration_ms: 0.85824
  type: 'test'
  ...
# Subtest: 生成設定は手書き維持計算を上書きせずサイトマップ対象に保つ
ok 44 - 生成設定は手書き維持計算を上書きせずサイトマップ対象に保つ
  ---
  duration_ms: 7.479749
  type: 'test'
  ...
# Subtest: 維持解説・比較記事から同一地域の計算ページへ進める
ok 45 - 維持解説・比較記事から同一地域の計算ページへ進める
  ---
  duration_ms: 0.900509
  type: 'test'
  ...
# Subtest: manual multilingual guide links survive regeneration exactly once
ok 46 - manual multilingual guide links survive regeneration exactly once
  ---
  duration_ms: 8.264888
  type: 'test'
  ...
# Subtest: プラチナ・ダイヤモンド比較は地域別公式数値と計算条件を明示する
ok 47 - プラチナ・ダイヤモンド比較は地域別公式数値と計算条件を明示する
  ---
  duration_ms: 2.024957
  type: 'test'
  ...
# Subtest: 地域の通貨とランク条件を他地域から流用していない
ok 48 - 地域の通貨とランク条件を他地域から流用していない
  ---
  duration_ms: 1.529052
  type: 'test'
  ...
# Subtest: 専用サイトマップと記事一覧から4言語ページを発見できる
ok 49 - 専用サイトマップと記事一覧から4言語ページを発見できる
  ---
  duration_ms: 0.550134
  type: 'test'
  ...
# Subtest: 日本語記事データと配信ファイルの更新日・説明が一致する
ok 50 - 日本語記事データと配信ファイルの更新日・説明が一致する
  ---
  duration_ms: 0.601729
  type: 'test'
  ...
# Subtest: 独立管理の記事は生成処理で上書きされずサイトマップ対象に残る
ok 51 - 独立管理の記事は生成処理で上書きされずサイトマップ対象に残る
  ---
  duration_ms: 1.526047
  type: 'test'
  ...
# Subtest: ランク維持記事は4言語で相互接続され公式条件とSEO要件を満たす
ok 52 - ランク維持記事は4言語で相互接続され公式条件とSEO要件を満たす
  ---
  duration_ms: 2.652578
  type: 'test'
  ...
# Subtest: 日本語の既存記事と記事データは同じ更新日を持つ
ok 53 - 日本語の既存記事と記事データは同じ更新日を持つ
  ---
  duration_ms: 1.810334
  type: 'test'
  ...
# Subtest: 専用サイトマップは4言語URLと完全なhreflangを持ちrobots.txtから発見できる
ok 54 - 専用サイトマップは4言語URLと完全なhreflangを持ちrobots.txtから発見できる
  ---
  duration_ms: 0.387687
  type: 'test'
  ...
# Subtest: 言語別一覧と人向けサイトマップから新しい記事へ移動できる
ok 55 - 言語別一覧と人向けサイトマップから新しい記事へ移動できる
  ---
  duration_ms: 0.644599
  type: 'test'
  ...
# Subtest: 新しい多言語記事のサイト内リンク先は存在する
ok 56 - 新しい多言語記事のサイト内リンク先は存在する
  ---
  duration_ms: 2.108965
  type: 'test'
  ...
# Subtest: reward and quest topics have complete Japanese, English, Korean and Taiwan clusters
ok 57 - reward and quest topics have complete Japanese, English, Korean and Taiwan clusters
  ---
  duration_ms: 4.756794
  type: 'test'
  ...
# Subtest: new international guides are substantial, sourced and usable instead of thin translations
ok 58 - new international guides are substantial, sourced and usable instead of thin translations
  ---
  duration_ms: 4.695234
  type: 'test'
  ...
# Subtest: Super Weekly Reward articles explain stock and the Super Ticket trade-off without promising premium prizes
ok 59 - Super Weekly Reward articles explain stock and the Super Ticket trade-off without promising premium prizes
  ---
  duration_ms: 1.562828
  type: 'test'
  ...
# Subtest: quest articles cover account-specific conditions, qualifying purchases, sign-in and refunds
ok 60 - quest articles cover account-specific conditions, qualifying purchases, sign-in and refunds
  ---
  duration_ms: 1.139162
  type: 'test'
  ...
# Subtest: locale indexes and the dedicated sitemap expose all six new international guides
ok 61 - locale indexes and the dedicated sitemap expose all six new international guides
  ---
  duration_ms: 2.415162
  type: 'test'
  ...
# Subtest: ポイント利用・参加条件記事は3言語でSEO公開要件を満たす
ok 62 - ポイント利用・参加条件記事は3言語でSEO公開要件を満たす
  ---
  duration_ms: 3.240264
  type: 'test'
  ...
# Subtest: 専用サイトマップは6記事を公開しrobots.txtから発見できる
ok 63 - 専用サイトマップは6記事を公開しrobots.txtから発見できる
  ---
  duration_ms: 1.262294
  type: 'test'
  ...
# Subtest: 新規記事のサイト内リンク先は存在する
ok 64 - 新規記事のサイト内リンク先は存在する
  ---
  duration_ms: 2.306009
  type: 'test'
  ...
# Subtest: 週次特典と複数アカウント記事は3言語で公開要件を満たす
ok 65 - 週次特典と複数アカウント記事は3言語で公開要件を満たす
  ---
  duration_ms: 3.185844
  type: 'test'
  ...
# Subtest: 新規記事は同一言語内で相互に接続される
ok 66 - 新規記事は同一言語内で相互に接続される
  ---
  duration_ms: 0.914112
  type: 'test'
  ...
# Subtest: 国際ガイド専用サイトマップをrobots.txtから発見できる
ok 67 - 国際ガイド専用サイトマップをrobots.txtから発見できる
  ---
  duration_ms: 0.507294
  type: 'test'
  ...
# Subtest: 新規国際記事のローカルリンク先はすべて存在する
ok 68 - 新規国際記事のローカルリンク先はすべて存在する
  ---
  duration_ms: 2.583294
  type: 'test'
  ...
# Subtest: 最新情報ハブは確認範囲・公式参照・確認日を明示する
ok 69 - 最新情報ハブは確認範囲・公式参照・確認日を明示する
  ---
  duration_ms: 1.853956
  type: 'test'
  ...
# Subtest: 最新情報ハブは週次3制度とクエストを別項目として扱う
ok 70 - 最新情報ハブは週次3制度とクエストを別項目として扱う
  ---
  duration_ms: 0.396241
  type: 'test'
  ...
# Subtest: 生成処理は確認していない日に最新情報ハブの日付を進めない
ok 71 - 生成処理は確認していない日に最新情報ハブの日付を進めない
  ---
  duration_ms: 0.173745
  type: 'test'
  ...
# Subtest: 鮮度検査は14日を超えた確認日を検出する
ok 72 - 鮮度検査は14日を超えた確認日を検出する
  ---
  duration_ms: 2.256056
  type: 'test'
  ...
# Subtest: 運用手順は日付だけの更新と個別オファーの一般化を禁止する
ok 73 - 運用手順は日付だけの更新と個別オファーの一般化を禁止する
  ---
  duration_ms: 0.323923
  type: 'test'
  ...
# Subtest: 記事CSSは外部化され、AdSense以外のinline styleを残さない
ok 74 - 記事CSSは外部化され、AdSense以外のinline styleを残さない
  ---
  duration_ms: 17.471964
  type: 'test'
  ...
# Subtest: 記事のローカルCSSは内容ハッシュ付きURLで参照する
ok 75 - 記事のローカルCSSは内容ハッシュ付きURLで参照する
  ---
  duration_ms: 13.653601
  type: 'test'
  ...
# Subtest: 記事のローカルJavaScriptも内容ハッシュ付きURLで参照する
ok 76 - 記事のローカルJavaScriptも内容ハッシュ付きURLで参照する
  ---
  duration_ms: 11.220905
  type: 'test'
  ...
# Subtest: 公開HTMLのローカルCSS・JavaScriptは実ファイルと一致する内容ハッシュを使う
ok 77 - 公開HTMLのローカルCSS・JavaScriptは実ファイルと一致する内容ハッシュを使う
  ---
  duration_ms: 70.924049
  type: 'test'
  ...
# Subtest: 画面外描画の最適化は長文下部だけに限定し、印刷時に解除する
ok 78 - 画面外描画の最適化は長文下部だけに限定し、印刷時に解除する
  ---
  duration_ms: 0.526264
  type: 'test'
  ...
# Subtest: バージョン付き資産だけを1年間immutableでキャッシュする
ok 79 - バージョン付き資産だけを1年間immutableでキャッシュする
  ---
  duration_ms: 0.323691
  type: 'test'
  ...
# Subtest: 低性能Android相当の定期Lighthouse検査を固定バージョンで実行する
ok 80 - 低性能Android相当の定期Lighthouse検査を固定バージョンで実行する
  ---
  duration_ms: 0.356756
  type: 'test'
  ...
# Subtest: 未参照だった旧共通CSSを公開物に残さない
ok 81 - 未参照だった旧共通CSSを公開物に残さない
  ---
  duration_ms: 0.199087
  type: 'test'
  ...
# Subtest: PRでは秘密情報を使わず一つのジョブで全事前検証を実行する
ok 82 - PRでは秘密情報を使わず一つのジョブで全事前検証を実行する
  ---
  duration_ms: 1.857902
  type: 'test'
  ...
# Subtest: 事前検証は全テストを自動収集し失敗工程を最後にまとめる
ok 83 - 事前検証は全テストを自動収集し失敗工程を最後にまとめる
  ---
  duration_ms: 0.380635
  type: 'test'
  ...
# Subtest: 事前検証は多言語の公開必須ファイル欠損を検出する
ok 84 - 事前検証は多言語の公開必須ファイル欠損を検出する
  ---
  duration_ms: 0.342673
  type: 'test'
  ...
# Subtest: Service Workerの全先読み対象をデプロイ前に検証する
ok 85 - Service Workerの全先読み対象をデプロイ前に検証する
  ---
  duration_ms: 0.288574
  type: 'test'
  ...
# Subtest: 通常の事前検証は生成・圧縮対象を元に戻しデプロイ時だけ保持する
ok 86 - 通常の事前検証は生成・圧縮対象を元に戻しデプロイ時だけ保持する
  ---
  duration_ms: 0.406287
  type: 'test'
  ...
# Subtest: ルートService Workerは画面遷移をネットワーク優先で更新する
ok 87 - ルートService Workerは画面遷移をネットワーク優先で更新する
  ---
  duration_ms: 0.253967
  type: 'test'
  ...
# Subtest: ルートキャッシュ世代は全共有アセット版から自動生成する
ok 88 - ルートキャッシュ世代は全共有アセット版から自動生成する
  ---
  duration_ms: 0.351928
  type: 'test'
  ...
# Subtest: アプリモジュールのキャッシュ世代は改行コードが違っても一致する
ok 89 - アプリモジュールのキャッシュ世代は改行コードが違っても一致する
  ---
  duration_ms: 5.399651
  type: 'test'
  ...
# Subtest: 本番確認は配信されたコミットSHAを完全一致で検証する
ok 90 - 本番確認は配信されたコミットSHAを完全一致で検証する
  ---
  duration_ms: 0.67567
  type: 'test'
  ...
# Subtest: 本番デプロイは実行中ジョブを中断せず待機中の最新版だけを残す
ok 91 - 本番デプロイは実行中ジョブを中断せず待機中の最新版だけを残す
  ---
  duration_ms: 1.716821
  type: 'test'
  ...
# Subtest: HTTP検査は同時接続数を制限し失敗対象だけを再試行する
ok 92 - HTTP検査は同時接続数を制限し失敗対象だけを再試行する
  ---
  duration_ms: 0.310591
  type: 'test'
  ...
# Subtest: 外部Actionは固定SHAで実行しDependabotで月次更新する
ok 93 - 外部Actionは固定SHAで実行しDependabotで月次更新する
  ---
  duration_ms: 0.509097
  type: 'test'
  ...
# Subtest: 新規記事は記事台帳へ一意に登録される
ok 94 - 新規記事は記事台帳へ一意に登録される
  ---
  duration_ms: 1.556988
  type: 'test'
  ...
# Subtest: スーパーウィークリー記事は一般条件と個別条件を分離する
ok 95 - スーパーウィークリー記事は一般条件と個別条件を分離する
  ---
  duration_ms: 1.947409
  type: 'test'
  ...
# Subtest: クエスト記事は対象・購入・ログイン・返金条件を案内する
ok 96 - クエスト記事は対象・購入・ログイン・返金条件を案内する
  ---
  duration_ms: 0.262001
  type: 'test'
  ...
# Subtest: 週次親記事は3制度を比較し日記を主要導線にする
ok 97 - 週次親記事は3制度を比較し日記を主要導線にする
  ---
  duration_ms: 0.2557
  type: 'test'
  ...
# Subtest: 無料獲得記事は無料・追加購入なし・有料条件を混同しない
ok 98 - 無料獲得記事は無料・追加購入なし・有料条件を混同しない
  ---
  duration_ms: 0.282865
  type: 'test'
  ...
# Subtest: 買い切り購入と継続課金の記事は役割を相互案内する
ok 99 - 買い切り購入と継続課金の記事は役割を相互案内する
  ---
  duration_ms: 0.334179
  type: 'test'
  ...
# Subtest: 今回のPlay Points公式記事群へ第三者決済キャンペーンを混入させない
ok 100 - 今回のPlay Points公式記事群へ第三者決済キャンペーンを混入させない
  ---
  duration_ms: 0.892806
  type: 'test'
  ...
# Subtest: 海外向け案内は英語を全世界共通レートとして案内しない
ok 101 - 海外向け案内は英語を全世界共通レートとして案内しない
  ---
  duration_ms: 1.349046
  type: 'test'
  ...
# Subtest: 多言語トップの実行時記事リンクは各言語の記事一覧を指す
ok 102 - 多言語トップの実行時記事リンクは各言語の記事一覧を指す
  ---
  duration_ms: 6.464149
  type: 'test'
  ...
# Subtest: 日本語の必要ポイント例はあとがきにつながる実例1728を保つ
ok 103 - 日本語の必要ポイント例はあとがきにつながる実例1728を保つ
  ---
  duration_ms: 3.811367
  type: 'test'
  ...
# Subtest: 結果カードの見出しだけをブロック化し、金額の内訳は分断しない
ok 104 - 結果カードの見出しだけをブロック化し、金額の内訳は分断しない
  ---
  duration_ms: 2.249947
  type: 'test'
  ...
# Subtest: CSPは計測と広告品質確認で実際に使う接続先を許可する
ok 105 - CSPは計測と広告品質確認で実際に使う接続先を許可する
  ---
  duration_ms: 0.642074
  type: 'test'
  ...
# Subtest: 日記の景品選択には全言語で読み上げ可能な名前がある
ok 106 - 日記の景品選択には全言語で読み上げ可能な名前がある
  ---
  duration_ms: 2.870896
  type: 'test'
  ...
# Subtest: トップページは大きな画像プレビューとOGP画像サイズを明示する
ok 107 - トップページは大きな画像プレビューとOGP画像サイズを明示する
  ---
  duration_ms: 0.96766
  type: 'test'
  ...
# Subtest: 初期操作に必要なアプリモジュールは依存解析前から取得を開始する
ok 108 - 初期操作に必要なアプリモジュールは依存解析前から取得を開始する
  ---
  duration_ms: 1.265469
  type: 'test'
  ...
# Subtest: 日記の重複通知を表示せず、カレンダー登録は残す
ok 109 - 日記の重複通知を表示せず、カレンダー登録は残す
  ---
  duration_ms: 1.422477
  type: 'test'
  ...
# Subtest: 地域差案内は日本語トップでも英語の注意導線として表示する
ok 110 - 地域差案内は日本語トップでも英語の注意導線として表示する
  ---
  duration_ms: 1.398798
  type: 'test'
  ...
# Subtest: 計算方法と検証方針を全言語で本文から確認できる
ok 111 - 計算方法と検証方針を全言語で本文から確認できる
  ---
  duration_ms: 1.179007
  type: 'test'
  ...
# Subtest: 広告と計測は初期表示後に低優先度で読み込む
ok 112 - 広告と計測は初期表示後に低優先度で読み込む
  ---
  duration_ms: 0.373644
  type: 'test'
  ...
# ok - 著者ページのOGP画像は実在する
# ok - 計算機は有限値とHTMLの上下限を検証する
# ok - ルートService WorkerはGETの許可対象だけを安定したキーでキャッシュする
# ok - GAとAdSenseは地域別Consent ModeとGoogle認定CMPに従う
# ok - 計測イベントは同意済みラッパー経由だけで送信する
# ok - ルートService Workerは自分のキャッシュだけを削除対象にする
# ok - ルートService Workerはprecache失敗時に壊れたまま有効化しない
# ok - デプロイ同期は公開不要な運用ファイルを除外する
# ok - JSミニファイは文字列中のスラッシュコメント風テキストを壊さない
# ok - デプロイ時ミニファイはPlayPoint本体・ブログ・ウィジェットを対象にする
# ok - デプロイ前検証はミニファイ後JSの構文を確認する
# ok - CIデプロイはコミット済み成果物だけを公開する
# ok - デプロイ前JS構文検証はGitHub Actions用スクリプトも対象にする
# ok - 多言語トップはJS実行前の主要文言も翻訳済みにする
# ok - 同意済み計測はGA本体ロード前のイベントを短期キューへ保持する
# ok - Xserver同期後に本番スモークテストを実行する
# ok - Xserver同期後に本番SEOヘルスチェックを実行する
# ok - デプロイ検証の変更でもワークフローを実行する
# ok - デプロイ前検証は全テストをミニファイ前後に実行する
# ok - 本番スモークテストの期待文字列は配信元ファイルに存在する
# ok - 本番スモークテストは主要PlayPointページと言語トップを確認する
# Subtest: tests/playpoint-nine-fixes.test.cjs
ok 21 - tests/playpoint-nine-fixes.test.cjs
  ---
  duration_ms: 60.557592
  type: 'test'
  ...
# ok - ステータス選択の初期値はブロンズになる
# ok - 通常計算では現在ステータスから次のランクだけを目標にする
# ok - 前年からランクを引き継いだ場合も目標閾値全体を入力できる
# ok - 直接レートと倍率は代替入力として高い方と採用理由を返す
# ok - 金曜の開始時刻を過ぎたカレンダー登録は翌週を使う
# ok - 月平均の分母は年末までの残日数から切り上げ月数で計算する
# ok - 12月31日でも通常計算は合計必要額を表示する
# ok - 必要ポイントはHTMLの整数制約に違反する小数を拒否する
# ok - 記事件数は言語UI更新後に実際の件数で再描画する
# ok - フッターの運営者リンクは色だけに頼らず下線で区別する
# ok - モバイルのヘッダーリンクは内側余白を含めて画面幅に収める
# ok - デスクトップのトップバーは言語切替と補助リンクを同じ段に収める
# ok - 通常計算の結果は週平均と1日あたりの目安も表示する
# ok - 通常計算の結果は条件別関連記事を最大4件だけ結果の後に表示する
# ok - 計算結果の関連記事は検索意図別LPを優先する
# ok - 計算結果の下には金額や条件に応じた次の判断導線が出る
# ok - 英語トップはJS実行前のファーストビューに日本語の主要文言を残さない
# ok - 英語トップの日記エリアはJS実行前でも英語で読める
# ok - トップのSEO名はGoogle Play Points計算機を主名にし旧名を別名として残す
# ok - 多言語トップの英語名はGoogle Play Points Calculatorを先頭にする
# ok - 検索LPの上部には通常時と倍率別の即答表がある
# ok - READMEと正規化設定は公式URLだけを一次導線にする
# ok - 共有ボタンは結果アクション行にまとめて表示状態を切り替える
# ok - 検索意図別LPは条件付き計算リンクとSEO基本タグを持つ
# ok - ブログRSSとAtomフィードは発見可能で最新記事を含む
# ok - ブログフィード生成は単体でURL正規化・日付順・XMLエスケープを行う
# Successfully synchronized asset versions and dates in sample.html
# ok - HTML同期はアセットバージョンと日付表記を単体で更新する
# ok - HTML置換ヘルパーは日付メタデータと指定アセットだけを更新する
# ok - Service Workerアセット同期は定義済みパスをバージョンキーで更新する
# ok - トップページの更新メタデータ同期は日付と主要アセットだけを更新する
# ok - 多言語生成設定は共通内容の更新日を下回らないメタ行を作る
# ok - 多言語HTML生成は言語別メタ情報と相対パスを同期する
# ok - ダイヤモンド維持LPは最高ランク維持用の条件と文脈に絞る
# ok - キャンペーン/金額LPは日本向けの要約・比較・注意表示を持つ
# ok - ステータス選択の再生成でoptionが重複しない
# ok - 送信XMLサイトマップに登録済みPlay Points記事がすべて含まれている
# ok - トップページは同一URLの英語hreflangを出さない
# ok - 第三者スクリプトは初回操作待ちではなく初期描画後に読み込む
# ok - デプロイ前に全回帰テストを実行する
# ok - デプロイ同期は削除済みファイルを本番からも消す
# ok - テストファイルは本番へ同期しない
# ok - SEO監視はサイトマップ掲載記事も確認する
# ok - Play Pointsの公開canonical URLは送信XMLサイトマップに含める
# ok - blog robots.txtは本番ドメインのサイトマップを指す
# ok - ブログ一覧は記事JSONを正規化してから描画する
# ok - ブログ一覧の記事リンクとサムネイルは許可した相対パスだけを使う
# ok - 記事ページの関連記事も記事JSONを正規化してから描画する
# ok - CSPのscript-srcはhttps全体を許可しない
# ok - 静的配信設定はフィードとローカルフォントを効率よく配信する
# ok - target blankリンクにはnoopener noreferrerを付ける
# ok - blogの再読み込みボタンはインラインonclickを使わない
# ok - blog articles.jsonは実在するPlay Points記事だけを含む
# ok - blog sitemapは登録済みPlay Points記事をすべて含む
# ok - blogと記事ページのローカルリンクは存在するファイルだけを指す
# ok - 記事ページのOGP画像は実ファイルが存在する
# ok - blog SearchActionは実装と同じqパラメータを使う
# ok - blog一覧HTMLはJS実行前でも全記事への静的リンクを持つ
# ok - blogトップは自前のOGP画像とfaviconを使う
# ok - blogトップの説明文は検索結果向けの長さを確保する
# ok - blogの正規URLはindex.htmlを露出しない
# ok - blogトップは外部Google Fontsへ接続しない
# ok - 記事ページの前後ナビは関連記事コンテナが無くても描画される
# ok - blog記事カードクリックをAnalyticsへ送る
# ok - 主要な操作要素は44px以上のタップ領域を持つ
# ok - トップの入力導線は説明を残しつつフォームを圧迫しない
# ok - 狭い画面でも日記タブの文字を省略しない
# ok - 計算と日記保存の完了を個人情報なしでAnalyticsへ送る
# ok - AdSenseタグはConsent Mode設定後に読み込みGoogle認定CMPを起動する
# ok - トップページはブラウザ言語だけでクライアントサイドリダイレクトしない
# ok - ブログのH1はPlay Points攻略記事の検索意図と一致する
# ok - トップページの静的初期表示は古い曜日や年で信頼性を落とさない
# ok - ブログ一覧の静的HTMLは読み込み失敗表示を常時露出しない
# ok - blog articles.jsonは記事ごとのfileキーを1つだけ持つ
# ok - 課金効率記事は煽り表現より条件と注意を前面に出す
# ok - 全記事から有効なGoogle公式ヘルプを確認できる
# ok - 記事HTMLの見出しタグは壊れた属性形式を含まない
# ok - トップページの記事リンクはローカルに存在する公開記事だけを指す
# ok - トップ上部は商業色の強い課金導線を前面に出しすぎない
# ok - 最新情報リンクはヘッダーから外しフッターで維持する
# ok - 計算条件を共有URLへ保存し再訪時に復元できる
# ok - 記事から計算機への導線はセッション参照元を上書きせず計測できる
# ok - 流入施策はLPと結果画面の主要導線を個人情報なしで計測する
# ok - 最新情報ハブは検証日・公式参照・計算機CTAを持つ
# ok - 記事共通CTAは計算機への自然導線と計測文脈を持つ
# ok - 記事末尾CTAは記事文脈ごとに次アクションを出し分ける
# ok - モバイルの補助リンクと共有ボタンは縦に増えすぎない
# ok - モバイル初期表示外の重い領域は遅延描画される
# ok - 記事クラスタは検索意図別LPへ文脈に合う内部リンクを持つ
# ok - ポイント未反映記事は検索意図の即答と計算後導線を上部に持つ
# ok - 外部サイト向け埋め込みウィジェットは依存なしで安全に計算できる
# ok - Analyticsのイベント設計と検証手順が文書化されている
# ok - Service Workerは共有URL機能を含む最新版アセットを事前キャッシュする
# ok - トップページの更新日メタとサイト更新日を用途別に保持する
# ok - サイトマップ同期はトップページ群のlastmodだけを更新する
# ok - 反映タイミング記事は結論と確認手順を見出しで整理する
# ok - CMP起動用のAdSenseタグは二重読み込みしない
# ok - 共有URLは実在するステータス値だけを復元する
# ok - 日記保存イベントはストレージ保存成功時だけ送る
# ok - 記事のAdSenseは本文スクロール後に共通スクリプトから読み込む
# ok - ブログと記事は共通コンポーネントからGA4本体を読み込む
# ok - 共通コンポーネントは既存のヘッダーとフッターを重複生成しない
# ok - 公開されている全記事HTMLが必要なSEOタグと共通AdSense読込を含んでいること
# ok - ブログと記事の変更アセットはバージョン付きURLで配信する
# ok - 記事共通デザインは前後ナビと操作領域とカテゴリー配色を統一する
# ok - ブログのライトテーマとモバイル導線は読みやすさを維持する
# ok - 記事はfaviconを指定しAdSenseが必要とする接続先をCSPで許可する
# ok - 運営者プロフィールは検索可能な独立ページとして公開する
# ok - 全記事は著者ページへリンクしArticle構造化データの著者と発行者を統一する
# ok - ブログ検索タイトルと内部リンクは運営者の専門性を明示する
# ok - サイトマップとSearch Console運用は著者ページと記事群を監視対象にする
# ok - sw.js と各言語版 index.html の style.css バージョンクエリが一致していること
# ok - 多言語HTMLビルド出力の整合性とhreflangの検証
# ok - 海外向けSEOページは主要検索意図ごとに公開可能な構造を持つ
# ok - 海外向けSEOページは既存記事の読み物感と各言語の自然な導線を保つ
# ok - 海外LPは相互hreflangで対応言語とx-defaultを明示する
# ok - 海外向け英語記事は目次と外部化CSSで読みやすさと保守性を保つ
# ok - 海外LPの補助ラベルは各言語に合わせる
# ok - 海外向け韓国語・繁体字記事は公式名寄せのサイト名とプラチナ導線を持つ
# ok - 海外向けSEOは計測対象と追加記事クラスタを持つ
# ok - 国変更・定期購入クラスタは韓国語と繁体字で公式根拠・FAQ・相互hreflangを持つ
# ok - ブロンズ以外のステータスでは、同ランク維持と次のランク昇格が目標に設定される
# ok - 韓国（KR）リージョンの spendUnit 正確性検証
# ok - 削除済みのウィークリーリワード自動差し引きは設定にも計算処理にも残さない
# ok - 平均パック課金額シミュレーションの検証
# ok - 通常還元とキャンペーン還元の差額は既存の購入単位で比較する
# ok - 米国のパック計算は購入ごとのポイントを最も近い整数へ丸める
# ok - 米国の小数パック額は金額全体に還元率を掛けてから購入ごとに丸める
# ok - 海外記事は言語別の記事一覧へ戻り、対応する翻訳版をhreflangで示す
# ok - 国際記事の公開日と更新日は記事データに保持し、生成日で上書きしない
# ok - 海外版の計算結果導線は各言語の実在ページだけを使う
# ok - 海外版トップはJavaScriptなしでも実在する最新情報ハブへリンクする
# ok - 言語トップはURLと異なる保存済み地域設定で表示を上書きしない
# ok - カレンダー登録は固定済みの過去日時を使わない
# ok - 国際記事はビルド日を公開日として上書きしない
# ok - 主要な日本語Play Points記事は検索意図へ答える本文量を保つ
# ok - 断定を避けるべき記事と公式仕様の記事は重要な注意点を保持する
# ok - サイトマップ掲載HTMLは検索結果タイトルと基本SEO要素を保つ
# ok - 国際記事一覧とギフトカード記事は相互hreflangを持つ
# ok - 主要記事のtitleとh1は煽り表現に依存しない
# ok - 修正した記事の一覧タイトルとページtitleは一致する
# ok - 日本語Play Points記事は一覧・OGP・構造化データ・著者メタを同期する
# ok - 更新した記事は一覧・表示・メタデータ・フィード用更新日を一致させる
# ok - フィードは公開日を保ったまま記事の更新日を反映する
# ok - 計算結果のエラー表示とクリアは前回の共有用データを破棄する
# ok - トップの更新日はサイト更新であることを明示する
# ok - 重要記事は2026年時点の公式仕様と判断上の注意を保持する
# ok - 記事共通UIは文脈リンク・主要見出し目次・安定表示を使う
# not ok - 記事一覧の静的リンクはarticles.jsonのタイトルと一致する
# /home/runner/work/PlayPoint/PlayPoint/tests/playpoint-regression.test.cjs:132
#     throw error;
#     ^
# AssertionError [ERR_ASSERTION]: super-weekly-reward の静的リンクタイトルが一覧データと一致しません
#     at /home/runner/work/PlayPoint/PlayPoint/tests/playpoint-regression.test.cjs:2820:12
#     at test (/home/runner/work/PlayPoint/PlayPoint/tests/playpoint-regression.test.cjs:128:5)
#     at Object.<anonymous> (/home/runner/work/PlayPoint/PlayPoint/tests/playpoint-regression.test.cjs:2815:1)
#     at Module._compile (node:internal/modules/cjs/loader:1781:14)
#     at Object..js (node:internal/modules/cjs/loader:1913:10)
#     at Module.load (node:internal/modules/cjs/loader:1505:32)
#     at Function._load (node:internal/modules/cjs/loader:1309:12)
#     at wrapModuleLoad (node:internal/modules/cjs/loader:254:19)
#     at Function.executeUserEntryPoint [as runMain] (node:internal/modules/run_main:171:5)
#     at node:internal/main/run_main_module:36:49 {
#   generatedMessage: false,
#   code: 'ERR_ASSERTION',
#   actual: false,
#   expected: true,
#   operator: '==',
#   diff: 'simple'
# }
# Node.js v22.23.1
# Subtest: tests/playpoint-regression.test.cjs
not ok 22 - tests/playpoint-regression.test.cjs
  ---
  duration_ms: 543.402847
  type: 'test'
  location: '/home/runner/work/PlayPoint/PlayPoint/tests/playpoint-regression.test.cjs:1:1'
  failureType: 'testCodeFailure'
  exitCode: 1
  signal: ~
  error: 'test failed'
  code: 'ERR_TEST_FAILURE'
  ...
# Subtest: 送信するXMLサイトマップ間でURLを重複させない
ok 115 - 送信するXMLサイトマップ間でURLを重複させない
  ---
  duration_ms: 2.948043
  type: 'test'
  ...
# Subtest: ルートサイトマップはPlay Pointsの公開導線だけを扱う
ok 116 - ルートサイトマップはPlay Pointsの公開導線だけを扱う
  ---
  duration_ms: 0.571699
  type: 'test'
  ...
# Subtest: 専用XMLサイトマップへ移したURLをルートへ重ねない
ok 117 - 専用XMLサイトマップへ移したURLをルートへ重ねない
  ---
  duration_ms: 0.635995
  type: 'test'
  ...
# Subtest: Play Pointsブログとフィードに家計記事を混在させない
ok 118 - Play Pointsブログとフィードに家計記事を混在させない
  ---
  duration_ms: 0.771277
  type: 'test'
  ...
# Subtest: 人向けサイトマップはPlay Pointsの案内に集中する
ok 119 - 人向けサイトマップはPlay Pointsの案内に集中する
  ---
  duration_ms: 0.369116
  type: 'test'
  ...
# Subtest: 韓国語トップは為替計算をうたわず実際の入力条件を説明する
ok 120 - 韓国語トップは為替計算をうたわず実際の入力条件を説明する
  ---
  duration_ms: 0.263363
  type: 'test'
  ...
# Subtest: Q&Aは現在のランク判定と計算機の責任範囲を明示する
ok 121 - Q&Aは現在のランク判定と計算機の責任範囲を明示する
  ---
  duration_ms: 0.901852
  type: 'test'
  ...
1..121
# tests 121
# suites 0
# pass 119
# fail 2
# cancelled 0
# skipped 0
# todo 0
# duration_ms 1131.334431

=== ads.txt検証 ===
ads.txt is present and matches the AdSense publisher record.

=== 公開アセット圧縮 ===
Minified CSS: style.css (40803 -> 37071 bytes)
Minified CSS: article-gift-card.css (3758 -> 2501 bytes)
Minified CSS: article-legacy.css (1970 -> 1247 bytes)
Minified CSS: article-modern.css (4667 -> 3302 bytes)
Minified CSS: article-shared.css (11120 -> 9426 bytes)
Minified CSS: source-notice.css (751 -> 655 bytes)
Minified CSS: style.css (42356 -> 31804 bytes)
Minified CSS: intl-article.css (4688 -> 4211 bytes)
Minified CSS: 2025-12-25-best-use.css (6344 -> 4134 bytes)
Minified CSS: 2025-12-25-campaign.css (6233 -> 3999 bytes)
Minified CSS: 2025-12-25-check-balance.css (4830 -> 3062 bytes)
Minified CSS: 2025-12-25-diamond-vip.css (5888 -> 3786 bytes)
Minified CSS: 2025-12-25-diamond-worth-it.css (6069 -> 3965 bytes)
Minified CSS: 2025-12-25-expiration.css (5132 -> 3303 bytes)
Minified CSS: 2025-12-25-family-sharing.css (5242 -> 3385 bytes)
Minified CSS: 2025-12-25-getting-started.css (6183 -> 3961 bytes)
Minified CSS: 2025-12-25-gift-card.css (5369 -> 3430 bytes)
Minified CSS: 2025-12-25-movies-books.css (5008 -> 3168 bytes)
Minified CSS: 2025-12-25-multiple-accounts.css (4714 -> 3020 bytes)
Minified CSS: 2025-12-25-new-year-campaign.css (6266 -> 4020 bytes)
Minified CSS: 2025-12-25-play-games.css (4838 -> 3074 bytes)
Minified CSS: 2025-12-25-playpoints-rank-maintenance.css (5825 -> 3704 bytes)
Minified CSS: 2025-12-25-promo-code.css (5045 -> 3237 bytes)
Minified CSS: 2025-12-25-refund.css (4732 -> 3038 bytes)
Minified CSS: 2025-12-25-subscription.css (5875 -> 3773 bytes)
Minified CSS: 2025-12-25-weekly-reward.css (6195 -> 3973 bytes)
Minified CSS: 2026-03-10-play-points-reflection-timing.css (3915 -> 2594 bytes)
Minified CSS: 2026-06-20-discount-gift-cards.css (4422 -> 2913 bytes)
Minified JS: sw.js (4308 -> 4307 bytes)
Minified JS: main.js (18002 -> 17937 bytes)
Minified JS: calculator.js (39926 -> 39797 bytes)
Minified JS: ui.js (9199 -> 9177 bytes)
Minified JS: diary.js (15045 -> 14767 bytes)
Minified JS: share.js (4923 -> 4902 bytes)
Minified JS: config.js (44207 -> 44206 bytes)
Minified JS: consent.js (3803 -> 3802 bytes)
Minified JS: intent-tracking.js (2983 -> 2982 bytes)
Minified JS: third-party.js (4732 -> 4731 bytes)
Minified JS: article.js (23654 -> 23652 bytes)
Minified JS: components.js (13764 -> 13761 bytes)
Minified JS: script.js (36623 -> 36621 bytes)
Minified JS: utils.js (2466 -> 2462 bytes)
Minified JS: playpoint-widget.js (29958 -> 29853 bytes)
[article-assets] synchronized source-notice.css: v=3c2ec22615
Successfully synchronized consent.js version in third-party.js to v=dc975a5e38
Successfully synchronized sw.js cache. CACHE_NAME=playpoint-calc-v20260731_2149-a8c630a7
[public-assets] synchronized content hashes: 155 files

=== 圧縮後JavaScript構文検証 ===
JS syntax check passed (46 files).

=== 圧縮後の全回帰テスト ===
TAP version 13
# Subtest: the complete published article corpus keeps structural quality signals
not ok 1 - the complete published article corpus keeps structural quality signals
  ---
  duration_ms: 6.372318
  type: 'test'
  location: '/home/runner/work/PlayPoint/PlayPoint/tests/all-article-quality-audit.test.cjs:46:1'
  failureType: 'testCodeFailure'
  error: 'articles/2025-12-25-campaign.html: related reading section is missing'
  code: 'ERR_ASSERTION'
  name: 'AssertionError'
  expected:
  actual: |-
    <!doctype html>
    <html lang="ja">
    
    <head>
        <meta charset="utf-8" />
        <meta name="viewport" content="width=device-width, initial-scale=1" />
    
            <meta name="robots" content="index,follow,max-image-preview:large" />
        <meta name="author" content="かたかた" />
    <!-- SEO -->
        <title>Google Play Pointsのキャンペーンは待つべき？増量率の確認と課金判断</title>
        <meta name="description" content="Google Play Pointsの増量キャンペーンを待つべきか、対象アカウント、開始操作、最高獲得率、期限を確認し、通常時との必要額を比較する方法を解説します。" />
        <link rel="canonical" href="https://playpoint-sim.com/articles/2025-12-25-campaign.html" />
    
        <meta name="article:category" content="キャンペーン" />
        <link rel="icon" href="../favicon.svg" type="image/svg+xml" />
        <!-- OGP -->
        <meta property="og:type" content="article" />
            <meta property="article:published_time" content="2025-12-25T00:00:00+09:00" />
        <meta property="article:modified_time" content="2026-07-30T00:00:00+09:00" />
    <meta property="og:title" content="Google Play Pointsのキャンペーンは待つべき？増量率の確認と課金判断" />
        <meta property="og:description" content="Google Play Pointsの増量キャンペーンを待つべきか、対象アカウント、開始操作、最高獲得率、期限を確認し、通常時との必要額を比較する方法を解説します。" />
        <meta property="og:url" content="https://playpoint-sim.com/articles/2025-12-25-campaign.html" />
        <meta property="og:image" content="https://playpoint-sim.com/articles/ogp/campaign.png" />
        <meta property="og:site_name" content="Playポイント計算機" />
        <meta name="twitter:card" content="summary_large_image" />
    
        <link rel="stylesheet" href="/articles/article-legacy.css?v=fccc445e06" />
    <link rel="stylesheet" href="/articles/styles/2025-12-25-campaign.css?v=bbd29cbf40" />
        <link rel="stylesheet" href="./article-shared.css?v=6d92cec961" />
    </head>
    
    <body>
    
    
        <main class="main-card">
            <!-- Hero -->
            <div class="hero">
                <span class="hero-badge">🔥 キャンペーン</span>
                <h1>Google Play Pointsのキャンペーンは待つべき？<br>増量率の確認と課金判断</h1>
                <p class="hero-meta">📅 2026/07/30 更新 ・ ⏱ 読了 5分</p>
            </div>
    
            <article class="content">
                <!-- editorial-summary:start -->
                <section class="answer-box editorial-answer" aria-labelledby="quick-answer">
                    <h2 id="quick-answer">先に結論</h2>
                    <p>キャンペーンを待つかは、予定している購入だけを通常・2倍・3倍で比較し、対象アプリ、期間、開始操作、上限を確認して判断します。</p>
                </section>
                <section class="knowledge-boundary" aria-labelledby="known-unknown">
                    <h2 id="known-unknown">判明していること／このサイトからは不明なこと</h2>
                    <div class="knowledge-boundary__grid">
                        <div>
                            <h3>判明していること</h3>
                            <ul><li>通常時の獲得率を基準にすると、キャンペーン分の差額を比較できます。</li><li>倍率は対象商品と対象期間へだけ適用する必要があります。</li></ul>
                        </div>
                        <div>
                            <h3>このサイトからは不明なこと</h3>
                            <ul><li>次回キャンペーンの開催時期や、個別アカウントが対象になるかは予測できません。</li><li>Google Playに表示されていない倍率を確定情報として扱うことはできません。</li></ul>
                        </div>
                    </div>
                    <p class="knowledge-boundary__source"><a href="/compare/earning-rates/#campaign-comparison">通常・2倍・3倍の引用用比較表を見る</a></p>
                </section>
                <!-- editorial-summary:end -->
                <!-- Intro -->
                <div class="intro">
                    <strong>結論：必要な購入がある時に、対象の増量が表示されていれば利用価値があります。</strong><br>
                    倍率だけで不要な購入を増やさず、対象・期間・有効化条件を確認して判断します。
                </div>
    
                <!-- Summary -->
                <div class="summary-box">
                    <h2>先に結論</h2>
                    <ul>
                        <li>購入予定がある場合は、通常時より必要額を抑えられる</li>
                        <li>開催予測より、<strong>購入直前の表示確認</strong>を優先する</li>
                        <li>倍率は重複せず、<strong>最も高い獲得レートが適用</strong>される</li>
                    </ul>
                </div>
    
                <!-- Section: ポイント増量とは -->
                <section class="section">
                    <h2>🎁 ポイント増量キャンペーンとは？</h2>
                    <p>Google Play Pointsでは、購入内容（タイトルなど）によって<strong>通常より高い獲得レート</strong>が提示されることがあります（プロモーション/オファー）。</p>
                    <p>たとえば通常のブロンズ会員は<strong>100円あたり1ポイント</strong>ですが、特別オファーで<strong>100円あたり3ポイント</strong>のように、上のレートが表示される例があります。
                    </p>
    
                    <div class="callout callout-success">
                        <h3>💡 覚え方</h3>
                        <p>「倍率が何倍か」を覚えるより、<strong>"今画面に表示されている獲得レート（pt/100円）"</strong>を信じるのが一番安全です。</p>
                    </div>
                </section>
    
                <!-- Section: 開催タイミング -->
                <section class="section">
                    <h2>開催タイミングを断定できない理由</h2>
                    <p>「金曜〜日曜に多い」と言われがちですが、これは<strong>断言できません</strong>。</p>
                    <p>実際には、数日だけの短期開催で出ることがあり、その結果として<strong>週末にかかる</strong>こともあります。</p>
    
                    <div class="callout callout-info">
                        <h3>確実にできること</h3>
                        <p>課金の前に1回だけ、PlayストアのPlay Points画面を見て、<strong>増量表示が出ているか確認</strong>する。</p>
                        <p>「出ていれば狙う / 出ていなければ無理に待たない」でもOK（自分のプレイスタイル次第）。</p>
                    </div>
                </section>
    
                <!-- Section: 確認手順 -->
                <section class="section">
                    <h2>✅ 課金前に確認する手順</h2>
                    <div class="steps">
                        <ol>
                            <li>Playストアを開く</li>
                            <li>プロフィール → <strong>Play Points</strong> を開く</li>
                            <li><strong>「貯める」</strong>（またはオファーが見えるタブ）で、対象タイトルに増量表示があるか確認</li>
                        </ol>
                    </div>
    
                    <div class="callout callout-warning">
                        <h3>⚠️ 注意</h3>
                        <p>増量オファーは<strong>対象タイトル限定</strong>や<strong>条件付き</strong>の場合があります。</p>
                        <p>「自分が課金するタイトルが対象か」を必ず確認してください。</p>
                    </div>
                </section>
    
                <!-- Section: 重複しない -->
                <section class="section">
                    <h2>倍率は重複せず、最も高い獲得レートが適用される</h2>
                    <p>ここが一番の落とし穴です。Play Pointsでは、一定期間において<strong>利用可能な中で最も高い獲得レートが適用</strong>されます。</p>
                    <p>さらに、<strong>複数のプロモーションは1回の購入に合算できない</strong>とされています。</p>
    
                    <div class="table-card">
                        <table>
                            <tr>
                                <th>状況</th>
                                <th>誤解（やりがち）</th>
                                <th>正しい考え方</th>
                            </tr>
                            <tr>
                                <td>ランク特典と増量が同時にある</td>
                                <td>「ランク＋オファー」で足し算</td>
                                <td><strong>高い方が適用</strong></td>
                            </tr>
                            <tr>
                                <td>オファーが複数ある</td>
                                <td>全部盛りで増える</td>
                                <td><strong>1回の購入で合算されない</strong></td>
                            </tr>
                        </table>
                    </div>
    
                    <div class="callout callout-info">
                        <h3>計算する時の考え方</h3>
                        <p>"倍率"を計算で積み上げるのではなく、<strong>購入画面やオファー画面に出ている「pt/100円」表示</strong>を基準にするのが確実です。</p>
                    </div>
                </section>
    
                <!-- CTA -->
                <div class="cta-box">
                    <h3>🔢 キャンペーン時の獲得ポイントを計算</h3>
                    <p>実際に表示された獲得率で、対象購入の獲得ポイントを試算</p>
                    <a class="cta-btn" href="https://playpoint-sim.com/" target="_blank" rel="noopener noreferrer">計算機を開く →</a>
                    <p class="small article-note-spacing--compact">倍率別に見るなら、<a href="https://playpoint-sim.com/campaign/2x/">2倍キャンペーン時の必要額</a> と <a href="https://playpoint-sim.com/campaign/3x/">3倍キャンペーン時の必要額</a> も確認できます。</p>
                </div>
    
                <p class="article-centered-note">
                    関連ページ：<a href="https://playpoint-sim.com/campaign/2x/">Play Points 2倍キャンペーン攻略</a> ｜ <a href="https://playpoint-sim.com/campaign/3x/">Play Points 3倍キャンペーン攻略</a>
                </p>
    
                <!-- AdSense: playpoint_horizontal -->
                <div class="article-ad-slot">
                    <ins class="adsbygoogle" style="display:block" data-ad-client="ca-pub-3845885843809455"
                        data-ad-slot="8250492620" data-ad-format="auto" data-full-width-responsive="true"></ins>
                    <script>
                        (adsbygoogle = window.adsbygoogle || []).push({});
                    </script>
                </div>
    
                <section class="section">
                    <h2>公式情報で確認できる共通ルール</h2>
                    <ul>
                        <li>同じ購入に複数のプロモーションは合算されません</li>
                        <li>利用できる中で最も高い獲得率が適用されます</li>
                        <li>対象者限定や、購入前の有効化が必要な場合があります</li>
                        <li>期限後の購入は通常のステータス獲得率へ戻ります</li>
                    </ul>
                    <p class="small">参考：<a href="https://support.google.com/googleplay/answer/9077192?co=GENIE.CountryCode%3DJP&amp;hl=ja" target="_blank" rel="noopener noreferrer">ポイント増量プロモーションの条件（Google公式）</a></p>
                </section>
    
                <!-- FAQ -->
                <section class="section">
                    <h2>❓ よくある質問</h2>
    
                    <div class="faq-item">
                        <h3>Q. ポイント増量は週末に多いの？</h3>
                        <p>A. 「週末に多い」と断言はできません。短期開催で週末にかかることがある程度。課金前にPlay Points画面で確認が確実です。</p>
                    </div>
    
                    <div class="faq-item">
                        <h3>Q. ランク特典と増量は足し算される？</h3>
                        <p>A. 原則として足し算されません。利用可能な中で最も高い獲得レートが適用されます。</p>
                    </div>
    
                    <div class="faq-item">
                        <h3>Q. 結局、何を見ればいい？</h3>
                        <p>A. "倍率"を暗記するより、Playストアで表示されている「pt/100円」や、対象タイトルの増量表示を確認するのが確実です。</p>
                    </div>
                </section>
            </article>
    
            <aside class="author-box" aria-label="この記事の著者">
                <p class="author-box-label">この記事を書いた人</p>
                <p class="author-box-name"><a href="../author/katakata.html" rel="author">かたかた</a> — Playポイント計算機 運営・編集</p>
                <p>Google Play公式情報と計算条件を確認し、変更される可能性がある内容は注意点を添えて掲載しています。<a href="../author/katakata.html">運営者・記事の検証方針を見る</a></p>
            </aside>
    
            <!-- Previous / Next Article Navigation -->
            <nav id="article-nav" class="article-nav"></nav>
            <footer class="article-footer">
                <p>
                    📚 <a href="https://playpoint-sim.com/blog/">記事一覧へ戻る</a> ｜
                    🔢 <a href="https://playpoint-sim.com/">計算機トップへ</a>
                </p>
                <p class="small article-note-spacing">
                    免責：本記事は一般情報であり、Google Play Pointsの仕様・増量オファーの有無・条件・表示レートは国/時期/アカウント/対象タイトルで変動する場合があります。
                </p>
            </footer>
        </main>
    
    
    
        <!-- 構造化データ -->
        <script type="application/ld+json">
    {
          "@context": "https://schema.org",
          "@type": "Article",
          "mainEntityOfPage": {
            "@type": "WebPage",
            "@id": "https://playpoint-sim.com/articles/2025-12-25-campaign.html"
          },
          "headline": "Google Play Pointsのキャンペーンは待つべき？増量率の確認と課金判断",
          "description": "Google Play Pointsの増量キャンペーンを待つべきか、対象アカウント、開始操作、最高獲得率、期限を確認し、通常時との必要額を比較する方法を解説します。",
          "inLanguage": "ja",
          "datePublished": "2025-12-25",
          "dateModified": "2026-07-30",
          "image": "https://playpoint-sim.com/articles/ogp/campaign.png",
          "author": {
            "@type": "Person",
            "name": "かたかた",
            "url": "https://playpoint-sim.com/author/katakata.html"
          },
          "publisher": {
            "@type": "Organization",
            "name": "Playポイント計算機",
            "url": "https://playpoint-sim.com/",
            "logo": {
              "@type": "ImageObject",
              "url": "https://playpoint-sim.com/favicon.svg"
            }
          }
        }
        </script>
    
        <script type="application/ld+json">
        {
            "@context": "https://schema.org",
            "@type": "FAQPage",
            "mainEntity": [
                {
                    "@type": "Question",
                    "name": "ポイント増量キャンペーンは週末に多いの？",
                    "acceptedAnswer": { "@type": "Answer", "text": "「週末に多い」と断言はできません。短期開催で週末にかかることがある程度。課金前にPlay Points画面で確認が確実です。" }
                },
                {
                    "@type": "Question",
                    "name": "ランク特典とキャンペーン倍率は足し算される？",
                    "acceptedAnswer": { "@type": "Answer", "text": "原則として足し算されません。利用可能な中で最も高い獲得レートが適用されます。" }
                },
                {
                    "@type": "Question",
                    "name": "どこでポイント増量を確認できる？",
                    "acceptedAnswer": { "@type": "Answer", "text": "PlayストアのPlay Points画面（「貯める」や「使う」）で、対象のオファーや表示を確認できます。" }
                }
            ]
        }
        </script>
    
        <!-- AdSense Auto Ads -->
        <script src="../blog/article.js?v=4be5e80ea9"></script>
        <script src="../blog/components.js?v=d45bdefaaf"></script>
    </body>
    
    </html>
    
  operator: 'match'
  stack: |-
    TestContext.<anonymous> (/home/runner/work/PlayPoint/PlayPoint/tests/all-article-quality-audit.test.cjs:71:12)
    Test.runInAsyncScope (node:async_hooks:214:14)
    Test.run (node:internal/test_runner/test:1047:25)
    Test.start (node:internal/test_runner/test:944:17)
    startSubtestAfterBootstrap (node:internal/test_runner/harness:296:17)
  ...
# Subtest: article hreflang links are reciprocal and use the Taiwan locale code
ok 2 - article hreflang links are reciprocal and use the Taiwan locale code
  ---
  duration_ms: 36.837816
  type: 'test'
  ...
# Subtest: rewritten gift-card guides contain verifiable checks, not permanent discount claims
ok 3 - rewritten gift-card guides contain verifiable checks, not permanent discount claims
  ---
  duration_ms: 0.939088
  type: 'test'
  ...
# Subtest: known overstatements do not return to published copy
ok 4 - known overstatements do not return to published copy
  ---
  duration_ms: 8.050131
  type: 'test'
  ...
# Subtest: 通常のウィークリーリワードと例外的な週次特典を区別して案内する
ok 5 - 通常のウィークリーリワードと例外的な週次特典を区別して案内する
  ---
  duration_ms: 1.176676
  type: 'test'
  ...
# Subtest: 入門記事の獲得対象は現在の日本向け公式案内に合わせる
ok 6 - 入門記事の獲得対象は現在の日本向け公式案内に合わせる
  ---
  duration_ms: 0.435658
  type: 'test'
  ...
# Subtest: 週次特典を使う補足記事にもシルバー以上の条件を明記する
ok 7 - 週次特典を使う補足記事にもシルバー以上の条件を明記する
  ---
  duration_ms: 0.337098
  type: 'test'
  ...
# Subtest: ゲーム以外の記事は終了・未確認サービスを獲得対象と断定しない
ok 8 - ゲーム以外の記事は終了・未確認サービスを獲得対象と断定しない
  ---
  duration_ms: 1.159009
  type: 'test'
  ...
# Subtest: サブスク記事は現行の公式確認項目だけを例示する
ok 9 - サブスク記事は現行の公式確認項目だけを例示する
  ---
  duration_ms: 0.412163
  type: 'test'
  ...
# Subtest: ダイヤモンド記事は未公表の週次上限を事実扱いしない
ok 10 - ダイヤモンド記事は未公表の週次上限を事実扱いしない
  ---
  duration_ms: 0.248334
  type: 'test'
  ...
# Subtest: 反映時間は公式案内にない時間幅を断定しない
ok 11 - 反映時間は公式案内にない時間幅を断定しない
  ---
  duration_ms: 0.273593
  type: 'test'
  ...
# Subtest: 終了済みの2025年末から2026年正月予測には履歴記事の明示がある
ok 12 - 終了済みの2025年末から2026年正月予測には履歴記事の明示がある
  ---
  duration_ms: 0.242687
  type: 'test'
  ...
# Subtest: 地域別の公式レート・年間しきい値・通貨単位を固定する
ok 13 - 地域別の公式レート・年間しきい値・通貨単位を固定する
  ---
  duration_ms: 8.044263
  type: 'test'
  ...
# Subtest: 共通説明は年初再判定・残高と年間進捗の違いを公式URL付きで示す
ok 14 - 共通説明は年初再判定・残高と年間進捗の違いを公式URL付きで示す
  ---
  duration_ms: 2.168964
  type: 'test'
  ...
# Subtest: トップは倍率と直接レートを代替入力として説明し、入力境界をHTMLでも制約する
ok 15 - トップは倍率と直接レートを代替入力として説明し、入力境界をHTMLでも制約する
  ---
  duration_ms: 0.880659
  type: 'test'
  ...
# Subtest: 4言語トップは対象条件・保存範囲・aria-labelを初期表示から翻訳する
ok 16 - 4言語トップは対象条件・保存範囲・aria-labelを初期表示から翻訳する
  ---
  duration_ms: 1.817423
  type: 'test'
  ...
# Subtest: 海外の既存ギフトカード割引記事を記事ハブと人向けサイトマップから発見できる
ok 17 - 海外の既存ギフトカード割引記事を記事ハブと人向けサイトマップから発見できる
  ---
  duration_ms: 0.754299
  type: 'test'
  ...
# Subtest: アプリモジュール変更がService Worker用の指紋を必ず変える
ok 18 - アプリモジュール変更がService Worker用の指紋を必ず変える
  ---
  duration_ms: 2.129494
  type: 'test'
  ...
# Subtest: 記事一覧は4つの検索意図カテゴリだけを使う
ok 19 - 記事一覧は4つの検索意図カテゴリだけを使う
  ---
  duration_ms: 2.172619
  type: 'test'
  ...
# Subtest: 反映トラブルの重複記事は新しい包括記事へ恒久統合する
ok 20 - 反映トラブルの重複記事は新しい包括記事へ恒久統合する
  ---
  duration_ms: 1.879187
  type: 'test'
  ...
# Subtest: 主要検索記事は即答と判明・不明の境界を静的HTMLで示す
ok 21 - 主要検索記事は即答と判明・不明の境界を静的HTMLで示す
  ---
  duration_ms: 1.61642
  type: 'test'
  ...
# Subtest: 既存CTAの有無にかかわらず記事冒頭近くへ計算導線を置く
ok 22 - 既存CTAの有無にかかわらず記事冒頭近くへ計算導線を置く
  ---
  duration_ms: 0.408206
  type: 'test'
  ...
# Subtest: 引用用比較表は恒久URL・固定アンカー・一次情報を持つ
ok 23 - 引用用比較表は恒久URL・固定アンカー・一次情報を持つ
  ---
  duration_ms: 0.955363
  type: 'test'
  ...
# Subtest: 公開記事はトップから3クリック以内で到達できる
ok 24 - 公開記事はトップから3クリック以内で到達できる
  ---
  duration_ms: 57.268846
  type: 'test'
  ...
# Subtest: 深いURLでも同意管理スクリプトをサイトルートから読み込む
ok 25 - 深いURLでも同意管理スクリプトをサイトルートから読み込む
  ---
  duration_ms: 0.499684
  type: 'test'
  ...
# Subtest: PlayPointと無関係なツールはKatakataLabへ移設し旧URLを恒久転送する
ok 26 - PlayPointと無関係なツールはKatakataLabへ移設し旧URLを恒久転送する
  ---
  duration_ms: 1.123145
  type: 'test'
  ...
# Subtest: 公開HTMLと生成元にサイト内遷移用UTMを残さない
ok 27 - 公開HTMLと生成元にサイト内遷移用UTMを残さない
  ---
  duration_ms: 24.104896
  type: 'test'
  ...
# Subtest: プライバシー文書はWeb版と認定CMPの運用に一致する
ok 28 - プライバシー文書はWeb版と認定CMPの運用に一致する
  ---
  duration_ms: 0.747669
  type: 'test'
  ...
# Subtest: 再訪と配布の主要イベントだけを許可する
ok 29 - 再訪と配布の主要イベントだけを許可する
  ---
  duration_ms: 1.284428
  type: 'test'
  ...
# Subtest: ウィジェット作成ページは狭い画面でグリッド内容をはみ出させない
ok 30 - ウィジェット作成ページは狭い画面でグリッド内容をはみ出させない
  ---
  duration_ms: 0.477811
  type: 'test'
  ...
# ok - 実ユーザー速度は同意後に匿名区分だけを計測する
# ok - トップページに年間グラフと独自計算図がある
# ok - ビルド後HTMLは外部Google Fontsへ接続しない
# ok - Search ConsoleとGA4の運用手順が実行可能な粒度で残る
# ok - 運営者ページに検証工程と外部プロフィールの関係を明示する
# ok - 今回はWeb Share APIを追加しない
# Subtest: tests/growth-priority.test.cjs
ok 6 - tests/growth-priority.test.cjs
  ---
  duration_ms: 66.085479
  type: 'test'
  ...
# Subtest: mapWithConcurrencyは指定した同時実行数を超えず入力順を保持する
ok 32 - mapWithConcurrencyは指定した同時実行数を超えず入力順を保持する
  ---
  duration_ms: 17.595009
  type: 'test'
  ...
# Subtest: mapWithConcurrencyは一件の失敗後も残りを検査する
ok 33 - mapWithConcurrencyは一件の失敗後も残りを検査する
  ---
  duration_ms: 0.47047
  type: 'test'
  ...
# Subtest: retryは失敗対象だけを指定回数まで再試行する
ok 34 - retryは失敗対象だけを指定回数まで再試行する
  ---
  duration_ms: 3.304348
  type: 'test'
  ...
# Subtest: クーポン・Playクレジット問題解決記事は4言語でSEO公開要件を満たす
ok 35 - クーポン・Playクレジット問題解決記事は4言語でSEO公開要件を満たす
  ---
  duration_ms: 5.181982
  type: 'test'
  ...
# Subtest: 専用サイトマップは8記事と完全なhreflangを持ちrobots.txtから発見できる
ok 36 - 専用サイトマップは8記事と完全なhreflangを持ちrobots.txtから発見できる
  ---
  duration_ms: 0.486955
  type: 'test'
  ...
# Subtest: 言語別一覧・人向けサイトマップ・日本語ブログから記事を発見できる
ok 37 - 言語別一覧・人向けサイトマップ・日本語ブログから記事を発見できる
  ---
  duration_ms: 0.918797
  type: 'test'
  ...
# Subtest: 新規記事のサイト内リンク先はすべて存在する
ok 38 - 新規記事のサイト内リンク先はすべて存在する
  ---
  duration_ms: 6.168812
  type: 'test'
  ...
# Subtest: 海外向け維持計算は地域別の公式門檻・積点率・通貨を分ける
ok 39 - 海外向け維持計算は地域別の公式門檻・積点率・通貨を分ける
  ---
  duration_ms: 7.365458
  type: 'test'
  ...
# Subtest: 地域外の維持門檻や通貨を流用していない
ok 40 - 地域外の維持門檻や通貨を流用していない
  ---
  duration_ms: 1.029084
  type: 'test'
  ...
# Subtest: 維持計算ロジックは不足点・通常時・倍率・年末ペースを計算する
ok 41 - 維持計算ロジックは不足点・通常時・倍率・年末ペースを計算する
  ---
  duration_ms: 0.315997
  type: 'test'
  ...
# Subtest: 日本語既存ページと海外6ページは完全なhreflangで相互接続する
ok 42 - 日本語既存ページと海外6ページは完全なhreflangで相互接続する
  ---
  duration_ms: 1.670682
  type: 'test'
  ...
# Subtest: 専用サイトマップ・robots・一覧から地域別維持計算を発見できる
ok 43 - 専用サイトマップ・robots・一覧から地域別維持計算を発見できる
  ---
  duration_ms: 0.638244
  type: 'test'
  ...
# Subtest: 生成設定は手書き維持計算を上書きせずサイトマップ対象に保つ
ok 44 - 生成設定は手書き維持計算を上書きせずサイトマップ対象に保つ
  ---
  duration_ms: 7.725041
  type: 'test'
  ...
# Subtest: 維持解説・比較記事から同一地域の計算ページへ進める
ok 45 - 維持解説・比較記事から同一地域の計算ページへ進める
  ---
  duration_ms: 1.114863
  type: 'test'
  ...
# Subtest: manual multilingual guide links survive regeneration exactly once
ok 46 - manual multilingual guide links survive regeneration exactly once
  ---
  duration_ms: 9.337615
  type: 'test'
  ...
# Subtest: プラチナ・ダイヤモンド比較は地域別公式数値と計算条件を明示する
ok 47 - プラチナ・ダイヤモンド比較は地域別公式数値と計算条件を明示する
  ---
  duration_ms: 1.814128
  type: 'test'
  ...
# Subtest: 地域の通貨とランク条件を他地域から流用していない
ok 48 - 地域の通貨とランク条件を他地域から流用していない
  ---
  duration_ms: 2.267973
  type: 'test'
  ...
# Subtest: 専用サイトマップと記事一覧から4言語ページを発見できる
ok 49 - 専用サイトマップと記事一覧から4言語ページを発見できる
  ---
  duration_ms: 0.832277
  type: 'test'
  ...
# Subtest: 日本語記事データと配信ファイルの更新日・説明が一致する
ok 50 - 日本語記事データと配信ファイルの更新日・説明が一致する
  ---
  duration_ms: 0.884315
  type: 'test'
  ...
# Subtest: 独立管理の記事は生成処理で上書きされずサイトマップ対象に残る
ok 51 - 独立管理の記事は生成処理で上書きされずサイトマップ対象に残る
  ---
  duration_ms: 2.113571
  type: 'test'
  ...
# Subtest: ランク維持記事は4言語で相互接続され公式条件とSEO要件を満たす
ok 52 - ランク維持記事は4言語で相互接続され公式条件とSEO要件を満たす
  ---
  duration_ms: 1.993749
  type: 'test'
  ...
# Subtest: 日本語の既存記事と記事データは同じ更新日を持つ
ok 53 - 日本語の既存記事と記事データは同じ更新日を持つ
  ---
  duration_ms: 1.58343
  type: 'test'
  ...
# Subtest: 専用サイトマップは4言語URLと完全なhreflangを持ちrobots.txtから発見できる
ok 54 - 専用サイトマップは4言語URLと完全なhreflangを持ちrobots.txtから発見できる
  ---
  duration_ms: 0.421326
  type: 'test'
  ...
# Subtest: 言語別一覧と人向けサイトマップから新しい記事へ移動できる
ok 55 - 言語別一覧と人向けサイトマップから新しい記事へ移動できる
  ---
  duration_ms: 6.15473
  type: 'test'
  ...
# Subtest: 新しい多言語記事のサイト内リンク先は存在する
ok 56 - 新しい多言語記事のサイト内リンク先は存在する
  ---
  duration_ms: 2.226581
  type: 'test'
  ...
# Subtest: reward and quest topics have complete Japanese, English, Korean and Taiwan clusters
ok 57 - reward and quest topics have complete Japanese, English, Korean and Taiwan clusters
  ---
  duration_ms: 3.154722
  type: 'test'
  ...
# Subtest: new international guides are substantial, sourced and usable instead of thin translations
ok 58 - new international guides are substantial, sourced and usable instead of thin translations
  ---
  duration_ms: 3.283346
  type: 'test'
  ...
# Subtest: Super Weekly Reward articles explain stock and the Super Ticket trade-off without promising premium prizes
ok 59 - Super Weekly Reward articles explain stock and the Super Ticket trade-off without promising premium prizes
  ---
  duration_ms: 1.216766
  type: 'test'
  ...
# Subtest: quest articles cover account-specific conditions, qualifying purchases, sign-in and refunds
ok 60 - quest articles cover account-specific conditions, qualifying purchases, sign-in and refunds
  ---
  duration_ms: 0.998607
  type: 'test'
  ...
# Subtest: locale indexes and the dedicated sitemap expose all six new international guides
ok 61 - locale indexes and the dedicated sitemap expose all six new international guides
  ---
  duration_ms: 0.550511
  type: 'test'
  ...
# Subtest: ポイント利用・参加条件記事は3言語でSEO公開要件を満たす
ok 62 - ポイント利用・参加条件記事は3言語でSEO公開要件を満たす
  ---
  duration_ms: 2.97458
  type: 'test'
  ...
# Subtest: 専用サイトマップは6記事を公開しrobots.txtから発見できる
ok 63 - 専用サイトマップは6記事を公開しrobots.txtから発見できる
  ---
  duration_ms: 1.831925
  type: 'test'
  ...
# Subtest: 新規記事のサイト内リンク先は存在する
ok 64 - 新規記事のサイト内リンク先は存在する
  ---
  duration_ms: 3.108598
  type: 'test'
  ...
# Subtest: 週次特典と複数アカウント記事は3言語で公開要件を満たす
ok 65 - 週次特典と複数アカウント記事は3言語で公開要件を満たす
  ---
  duration_ms: 3.132328
  type: 'test'
  ...
# Subtest: 新規記事は同一言語内で相互に接続される
ok 66 - 新規記事は同一言語内で相互に接続される
  ---
  duration_ms: 0.848901
  type: 'test'
  ...
# Subtest: 国際ガイド専用サイトマップをrobots.txtから発見できる
ok 67 - 国際ガイド専用サイトマップをrobots.txtから発見できる
  ---
  duration_ms: 0.51664
  type: 'test'
  ...
# Subtest: 新規国際記事のローカルリンク先はすべて存在する
ok 68 - 新規国際記事のローカルリンク先はすべて存在する
  ---
  duration_ms: 2.356487
  type: 'test'
  ...
# Subtest: 最新情報ハブは確認範囲・公式参照・確認日を明示する
ok 69 - 最新情報ハブは確認範囲・公式参照・確認日を明示する
  ---
  duration_ms: 1.358621
  type: 'test'
  ...
# Subtest: 最新情報ハブは週次3制度とクエストを別項目として扱う
ok 70 - 最新情報ハブは週次3制度とクエストを別項目として扱う
  ---
  duration_ms: 0.309357
  type: 'test'
  ...
# Subtest: 生成処理は確認していない日に最新情報ハブの日付を進めない
ok 71 - 生成処理は確認していない日に最新情報ハブの日付を進めない
  ---
  duration_ms: 0.123386
  type: 'test'
  ...
# Subtest: 鮮度検査は14日を超えた確認日を検出する
ok 72 - 鮮度検査は14日を超えた確認日を検出する
  ---
  duration_ms: 1.639675
  type: 'test'
  ...
# Subtest: 運用手順は日付だけの更新と個別オファーの一般化を禁止する
ok 73 - 運用手順は日付だけの更新と個別オファーの一般化を禁止する
  ---
  duration_ms: 0.282347
  type: 'test'
  ...
# Subtest: 記事CSSは外部化され、AdSense以外のinline styleを残さない
ok 74 - 記事CSSは外部化され、AdSense以外のinline styleを残さない
  ---
  duration_ms: 24.212828
  type: 'test'
  ...
# Subtest: 記事のローカルCSSは内容ハッシュ付きURLで参照する
ok 75 - 記事のローカルCSSは内容ハッシュ付きURLで参照する
  ---
  duration_ms: 15.046482
  type: 'test'
  ...
# Subtest: 記事のローカルJavaScriptも内容ハッシュ付きURLで参照する
ok 76 - 記事のローカルJavaScriptも内容ハッシュ付きURLで参照する
  ---
  duration_ms: 19.563541
  type: 'test'
  ...
# Subtest: 公開HTMLのローカルCSS・JavaScriptは実ファイルと一致する内容ハッシュを使う
ok 77 - 公開HTMLのローカルCSS・JavaScriptは実ファイルと一致する内容ハッシュを使う
  ---
  duration_ms: 51.712669
  type: 'test'
  ...
# Subtest: 画面外描画の最適化は長文下部だけに限定し、印刷時に解除する
ok 78 - 画面外描画の最適化は長文下部だけに限定し、印刷時に解除する
  ---
  duration_ms: 0.369679
  type: 'test'
  ...
# Subtest: バージョン付き資産だけを1年間immutableでキャッシュする
ok 79 - バージョン付き資産だけを1年間immutableでキャッシュする
  ---
  duration_ms: 0.262096
  type: 'test'
  ...
# Subtest: 低性能Android相当の定期Lighthouse検査を固定バージョンで実行する
ok 80 - 低性能Android相当の定期Lighthouse検査を固定バージョンで実行する
  ---
  duration_ms: 0.251069
  type: 'test'
  ...
# Subtest: 未参照だった旧共通CSSを公開物に残さない
ok 81 - 未参照だった旧共通CSSを公開物に残さない
  ---
  duration_ms: 0.120061
  type: 'test'
  ...
# Subtest: PRでは秘密情報を使わず一つのジョブで全事前検証を実行する
ok 82 - PRでは秘密情報を使わず一つのジョブで全事前検証を実行する
  ---
  duration_ms: 1.816852
  type: 'test'
  ...
# Subtest: 事前検証は全テストを自動収集し失敗工程を最後にまとめる
ok 83 - 事前検証は全テストを自動収集し失敗工程を最後にまとめる
  ---
  duration_ms: 0.329979
  type: 'test'
  ...
# Subtest: 事前検証は多言語の公開必須ファイル欠損を検出する
ok 84 - 事前検証は多言語の公開必須ファイル欠損を検出する
  ---
  duration_ms: 0.360514
  type: 'test'
  ...
# Subtest: Service Workerの全先読み対象をデプロイ前に検証する
ok 85 - Service Workerの全先読み対象をデプロイ前に検証する
  ---
  duration_ms: 0.257719
  type: 'test'
  ...
# Subtest: 通常の事前検証は生成・圧縮対象を元に戻しデプロイ時だけ保持する
ok 86 - 通常の事前検証は生成・圧縮対象を元に戻しデプロイ時だけ保持する
  ---
  duration_ms: 0.395907
  type: 'test'
  ...
# Subtest: ルートService Workerは画面遷移をネットワーク優先で更新する
ok 87 - ルートService Workerは画面遷移をネットワーク優先で更新する
  ---
  duration_ms: 0.273533
  type: 'test'
  ...
# Subtest: ルートキャッシュ世代は全共有アセット版から自動生成する
ok 88 - ルートキャッシュ世代は全共有アセット版から自動生成する
  ---
  duration_ms: 0.305491
  type: 'test'
  ...
# Subtest: アプリモジュールのキャッシュ世代は改行コードが違っても一致する
ok 89 - アプリモジュールのキャッシュ世代は改行コードが違っても一致する
  ---
  duration_ms: 4.660705
  type: 'test'
  ...
# Subtest: 本番確認は配信されたコミットSHAを完全一致で検証する
ok 90 - 本番確認は配信されたコミットSHAを完全一致で検証する
  ---
  duration_ms: 0.722881
  type: 'test'
  ...
# Subtest: 本番デプロイは実行中ジョブを中断せず待機中の最新版だけを残す
ok 91 - 本番デプロイは実行中ジョブを中断せず待機中の最新版だけを残す
  ---
  duration_ms: 1.534476
  type: 'test'
  ...
# Subtest: HTTP検査は同時接続数を制限し失敗対象だけを再試行する
ok 92 - HTTP検査は同時接続数を制限し失敗対象だけを再試行する
  ---
  duration_ms: 0.317359
  type: 'test'
  ...
# Subtest: 外部Actionは固定SHAで実行しDependabotで月次更新する
ok 93 - 外部Actionは固定SHAで実行しDependabotで月次更新する
  ---
  duration_ms: 0.385011
  type: 'test'
  ...
# Subtest: 新規記事は記事台帳へ一意に登録される
ok 94 - 新規記事は記事台帳へ一意に登録される
  ---
  duration_ms: 1.633365
  type: 'test'
  ...
# Subtest: スーパーウィークリー記事は一般条件と個別条件を分離する
ok 95 - スーパーウィークリー記事は一般条件と個別条件を分離する
  ---
  duration_ms: 2.481205
  type: 'test'
  ...
# Subtest: クエスト記事は対象・購入・ログイン・返金条件を案内する
ok 96 - クエスト記事は対象・購入・ログイン・返金条件を案内する
  ---
  duration_ms: 0.277018
  type: 'test'
  ...
# Subtest: 週次親記事は3制度を比較し日記を主要導線にする
ok 97 - 週次親記事は3制度を比較し日記を主要導線にする
  ---
  duration_ms: 0.261535
  type: 'test'
  ...
# Subtest: 無料獲得記事は無料・追加購入なし・有料条件を混同しない
ok 98 - 無料獲得記事は無料・追加購入なし・有料条件を混同しない
  ---
  duration_ms: 0.311561
  type: 'test'
  ...
# Subtest: 買い切り購入と継続課金の記事は役割を相互案内する
ok 99 - 買い切り購入と継続課金の記事は役割を相互案内する
  ---
  duration_ms: 0.33102
  type: 'test'
  ...
# Subtest: 今回のPlay Points公式記事群へ第三者決済キャンペーンを混入させない
ok 100 - 今回のPlay Points公式記事群へ第三者決済キャンペーンを混入させない
  ---
  duration_ms: 0.898266
  type: 'test'
  ...
# Subtest: 海外向け案内は英語を全世界共通レートとして案内しない
ok 101 - 海外向け案内は英語を全世界共通レートとして案内しない
  ---
  duration_ms: 1.725594
  type: 'test'
  ...
# Subtest: 多言語トップの実行時記事リンクは各言語の記事一覧を指す
ok 102 - 多言語トップの実行時記事リンクは各言語の記事一覧を指す
  ---
  duration_ms: 6.902049
  type: 'test'
  ...
# Subtest: 日本語の必要ポイント例はあとがきにつながる実例1728を保つ
ok 103 - 日本語の必要ポイント例はあとがきにつながる実例1728を保つ
  ---
  duration_ms: 3.606304
  type: 'test'
  ...
# Subtest: 結果カードの見出しだけをブロック化し、金額の内訳は分断しない
ok 104 - 結果カードの見出しだけをブロック化し、金額の内訳は分断しない
  ---
  duration_ms: 0.544802
  type: 'test'
  ...
# Subtest: CSPは計測と広告品質確認で実際に使う接続先を許可する
ok 105 - CSPは計測と広告品質確認で実際に使う接続先を許可する
  ---
  duration_ms: 0.64295
  type: 'test'
  ...
# Subtest: 日記の景品選択には全言語で読み上げ可能な名前がある
ok 106 - 日記の景品選択には全言語で読み上げ可能な名前がある
  ---
  duration_ms: 3.05404
  type: 'test'
  ...
# Subtest: トップページは大きな画像プレビューとOGP画像サイズを明示する
ok 107 - トップページは大きな画像プレビューとOGP画像サイズを明示する
  ---
  duration_ms: 0.916653
  type: 'test'
  ...
# Subtest: 初期操作に必要なアプリモジュールは依存解析前から取得を開始する
ok 108 - 初期操作に必要なアプリモジュールは依存解析前から取得を開始する
  ---
  duration_ms: 1.197778
  type: 'test'
  ...
# Subtest: 日記の重複通知を表示せず、カレンダー登録は残す
ok 109 - 日記の重複通知を表示せず、カレンダー登録は残す
  ---
  duration_ms: 1.149896
  type: 'test'
  ...
# Subtest: 地域差案内は日本語トップでも英語の注意導線として表示する
ok 110 - 地域差案内は日本語トップでも英語の注意導線として表示する
  ---
  duration_ms: 0.998346
  type: 'test'
  ...
# Subtest: 計算方法と検証方針を全言語で本文から確認できる
ok 111 - 計算方法と検証方針を全言語で本文から確認できる
  ---
  duration_ms: 0.824214
  type: 'test'
  ...
# Subtest: 広告と計測は初期表示後に低優先度で読み込む
ok 112 - 広告と計測は初期表示後に低優先度で読み込む
  ---
  duration_ms: 0.256848
  type: 'test'
  ...
# ok - 著者ページのOGP画像は実在する
# ok - 計算機は有限値とHTMLの上下限を検証する
# ok - ルートService WorkerはGETの許可対象だけを安定したキーでキャッシュする
# ok - GAとAdSenseは地域別Consent ModeとGoogle認定CMPに従う
# ok - 計測イベントは同意済みラッパー経由だけで送信する
# ok - ルートService Workerは自分のキャッシュだけを削除対象にする
# ok - ルートService Workerはprecache失敗時に壊れたまま有効化しない
# ok - デプロイ同期は公開不要な運用ファイルを除外する
# ok - JSミニファイは文字列中のスラッシュコメント風テキストを壊さない
# ok - デプロイ時ミニファイはPlayPoint本体・ブログ・ウィジェットを対象にする
# ok - デプロイ前検証はミニファイ後JSの構文を確認する
# ok - CIデプロイはコミット済み成果物だけを公開する
# ok - デプロイ前JS構文検証はGitHub Actions用スクリプトも対象にする
# ok - 多言語トップはJS実行前の主要文言も翻訳済みにする
# ok - 同意済み計測はGA本体ロード前のイベントを短期キューへ保持する
# ok - Xserver同期後に本番スモークテストを実行する
# ok - Xserver同期後に本番SEOヘルスチェックを実行する
# ok - デプロイ検証の変更でもワークフローを実行する
# ok - デプロイ前検証は全テストをミニファイ前後に実行する
# ok - 本番スモークテストの期待文字列は配信元ファイルに存在する
# ok - 本番スモークテストは主要PlayPointページと言語トップを確認する
# Subtest: tests/playpoint-nine-fixes.test.cjs
ok 21 - tests/playpoint-nine-fixes.test.cjs
  ---
  duration_ms: 65.79808
  type: 'test'
  ...
# ok - ステータス選択の初期値はブロンズになる
# ok - 通常計算では現在ステータスから次のランクだけを目標にする
# ok - 前年からランクを引き継いだ場合も目標閾値全体を入力できる
# ok - 直接レートと倍率は代替入力として高い方と採用理由を返す
# ok - 金曜の開始時刻を過ぎたカレンダー登録は翌週を使う
# ok - 月平均の分母は年末までの残日数から切り上げ月数で計算する
# ok - 12月31日でも通常計算は合計必要額を表示する
# ok - 必要ポイントはHTMLの整数制約に違反する小数を拒否する
# ok - 記事件数は言語UI更新後に実際の件数で再描画する
# ok - フッターの運営者リンクは色だけに頼らず下線で区別する
# ok - モバイルのヘッダーリンクは内側余白を含めて画面幅に収める
# ok - デスクトップのトップバーは言語切替と補助リンクを同じ段に収める
# ok - 通常計算の結果は週平均と1日あたりの目安も表示する
# ok - 通常計算の結果は条件別関連記事を最大4件だけ結果の後に表示する
# ok - 計算結果の関連記事は検索意図別LPを優先する
# ok - 計算結果の下には金額や条件に応じた次の判断導線が出る
# ok - 英語トップはJS実行前のファーストビューに日本語の主要文言を残さない
# ok - 英語トップの日記エリアはJS実行前でも英語で読める
# ok - トップのSEO名はGoogle Play Points計算機を主名にし旧名を別名として残す
# ok - 多言語トップの英語名はGoogle Play Points Calculatorを先頭にする
# ok - 検索LPの上部には通常時と倍率別の即答表がある
# ok - READMEと正規化設定は公式URLだけを一次導線にする
# ok - 共有ボタンは結果アクション行にまとめて表示状態を切り替える
# ok - 検索意図別LPは条件付き計算リンクとSEO基本タグを持つ
# ok - ブログRSSとAtomフィードは発見可能で最新記事を含む
# ok - ブログフィード生成は単体でURL正規化・日付順・XMLエスケープを行う
# Successfully synchronized asset versions and dates in sample.html
# ok - HTML同期はアセットバージョンと日付表記を単体で更新する
# ok - HTML置換ヘルパーは日付メタデータと指定アセットだけを更新する
# ok - Service Workerアセット同期は定義済みパスをバージョンキーで更新する
# ok - トップページの更新メタデータ同期は日付と主要アセットだけを更新する
# ok - 多言語生成設定は共通内容の更新日を下回らないメタ行を作る
# ok - 多言語HTML生成は言語別メタ情報と相対パスを同期する
# ok - ダイヤモンド維持LPは最高ランク維持用の条件と文脈に絞る
# ok - キャンペーン/金額LPは日本向けの要約・比較・注意表示を持つ
# ok - ステータス選択の再生成でoptionが重複しない
# ok - 送信XMLサイトマップに登録済みPlay Points記事がすべて含まれている
# ok - トップページは同一URLの英語hreflangを出さない
# ok - 第三者スクリプトは初回操作待ちではなく初期描画後に読み込む
# ok - デプロイ前に全回帰テストを実行する
# ok - デプロイ同期は削除済みファイルを本番からも消す
# ok - テストファイルは本番へ同期しない
# ok - SEO監視はサイトマップ掲載記事も確認する
# ok - Play Pointsの公開canonical URLは送信XMLサイトマップに含める
# ok - blog robots.txtは本番ドメインのサイトマップを指す
# ok - ブログ一覧は記事JSONを正規化してから描画する
# ok - ブログ一覧の記事リンクとサムネイルは許可した相対パスだけを使う
# ok - 記事ページの関連記事も記事JSONを正規化してから描画する
# ok - CSPのscript-srcはhttps全体を許可しない
# ok - 静的配信設定はフィードとローカルフォントを効率よく配信する
# ok - target blankリンクにはnoopener noreferrerを付ける
# ok - blogの再読み込みボタンはインラインonclickを使わない
# ok - blog articles.jsonは実在するPlay Points記事だけを含む
# ok - blog sitemapは登録済みPlay Points記事をすべて含む
# ok - blogと記事ページのローカルリンクは存在するファイルだけを指す
# ok - 記事ページのOGP画像は実ファイルが存在する
# ok - blog SearchActionは実装と同じqパラメータを使う
# ok - blog一覧HTMLはJS実行前でも全記事への静的リンクを持つ
# ok - blogトップは自前のOGP画像とfaviconを使う
# ok - blogトップの説明文は検索結果向けの長さを確保する
# ok - blogの正規URLはindex.htmlを露出しない
# ok - blogトップは外部Google Fontsへ接続しない
# ok - 記事ページの前後ナビは関連記事コンテナが無くても描画される
# ok - blog記事カードクリックをAnalyticsへ送る
# ok - 主要な操作要素は44px以上のタップ領域を持つ
# ok - トップの入力導線は説明を残しつつフォームを圧迫しない
# ok - 狭い画面でも日記タブの文字を省略しない
# ok - 計算と日記保存の完了を個人情報なしでAnalyticsへ送る
# ok - AdSenseタグはConsent Mode設定後に読み込みGoogle認定CMPを起動する
# ok - トップページはブラウザ言語だけでクライアントサイドリダイレクトしない
# ok - ブログのH1はPlay Points攻略記事の検索意図と一致する
# ok - トップページの静的初期表示は古い曜日や年で信頼性を落とさない
# ok - ブログ一覧の静的HTMLは読み込み失敗表示を常時露出しない
# ok - blog articles.jsonは記事ごとのfileキーを1つだけ持つ
# ok - 課金効率記事は煽り表現より条件と注意を前面に出す
# ok - 全記事から有効なGoogle公式ヘルプを確認できる
# ok - 記事HTMLの見出しタグは壊れた属性形式を含まない
# ok - トップページの記事リンクはローカルに存在する公開記事だけを指す
# ok - トップ上部は商業色の強い課金導線を前面に出しすぎない
# ok - 最新情報リンクはヘッダーから外しフッターで維持する
# ok - 計算条件を共有URLへ保存し再訪時に復元できる
# ok - 記事から計算機への導線はセッション参照元を上書きせず計測できる
# ok - 流入施策はLPと結果画面の主要導線を個人情報なしで計測する
# ok - 最新情報ハブは検証日・公式参照・計算機CTAを持つ
# ok - 記事共通CTAは計算機への自然導線と計測文脈を持つ
# ok - 記事末尾CTAは記事文脈ごとに次アクションを出し分ける
# ok - モバイルの補助リンクと共有ボタンは縦に増えすぎない
# ok - モバイル初期表示外の重い領域は遅延描画される
# ok - 記事クラスタは検索意図別LPへ文脈に合う内部リンクを持つ
# ok - ポイント未反映記事は検索意図の即答と計算後導線を上部に持つ
# ok - 外部サイト向け埋め込みウィジェットは依存なしで安全に計算できる
# ok - Analyticsのイベント設計と検証手順が文書化されている
# ok - Service Workerは共有URL機能を含む最新版アセットを事前キャッシュする
# ok - トップページの更新日メタとサイト更新日を用途別に保持する
# ok - サイトマップ同期はトップページ群のlastmodだけを更新する
# ok - 反映タイミング記事は結論と確認手順を見出しで整理する
# ok - CMP起動用のAdSenseタグは二重読み込みしない
# ok - 共有URLは実在するステータス値だけを復元する
# ok - 日記保存イベントはストレージ保存成功時だけ送る
# ok - 記事のAdSenseは本文スクロール後に共通スクリプトから読み込む
# ok - ブログと記事は共通コンポーネントからGA4本体を読み込む
# ok - 共通コンポーネントは既存のヘッダーとフッターを重複生成しない
# ok - 公開されている全記事HTMLが必要なSEOタグと共通AdSense読込を含んでいること
# ok - ブログと記事の変更アセットはバージョン付きURLで配信する
# ok - 記事共通デザインは前後ナビと操作領域とカテゴリー配色を統一する
# ok - ブログのライトテーマとモバイル導線は読みやすさを維持する
# ok - 記事はfaviconを指定しAdSenseが必要とする接続先をCSPで許可する
# ok - 運営者プロフィールは検索可能な独立ページとして公開する
# ok - 全記事は著者ページへリンクしArticle構造化データの著者と発行者を統一する
# ok - ブログ検索タイトルと内部リンクは運営者の専門性を明示する
# ok - サイトマップとSearch Console運用は著者ページと記事群を監視対象にする
# ok - sw.js と各言語版 index.html の style.css バージョンクエリが一致していること
# ok - 多言語HTMLビルド出力の整合性とhreflangの検証
# ok - 海外向けSEOページは主要検索意図ごとに公開可能な構造を持つ
# ok - 海外向けSEOページは既存記事の読み物感と各言語の自然な導線を保つ
# ok - 海外LPは相互hreflangで対応言語とx-defaultを明示する
# ok - 海外向け英語記事は目次と外部化CSSで読みやすさと保守性を保つ
# ok - 海外LPの補助ラベルは各言語に合わせる
# ok - 海外向け韓国語・繁体字記事は公式名寄せのサイト名とプラチナ導線を持つ
# ok - 海外向けSEOは計測対象と追加記事クラスタを持つ
# ok - 国変更・定期購入クラスタは韓国語と繁体字で公式根拠・FAQ・相互hreflangを持つ
# ok - ブロンズ以外のステータスでは、同ランク維持と次のランク昇格が目標に設定される
# ok - 韓国（KR）リージョンの spendUnit 正確性検証
# ok - 削除済みのウィークリーリワード自動差し引きは設定にも計算処理にも残さない
# ok - 平均パック課金額シミュレーションの検証
# ok - 通常還元とキャンペーン還元の差額は既存の購入単位で比較する
# ok - 米国のパック計算は購入ごとのポイントを最も近い整数へ丸める
# ok - 米国の小数パック額は金額全体に還元率を掛けてから購入ごとに丸める
# ok - 海外記事は言語別の記事一覧へ戻り、対応する翻訳版をhreflangで示す
# ok - 国際記事の公開日と更新日は記事データに保持し、生成日で上書きしない
# ok - 海外版の計算結果導線は各言語の実在ページだけを使う
# ok - 海外版トップはJavaScriptなしでも実在する最新情報ハブへリンクする
# ok - 言語トップはURLと異なる保存済み地域設定で表示を上書きしない
# ok - カレンダー登録は固定済みの過去日時を使わない
# ok - 国際記事はビルド日を公開日として上書きしない
# ok - 主要な日本語Play Points記事は検索意図へ答える本文量を保つ
# ok - 断定を避けるべき記事と公式仕様の記事は重要な注意点を保持する
# ok - サイトマップ掲載HTMLは検索結果タイトルと基本SEO要素を保つ
# ok - 国際記事一覧とギフトカード記事は相互hreflangを持つ
# ok - 主要記事のtitleとh1は煽り表現に依存しない
# ok - 修正した記事の一覧タイトルとページtitleは一致する
# ok - 日本語Play Points記事は一覧・OGP・構造化データ・著者メタを同期する
# ok - 更新した記事は一覧・表示・メタデータ・フィード用更新日を一致させる
# ok - フィードは公開日を保ったまま記事の更新日を反映する
# ok - 計算結果のエラー表示とクリアは前回の共有用データを破棄する
# ok - トップの更新日はサイト更新であることを明示する
# ok - 重要記事は2026年時点の公式仕様と判断上の注意を保持する
# ok - 記事共通UIは文脈リンク・主要見出し目次・安定表示を使う
# not ok - 記事一覧の静的リンクはarticles.jsonのタイトルと一致する
# /home/runner/work/PlayPoint/PlayPoint/tests/playpoint-regression.test.cjs:132
#     throw error;
#     ^
# AssertionError [ERR_ASSERTION]: super-weekly-reward の静的リンクタイトルが一覧データと一致しません
#     at /home/runner/work/PlayPoint/PlayPoint/tests/playpoint-regression.test.cjs:2820:12
#     at test (/home/runner/work/PlayPoint/PlayPoint/tests/playpoint-regression.test.cjs:128:5)
#     at Object.<anonymous> (/home/runner/work/PlayPoint/PlayPoint/tests/playpoint-regression.test.cjs:2815:1)
#     at Module._compile (node:internal/modules/cjs/loader:1781:14)
#     at Object..js (node:internal/modules/cjs/loader:1913:10)
#     at Module.load (node:internal/modules/cjs/loader:1505:32)
#     at Function._load (node:internal/modules/cjs/loader:1309:12)
#     at wrapModuleLoad (node:internal/modules/cjs/loader:254:19)
#     at Function.executeUserEntryPoint [as runMain] (node:internal/modules/run_main:171:5)
#     at node:internal/main/run_main_module:36:49 {
#   generatedMessage: false,
#   code: 'ERR_ASSERTION',
#   actual: false,
#   expected: true,
#   operator: '==',
#   diff: 'simple'
# }
# Node.js v22.23.1
# Subtest: tests/playpoint-regression.test.cjs
not ok 22 - tests/playpoint-regression.test.cjs
  ---
  duration_ms: 228.845597
  type: 'test'
  location: '/home/runner/work/PlayPoint/PlayPoint/tests/playpoint-regression.test.cjs:1:1'
  failureType: 'testCodeFailure'
  exitCode: 1
  signal: ~
  error: 'test failed'
  code: 'ERR_TEST_FAILURE'
  ...
# Subtest: 送信するXMLサイトマップ間でURLを重複させない
ok 115 - 送信するXMLサイトマップ間でURLを重複させない
  ---
  duration_ms: 2.972106
  type: 'test'
  ...
# Subtest: ルートサイトマップはPlay Pointsの公開導線だけを扱う
ok 116 - ルートサイトマップはPlay Pointsの公開導線だけを扱う
  ---
  duration_ms: 0.562509
  type: 'test'
  ...
# Subtest: 専用XMLサイトマップへ移したURLをルートへ重ねない
ok 117 - 専用XMLサイトマップへ移したURLをルートへ重ねない
  ---
  duration_ms: 0.65564
  type: 'test'
  ...
# Subtest: Play Pointsブログとフィードに家計記事を混在させない
ok 118 - Play Pointsブログとフィードに家計記事を混在させない
  ---
  duration_ms: 0.765265
  type: 'test'
  ...
# Subtest: 人向けサイトマップはPlay Pointsの案内に集中する
ok 119 - 人向けサイトマップはPlay Pointsの案内に集中する
  ---
  duration_ms: 0.365342
  type: 'test'
  ...
# Subtest: 韓国語トップは為替計算をうたわず実際の入力条件を説明する
ok 120 - 韓国語トップは為替計算をうたわず実際の入力条件を説明する
  ---
  duration_ms: 0.305611
  type: 'test'
  ...
# Subtest: Q&Aは現在のランク判定と計算機の責任範囲を明示する
ok 121 - Q&Aは現在のランク判定と計算機の責任範囲を明示する
  ---
  duration_ms: 0.362237
  type: 'test'
  ...
1..121
# tests 121
# suites 0
# pass 119
# fail 2
# cancelled 0
# skipped 0
# todo 0
# duration_ms 816.635608

事前検証で失敗した工程:
- 全回帰テスト
- 圧縮後の全回帰テスト

PRECHECK_EXIT_STATUS=1
