  type: 'test'
  ...
# Subtest: 日記の重複通知を表示せず、カレンダー登録は残す
ok 208 - 日記の重複通知を表示せず、カレンダー登録は残す
  ---
  duration_ms: 1.467245
  type: 'test'
  ...
# Subtest: 地域差案内は日本語トップでも英語の注意導線として表示する
ok 209 - 地域差案内は日本語トップでも英語の注意導線として表示する
  ---
  duration_ms: 1.531646
  type: 'test'
  ...
# Subtest: 計算方法と検証方針を全言語で本文から確認できる
ok 210 - 計算方法と検証方針を全言語で本文から確認できる
  ---
  duration_ms: 1.428932
  type: 'test'
  ...
# Subtest: 広告と計測は初期表示後に低優先度で読み込む
ok 211 - 広告と計測は初期表示後に低優先度で読み込む
  ---
  duration_ms: 0.397261
  type: 'test'
  ...
# ok - 著者ページのOGP画像は実在する
# ok - 計算機は有限値とHTMLの上下限を検証する
# ok - ルートService WorkerはGETの許可対象だけを安定したキーでキャッシュする
# ok - GAとAdSenseは地域別Consent ModeとGoogle認定CMPに従う
# ok - 計測イベントは共通の同意済みラッパー経由だけで送信する
# ok - ルートService Workerは自分のキャッシュだけを削除対象にする
# ok - ルートService Workerはprecache失敗時に壊れたまま有効化しない
# ok - デプロイ同期は公開不要な運用ファイルをルート限定で除外する
# ok - JSミニファイは文字列中のスラッシュコメント風テキストを壊さない
# ok - デプロイ時ミニファイはPlayPoint本体・ブログ・ウィジェットを対象にする
# ok - デプロイ前検証はミニファイ後JSの構文を確認する
# ok - CIデプロイはコミット済み成果物だけを公開する
# ok - デプロイ前JS構文検証はGitHub Actions用スクリプトも対象にする
# ok - 多言語トップはJS実行前の主要文言も翻訳済みにする
# ok - 同意済み計測はGA本体ロード前のイベントを短期キューへ保持する
# ok - Xserver同期後に本番スモークテストを実行する
# ok - Xserver同期後に本番SEOヘルスチェックを実行する
# ok - デプロイ検証の変更でもワークフローを実行する
# ok - デプロイ前検証は全テストをミニファイ前後に実行する
# ok - 本番スモークテストの期待文字列は配信元ファイルに存在する
# ok - 本番スモークテストは主要PlayPointページと言語トップを確認する
# Subtest: tests/playpoint-nine-fixes.test.cjs
ok 39 - tests/playpoint-nine-fixes.test.cjs
  ---
  duration_ms: 71.983946
  type: 'test'
  ...
# ok - ステータス選択の初期値はブロンズになる
# ok - 通常計算では現在ステータスから次のランクだけを目標にする
# ok - 前年からランクを引き継いだ場合も目標閾値全体を入力できる
# ok - 直接レートと倍率は代替入力として高い方と採用理由を返す
# ok - パック額未入力では購入ごとの丸めを仮定しない概算として表示する
# ok - パック額入力時は購入ごとの四捨五入で必要回数と合計額を計算する
# ok - 1回0ポイントになる購入額は概算へフォールバックせずエラーにする
# ok - 逆算モードは入力額を1回の購入として丸める前提を表示する
# ok - 金曜の開始時刻を過ぎたカレンダー登録は翌週を使う
# ok - 月平均の分母は年末までの残日数から切り上げ月数で計算する
# ok - 12月31日でも通常計算は合計必要額を表示する
# ok - 必要ポイントはHTMLの整数制約に違反する小数を拒否する
# ok - 記事件数は言語UI更新後に実際の件数で再描画する
# ok - フッターの運営者リンクは色だけに頼らず下線で区別する
# ok - モバイルのヘッダーリンクは内側余白を含めて画面幅に収める
# ok - デスクトップのトップバーは言語切替と補助リンクを同じ段に収める
# ok - 通常計算の結果は週平均と1日あたりの目安も表示する
# ok - 通常計算の結果は条件別関連記事を最大4件だけ結果の後に表示する
# ok - 計算結果の関連記事は検索意図別LPを優先する
# ok - 計算結果の下には金額や条件に応じた次の判断導線が出る
# ok - 英語トップはJS実行前のファーストビューに日本語の主要文言を残さない
# ok - 英語トップの日記エリアはJS実行前でも英語で読める
# ok - トップのSEO名はGoogle Play Points計算機を主名にし旧名を別名として残す
# ok - 多言語トップの英語名はGoogle Play Points Calculatorを先頭にする
# ok - 検索LPの上部には通常時と倍率別の即答表がある
# ok - READMEと正規化設定は公式URLだけを一次導線にする
# ok - 共有ボタンは結果アクション行にまとめて表示状態を切り替える
# ok - 検索意図別LPは条件付き計算リンクとSEO基本タグを持つ
# ok - ブログRSSとAtomフィードは発見可能で最新記事を含む
# ok - ブログフィード生成は単体でURL正規化・日付順・XMLエスケープを行う
# Successfully synchronized asset versions and dates in sample.html
# ok - HTML同期はアセットバージョンと日付表記を単体で更新する
# ok - HTML置換ヘルパーは日付メタデータと指定アセットだけを更新する
# ok - Service Workerアセット同期は定義済みパスをバージョンキーで更新する
# ok - トップページの更新メタデータ同期は日付と主要アセットだけを更新する
# ok - 多言語生成設定は共通内容の更新日を下回らないメタ行を作る
# ok - 多言語HTML生成は言語別メタ情報と相対パスを同期する
# ok - ダイヤモンド維持LPは最高ランク維持用の条件と文脈に絞る
# ok - キャンペーン/金額LPは日本向けの要約・比較・注意表示を持つ
# ok - ステータス選択の再生成でoptionが重複しない
# ok - 送信XMLサイトマップに登録済みPlay Points記事がすべて含まれている
# ok - トップページは同一URLの英語hreflangを出さない
# ok - 第三者スクリプトは初回操作待ちではなく初期描画後に読み込む
# ok - デプロイ前に全回帰テストを実行する
# ok - デプロイ同期は削除済み・除外済みファイルを本番からも消す
# ok - テストファイルはルート限定の除外で本番へ同期しない
# ok - SEO監視はサイトマップ掲載記事も確認する
# ok - Play Pointsの公開canonical URLは送信XMLサイトマップに含める
# ok - blog robots.txtは本番ドメインのサイトマップを指す
# ok - ブログ一覧は記事JSONを正規化してから描画する
# ok - ブログ一覧の記事リンクとサムネイルは許可した相対パスだけを使う
# ok - 記事ページの関連記事も記事JSONを正規化してから描画する
# ok - CSPのscript-srcはhttps全体を許可しない
# ok - 静的配信設定はフィードとローカルフォントを効率よく配信する
# ok - target blankリンクにはnoopener noreferrerを付ける
# ok - blogの再読み込みボタンはインラインonclickを使わない
# ok - blog articles.jsonは実在するPlay Points記事だけを含む
# ok - blog sitemapは登録済みPlay Points記事をすべて含む
# ok - blogと記事ページのローカルリンクは存在するファイルだけを指す
# ok - 記事ページのOGP画像は実ファイルが存在する
# ok - blog SearchActionは実装と同じqパラメータを使う
# ok - blog一覧HTMLはJS実行前でも全記事への静的リンクを持つ
# ok - blogトップは自前のOGP画像とfaviconを使う
# ok - blogトップの説明文は検索結果向けの長さを確保する
# ok - blogの正規URLはindex.htmlを露出しない
# ok - blogトップは外部Google Fontsへ接続しない
# ok - 記事ページの前後ナビは関連記事コンテナが無くても描画される
# ok - blog記事カードクリックをAnalyticsへ送る
# ok - 主要な操作要素は44px以上のタップ領域を持つ
# ok - トップの入力導線は説明を残しつつフォームを圧迫しない
# ok - 狭い画面でも日記タブの文字を省略しない
# ok - 計算と日記保存の完了を個人情報なしでAnalyticsへ送る
# ok - AdSenseタグはConsent Mode設定後に読み込みGoogle認定CMPを起動する
# ok - トップページはブラウザ言語だけでクライアントサイドリダイレクトしない
# ok - ブログのH1はPlay Points攻略記事の検索意図と一致する
# ok - トップページの静的初期表示は古い曜日や年で信頼性を落とさない
# ok - ブログ一覧の静的HTMLは読み込み失敗表示を常時露出しない
# ok - blog articles.jsonは記事ごとのfileキーを1つだけ持つ
# ok - 課金効率記事は煽り表現より条件と注意を前面に出す
# ok - 全記事から有効なGoogle公式ヘルプを確認できる
# ok - 記事HTMLの見出しタグは壊れた属性形式を含まない
# ok - トップページの記事リンクはローカルに存在する公開記事だけを指す
# ok - トップ上部は商業色の強い課金導線を前面に出しすぎない
# ok - 最新情報リンクはヘッダーから外しフッターで維持する
# ok - 計算条件を共有URLへ保存し再訪時に復元できる
# ok - 記事から計算機への導線はセッション参照元を上書きせず計測できる
# not ok - 流入施策はLPと結果画面の主要導線を個人情報なしで計測する
# /home/runner/work/PlayPoint/PlayPoint/tests/playpoint-regression.test.cjs:141
#     throw error;
#     ^
# AssertionError [ERR_ASSERTION]: lp_to_calculator_clicked is missing from analytics allowlist
#     at /home/runner/work/PlayPoint/PlayPoint/tests/playpoint-regression.test.cjs:1637:12
#     at test (/home/runner/work/PlayPoint/PlayPoint/tests/playpoint-regression.test.cjs:137:5)
#     at Object.<anonymous> (/home/runner/work/PlayPoint/PlayPoint/tests/playpoint-regression.test.cjs:1614:1)
#     at Module._compile (node:internal/modules/cjs/loader:1781:14)
#     at Object..js (node:internal/modules/cjs/loader:1913:10)
#     at Module.load (node:internal/modules/cjs/loader:1505:32)
#     at Function._load (node:internal/modules/cjs/loader:1309:12)
#     at wrapModuleLoad (node:internal/modules/cjs/loader:254:19)
#     at Function.executeUserEntryPoint [as runMain] (node:internal/modules/run_main:171:5)
#     at node:internal/main/run_main_module:36:49 {
#   generatedMessage: false,
#   code: 'ERR_ASSERTION',
#   actual: false,
#   expected: true,
#   operator: '==',
#   diff: 'simple'
# }
# Node.js v22.23.1
# Subtest: tests/playpoint-regression.test.cjs
not ok 40 - tests/playpoint-regression.test.cjs
  ---
  duration_ms: 230.859886
  type: 'test'
  location: '/home/runner/work/PlayPoint/PlayPoint/tests/playpoint-regression.test.cjs:1:1'
  failureType: 'testCodeFailure'
  exitCode: 1
  signal: ~
  error: 'test failed'
  code: 'ERR_TEST_FAILURE'
  ...
# [repository-integrity] tracked=406 deployable=298 resolved=285
# Subtest: ファイル名はOS差で衝突せず、一時ファイルを追跡しない
ok 214 - ファイル名はOS差で衝突せず、一時ファイルを追跡しない
  ---
  duration_ms: 3.427712
  type: 'test'
  ...
# Subtest: 移設・統合・共通化済みの実体を残さない
ok 215 - 移設・統合・共通化済みの実体を残さない
  ---
  duration_ms: 0.27492
  type: 'test'
  ...
# Subtest: 公開ファイルの内部参照とアンカーは実在する
ok 216 - 公開ファイルの内部参照とアンカーは実在する
  ---
  duration_ms: 0.205679
  type: 'test'
  ...
# Subtest: 全公開HTMLのcanonicalは自己一致し重複しない
ok 217 - 全公開HTMLのcanonicalは自己一致し重複しない
  ---
  duration_ms: 2.905434
  type: 'test'
  ...
# Subtest: 公開コードは旧パス・開発URL・旧ホストを参照しない
ok 218 - 公開コードは旧パス・開発URL・旧ホストを参照しない
  ---
  duration_ms: 17.07461
  type: 'test'
  ...
# Subtest: 公開画像の実形式とHTTP配信形式を一致させる
ok 219 - 公開画像の実形式とHTTP配信形式を一致させる
  ---
  duration_ms: 13.112487
  type: 'test'
  ...
# Subtest: 未参照アセットと内容が完全重複する公開ファイルを残さない
ok 220 - 未参照アセットと内容が完全重複する公開ファイルを残さない
  ---
  duration_ms: 33.029892
  type: 'test'
  ...
# Subtest: READMEとPWAメタデータは現行機能を説明する
ok 221 - READMEとPWAメタデータは現行機能を説明する
  ---
  duration_ms: 0.445442
  type: 'test'
  ...
# Subtest: 送信するXMLサイトマップ間でURLを重複させない
ok 222 - 送信するXMLサイトマップ間でURLを重複させない
  ---
  duration_ms: 4.217656
  type: 'test'
  ...
# Subtest: ルートサイトマップはPlay Pointsの公開導線だけを扱う
ok 223 - ルートサイトマップはPlay Pointsの公開導線だけを扱う
  ---
  duration_ms: 0.749768
  type: 'test'
  ...
# Subtest: 専用XMLサイトマップへ移したURLをルートへ重ねない
ok 224 - 専用XMLサイトマップへ移したURLをルートへ重ねない
  ---
  duration_ms: 1.20062
  type: 'test'
  ...
# Subtest: Play Pointsブログとフィードに家計記事を混在させない
ok 225 - Play Pointsブログとフィードに家計記事を混在させない
  ---
  duration_ms: 2.092838
  type: 'test'
  ...
# Subtest: 人向けサイトマップはPlay Pointsの案内に集中する
ok 226 - 人向けサイトマップはPlay Pointsの案内に集中する
  ---
  duration_ms: 0.494024
  type: 'test'
  ...
# Subtest: 韓国語トップは為替計算をうたわず実際の入力条件を説明する
ok 227 - 韓国語トップは為替計算をうたわず実際の入力条件を説明する
  ---
  duration_ms: 0.390508
  type: 'test'
  ...
# Subtest: Q&Aは現在のランク判定と計算機の責任範囲を明示する
ok 228 - Q&Aは現在のランク判定と計算機の責任範囲を明示する
  ---
  duration_ms: 0.410105
  type: 'test'
  ...
# Subtest: 旧HTMLを5項目の静的レイアウトへ安全に変換できる
ok 229 - 旧HTMLを5項目の静的レイアウトへ安全に変換できる
  ---
  duration_ms: 5.139208
  type: 'test'
  ...
# Subtest: 4言語の公開HTMLはJavaScript実行前から5項目と専用ラベルを持つ
ok 230 - 4言語の公開HTMLはJavaScript実行前から5項目と専用ラベルを持つ
  ---
  duration_ms: 2.877481
  type: 'test'
  ...
# Subtest: 多言語生成処理は通常計算専用ラベルを一般翻訳と分離する
ok 231 - 多言語生成処理は通常計算専用ラベルを一般翻訳と分離する
  ---
  duration_ms: 0.399726
  type: 'test'
  ...
# Subtest: UIモジュールの旧HTML向けフォールバックと静的HTML向け早期終了を維持する
ok 232 - UIモジュールの旧HTML向けフォールバックと静的HTML向け早期終了を維持する
  ---
  duration_ms: 0.342007
  type: 'test'
  ...
# Subtest: UIモジュールは内容ハッシュ付きで読み込み、Service Workerも即時更新確認する
ok 233 - UIモジュールは内容ハッシュ付きで読み込み、Service Workerも即時更新確認する
  ---
  duration_ms: 0.76098
  type: 'test'
  ...
# Subtest: 未バージョンJavaScriptだけを短期再検証し、v付き資産はimmutableにする
ok 234 - 未バージョンJavaScriptだけを短期再検証し、v付き資産はimmutableにする
  ---
  duration_ms: 0.329353
  type: 'test'
  ...
# Subtest: 静的生成辞書は多言語フッターの全リンク文言を持つ
ok 235 - 静的生成辞書は多言語フッターの全リンク文言を持つ
  ---
  duration_ms: 1.480861
  type: 'test'
  ...
# Subtest: 3言語トップはJavaScript実行前からウィジェット名が翻訳されている
ok 236 - 3言語トップはJavaScript実行前からウィジェット名が翻訳されている
  ---
  duration_ms: 8.399765
  type: 'test'
  ...
# Subtest: フィード名と年次グラフの読み上げ文言を各言語で静的生成する
ok 237 - フィード名と年次グラフの読み上げ文言を各言語で静的生成する
  ---
  duration_ms: 4.356529
  type: 'test'
  ...
# Subtest: 多言語トップの利用者向け静的文言へ別言語の文字が混入しない
ok 238 - 多言語トップの利用者向け静的文言へ別言語の文字が混入しない
  ---
  duration_ms: 2.502673
  type: 'test'
  ...
1..238
# tests 238
# suites 0
# pass 236
# fail 2
# cancelled 0
# skipped 0
# todo 0
# duration_ms 1419.275638

=== 公開記事の検索意図・内部リンク正規化 ===
記事検索意図・内部リンク監査: 140件
変更: 15件 / 役割注記: 6件 / 関連記事追加: 9件
全記事の関連記事と競合境界が整合しています。

=== 公開記事の検索意図・内部リンク検証 ===
記事検索意図・内部リンク監査: 140件
変更: 0件 / 役割注記: 0件 / 関連記事追加: 0件
全記事の関連記事と競合境界が整合しています。

=== 公開記事SEO正規化 ===
記事SEO正規化: 140件確認、140件更新対象
- FAQPage本文同期: 17件
- 可視FAQなしのFAQPage除去: 101件
- max-image-preview:large更新: 140件

=== 公開記事SEO正規化後検証 ===
記事SEO正規化: 140件確認、0件更新対象
- FAQPage本文同期: 0件
- 可視FAQなしのFAQPage除去: 0件
- max-image-preview:large更新: 0件

事前検証で失敗した工程:
- 全回帰テスト
- 圧縮後の全回帰テスト
